******************************************************************************
                  TI ARM Linker PC v20.2.7                     
******************************************************************************
>> Linked Thu Apr 23 21:15:15 2026

OUTPUT FILE NAME:   <IotProject1.out>
ENTRY POINT SYMBOL: "_c_int00_noargs"  address: 000088ad


MEMORY CONFIGURATION

         name            origin    length      used     unused   attr    fill
----------------------  --------  ---------  --------  --------  ----  --------
  FLASH                 00000000   00040000  00008d88  00037278  R  X
  SRAM                  20000000   00008000  0000171b  000068e5  RW X


SEGMENT ALLOCATION MAP

run origin  load origin   length   init length attrs members
----------  ----------- ---------- ----------- ----- -------
00000000    00000000    00008d88   00008d88    r-x
  00000000    00000000    0000026c   0000026c    r-- .intvecs
  0000026c    0000026c    000088f4   000088f4    r-x .text
  00008b60    00008b60    000001e0   000001e0    r-- .const
  00008d40    00008d40    00000048   00000048    r-- .cinit
20000000    20000000    0000171b   00000000    rw-
  20000000    20000000    00001000   00000000    rw- .stack
  20001000    20001000    000006bc   00000000    rw- .bss
  200016bc    200016bc    0000005f   00000000    rw- .data


SECTION ALLOCATION MAP

 output                                  attributes/
section   page    origin      length       input sections
--------  ----  ----------  ----------   ----------------
.intvecs   0    00000000    0000026c     
                  00000000    0000026c     tm4c123gh6pm_startup_ccs.obj (.intvecs)

.text      0    0000026c    000088f4     
                  0000026c    00000f9c     ethernet.obj (.text)
                  00001208    00000ef8     dhcp.obj (.text)
                  00002100    00000b14     rtsv7M4_T_le_v4SPD16_eabi.lib : _scanfi.c.obj (.text:__TI_scanfi)
                  00002c14    00000a60     tcp.obj (.text)
                  00003674    00000a4e     rtsv7M4_T_le_v4SPD16_eabi.lib : _printfi.c.obj (.text:__TI_printfi)
                  000040c2    00000002                                   : _lock.c.obj (.text:_nop)
                  000040c4    00000808     gpio.obj (.text)
                  000048cc    00000714     eth0.obj (.text)
                  00004fe0    0000060c     mqtt.obj (.text)
                  000055ec    000004ac     ip.obj (.text)
                  00005a98    00000460     rtsv7M4_T_le_v4SPD16_eabi.lib : strtod.c.obj (.text:strtod)
                  00005ef8    00000338     timer.obj (.text)
                  00006230    000002f4     arp.obj (.text)
                  00006524    000002e0     socket.obj (.text)
                  00006804    000002d2     udp.obj (.text)
                  00006ad6    00000002     rtsv7M4_T_le_v4SPD16_eabi.lib : div0.asm.obj (.text)
                  00006ad8    00000270                                   : _printfi.c.obj (.text:_pconv_a)
                  00006d48    000001dc                                   : strtoll.c.obj (.text:strtoll)
                  00006f24    000001d0                                   : _printfi.c.obj (.text:_pconv_g)
                  000070f4    000001b6                                   : fd_add_t2.asm.obj (.text)
                  000072aa    00000160     icmp.obj (.text)
                  0000740a    00000002     --HOLE-- [fill = 0]
                  0000740c    00000160     spi0.obj (.text)
                  0000756c    0000015c     rtsv7M4_T_le_v4SPD16_eabi.lib : strtoull.c.obj (.text:strtoull)
                  000076c8    0000013c                                   : _printfi.c.obj (.text:_pconv_e)
                  00007804    00000136                                   : fd_div_t2.asm.obj (.text)
                  0000793a    00000002     --HOLE-- [fill = 0]
                  0000793c    00000130                                   : strtol.c.obj (.text:strtol)
                  00007a6c    00000128     uart0.obj (.text)
                  00007b94    00000124     rtsv7M4_T_le_v4SPD16_eabi.lib : _printfi.c.obj (.text:fcvt)
                  00007cb8    00000110                                   : s_scalbn.c.obj (.text:scalbn)
                  00007dc8    00000110                                   : strtoul.c.obj (.text:strtoul)
                  00007ed8    000000fc                                   : fd_mul_t2.asm.obj (.text)
                  00007fd4    000000b1                                   : _printfi.c.obj (.text:_ltostr)
                  00008085    00000001     --HOLE-- [fill = 0]
                  00008086    0000009c                                   : memcpy_t2.asm.obj (.text)
                  00008122    00000096                                   : ull_div_t2.asm.obj (.text)
                  000081b8    00000086                                   : fd_cmp_t2.asm.obj (.text:__aeabi_cdcmple)
                  0000823e    00000086                                   : fd_cmp_t2.asm.obj (.text:__aeabi_cdrcmple)
                  000082c4    00000084     eeprom.obj (.text)
                  00008348    0000007a     rtsv7M4_T_le_v4SPD16_eabi.lib : memset_t2.asm.obj (.text)
                  000083c2    0000006e                                   : _printfi.c.obj (.text:_mcpy)
                  00008430    0000006e                                   : fd_tos_t2.asm.obj (.text)
                  0000849e    00000002     --HOLE-- [fill = 0]
                  000084a0    00000068                                   : sscanf.c.obj (.text:_chkmbc)
                  00008508    00000068                                   : copy_decompress_lzss.c.obj (.text:decompress:lzss:__TI_decompress_lzss)
                  00008570    00000064                                   : s_frexp.c.obj (.text:frexp)
                  000085d4    00000056                                   : _printfi.c.obj (.text:_pconv_f)
                  0000862a    00000054                                   : _ltoa.c.obj (.text:__TI_ltoa)
                  0000867e    00000052                                   : _printfi.c.obj (.text:_ecpy)
                  000086d0    0000004c                                   : atoi.c.obj (.text:atoi)
                  0000871c    0000004c                                   : snprintf.c.obj (.text:snprintf)
                  00008768    00000048                                   : fd_toi_t2.asm.obj (.text)
                  000087b0    00000044                                   : autoinit.c.obj (.text:__TI_auto_init_nobinit_nopinit:__TI_auto_init_nobinit_nopinit)
                  000087f4    00000040                                   : strtok.c.obj (.text:strtok)
                  00008834    0000003e                                   : _printfi.c.obj (.text:_fcpy)
                  00008872    00000002     --HOLE-- [fill = 0]
                  00008874    00000038                                   : sscanf.c.obj (.text:sscanf)
                  000088ac    00000034                                   : boot_cortex_m.c.obj (.text:_c_int00_noargs:_c_int00_noargs)
                  000088e0    00000034                                   : rand.c.obj (.text:rand)
                  00008914    00000030                                   : snprintf.c.obj (.text:_outs)
                  00008944    0000002e                                   : i_tofd_t2.asm.obj (.text)
                  00008972    0000002a                                   : strspn.c.obj (.text:strspn)
                  0000899c    00000024                                   : memcmp.c.obj (.text:memcmp)
                  000089c0    00000024                                   : strcspn.c.obj (.text:strcspn)
                  000089e4    00000024     wait.obj (.text)
                  00008a08    0000001c     rtsv7M4_T_le_v4SPD16_eabi.lib : memccpy.c.obj (.text:memccpy)
                  00008a24    0000001a                                   : s_copysign.c.obj (.text:copysign)
                  00008a3e    00000018                                   : snprintf.c.obj (.text:_outc)
                  00008a56    00000018                                   : ll_mul_t2.asm.obj (.text)
                  00008a6e    00000018                                   : strcmp.c.obj (.text:strcmp)
                  00008a86    00000018                                   : strrchr.c.obj (.text:strrchr)
                  00008a9e    00000016                                   : strchr.c.obj (.text:strchr)
                  00008ab4    00000014                                   : strcpy.c.obj (.text:strcpy)
                  00008ac8    00000014                                   : strlen.c.obj (.text:strlen)
                  00008adc    00000012                                   : sscanf.c.obj (.text:_inpchar)
                  00008aee    00000012                                   : wcslen.c.obj (.text:wcslen)
                  00008b00    00000010     clock.obj (.text)
                  00008b10    00000010     rtsv7M4_T_le_v4SPD16_eabi.lib : tolower.c.obj (.text:tolower)
                  00008b20    0000000e                                   : copy_decompress_none.c.obj (.text:decompress:none:__TI_decompress_none)
                  00008b2e    0000000c                                   : copy_zero_init.c.obj (.text:decompress:ZI:__TI_zero_init)
                  00008b3a    0000000c     tm4c123gh6pm_startup_ccs.obj (.text)
                  00008b46    00000002     --HOLE-- [fill = 0]
                  00008b48    00000008     rtsv7M4_T_le_v4SPD16_eabi.lib : errno.c.obj (.text:__aeabi_errno_addr)
                  00008b50    00000008                                   : sscanf.c.obj (.text:_uninpchar)
                  00008b58    00000004                                   : pre_init.c.obj (.text:_system_pre_init)
                  00008b5c    00000004                                   : exit.c.obj (.text:abort:abort)

.const     0    00008b60    000001e0     
                  00008b60    00000101     rtsv7M4_T_le_v4SPD16_eabi.lib : ctype.c.obj (.const:.string:_ctypes_)
                  00008c61    00000004     dhcp.obj (.const:.string:$P$T0$1)
                  00008c65    00000001     --HOLE-- [fill = 0]
                  00008c66    00000002     ethernet.obj (.const:$P$T0$1)
                  00008c68    000000c8     rtsv7M4_T_le_v4SPD16_eabi.lib : strtod.c.obj (.const:$O1$$)
                  00008d30    00000010                                   : _scanfi.c.obj (.const:$O1$$)

.cinit     0    00008d40    00000048     
                  00008d40    00000022     (.cinit..data.load) [load image, compression = lzss]
                  00008d62    00000002     --HOLE-- [fill = 0]
                  00008d64    0000000c     (__TI_handler_table)
                  00008d70    00000008     (.cinit..bss.load) [load image, compression = zero_init]
                  00008d78    00000010     (__TI_cinit_table)

.init_array 
*          0    00000000    00000000     UNINITIALIZED

.bss       0    20001000    000006bc     UNINITIALIZED
                  20001000    00000190     (.common:fn)
                  20001190    00000190     (.common:period)
                  20001320    00000190     (.common:ticks)
                  200014b0    00000118     (.common:sockets)
                  200015c8    00000064     (.common:reload)
                  2000162c    00000054     (.common:strInput)
                  20001680    0000001c     dhcp.obj (.bss:dhcpSocket)
                  2000169c    00000008     (.common:dhcpServerHwAddress)
                  200016a4    00000008     (.common:tcpPorts)
                  200016ac    00000004     (.common:dhcpOfferedIpAdd)
                  200016b0    00000004     (.common:dhcpServerIpAdd)
                  200016b4    00000004     (.common:tcpState)
                  200016b8    00000004     (.common:token)

.data      0    200016bc    0000005f     UNINITIALIZED
                  200016bc    0000001e     dhcp.obj (.data)
                  200016da    00000001     ethernet.obj (.data)
                  200016db    00000001     tcp.obj (.data)
                  200016dc    0000000a     mqtt.obj (.data)
                  200016e6    00000002     --HOLE--
                  200016e8    00000008     rtsv7M4_T_le_v4SPD16_eabi.lib : _lock.c.obj (.data:$O1$$)
                  200016f0    00000006     eth0.obj (.data:hwAddress)
                  200016f6    00000004     ip.obj (.data:ipAddress)
                  200016fa    00000004     ip.obj (.data:ipDnsAddress)
                  200016fe    00000004     ip.obj (.data:ipGwAddress)
                  20001702    00000004     ip.obj (.data:ipSubnetMask)
                  20001706    00000004     ip.obj (.data:ipTimeServerAddress)
                  2000170a    00000002     --HOLE--
                  2000170c    00000004     rtsv7M4_T_le_v4SPD16_eabi.lib : errno.c.obj (.data)
                  20001710    00000004                                   : rand.c.obj (.data)
                  20001714    00000004                                   : strtok.c.obj (.data)
                  20001718    00000003     eth0.obj (.data)

.stack     0    20000000    00001000     UNINITIALIZED
                  20000000    00000004     rtsv7M4_T_le_v4SPD16_eabi.lib : boot_cortex_m.c.obj (.stack)
                  20000004    00000ffc     --HOLE--

__llvm_prf_cnts 
*          0    20000000    00000000     UNINITIALIZED

MODULE SUMMARY

       Module                         code    ro data   rw data
       ------                         ----    -------   -------
    .\
       ethernet.obj                   3996    2         89     
       dhcp.obj                       3832    4         74     
       tcp.obj                        2656    0         13     
       timer.obj                      824     0         1300   
       gpio.obj                       2056    0         0      
       eth0.obj                       1812    0         9      
       mqtt.obj                       1548    0         10     
       ip.obj                         1196    0         20     
       socket.obj                     736     0         280    
       arp.obj                        756     0         0      
       udp.obj                        722     0         0      
       tm4c123gh6pm_startup_ccs.obj   12      620       0      
       icmp.obj                       352     0         0      
       spi0.obj                       352     0         0      
       uart0.obj                      296     0         0      
       eeprom.obj                     132     0         0      
       wait.obj                       36      0         0      
       clock.obj                      16      0         0      
    +--+------------------------------+-------+---------+---------+
       Total:                         21330   626       1795   
                                                               
    C:\ti\ccs1281\ccs\tools\compiler\ti-cgt-arm_20.2.7.LTS\lib\rtsv7M4_T_le_v4SPD16_eabi.lib
       _printfi.c.obj                 4851    0         0      
       _scanfi.c.obj                  2836    16        0      
       strtod.c.obj                   1120    200       0      
       strtoll.c.obj                  476     0         0      
       fd_add_t2.asm.obj              438     0         0      
       strtoull.c.obj                 348     0         0      
       fd_div_t2.asm.obj              310     0         0      
       strtol.c.obj                   304     0         0      
       s_scalbn.c.obj                 272     0         0      
       strtoul.c.obj                  272     0         0      
       fd_cmp_t2.asm.obj              268     0         0      
       ctype.c.obj                    0       257       0      
       fd_mul_t2.asm.obj              252     0         0      
       sscanf.c.obj                   186     0         0      
       memcpy_t2.asm.obj              156     0         0      
       ull_div_t2.asm.obj             150     0         0      
       snprintf.c.obj                 148     0         0      
       memset_t2.asm.obj              122     0         0      
       fd_tos_t2.asm.obj              110     0         0      
       copy_decompress_lzss.c.obj     104     0         0      
       s_frexp.c.obj                  100     0         0      
       _ltoa.c.obj                    84      0         0      
       atoi.c.obj                     76      0         0      
       fd_toi_t2.asm.obj              72      0         0      
       autoinit.c.obj                 68      0         0      
       strtok.c.obj                   64      0         4      
       rand.c.obj                     52      0         4      
       boot_cortex_m.c.obj            52      0         0      
       i_tofd_t2.asm.obj              46      0         0      
       strspn.c.obj                   42      0         0      
       memcmp.c.obj                   36      0         0      
       strcspn.c.obj                  36      0         0      
       memccpy.c.obj                  28      0         0      
       s_copysign.c.obj               26      0         0      
       ll_mul_t2.asm.obj              24      0         0      
       strcmp.c.obj                   24      0         0      
       strrchr.c.obj                  24      0         0      
       strchr.c.obj                   22      0         0      
       strcpy.c.obj                   20      0         0      
       strlen.c.obj                   20      0         0      
       wcslen.c.obj                   18      0         0      
       tolower.c.obj                  16      0         0      
       copy_decompress_none.c.obj     14      0         0      
       copy_zero_init.c.obj           12      0         0      
       errno.c.obj                    8       0         4      
       _lock.c.obj                    2       0         8      
       exit.c.obj                     4       0         0      
       pre_init.c.obj                 4       0         0      
       div0.asm.obj                   2       0         0      
    +--+------------------------------+-------+---------+---------+
       Total:                         13719   473       20     
                                                               
       Stack:                         0       0         4096   
       Linker Generated:              0       70        0      
    +--+------------------------------+-------+---------+---------+
       Grand Total:                   35049   1169      5911   


LINKER GENERATED COPY TABLES

__TI_cinit_table @ 00008d78 records: 2, size/record: 8, table size: 16
	.data: load addr=00008d40, load size=00000022 bytes, run addr=200016bc, run size=0000005f bytes, compression=lzss
	.bss: load addr=00008d70, load size=00000008 bytes, run addr=20001000, run size=000006bc bytes, compression=zero_init


LINKER GENERATED HANDLER TABLE

__TI_handler_table @ 00008d64 records: 3, size/record: 4, table size: 12
	index: 0, handler: __TI_decompress_lzss
	index: 1, handler: __TI_decompress_none
	index: 2, handler: __TI_zero_init


GLOBAL SYMBOLS: SORTED ALPHABETICALLY BY Name 

address   name                          
-------   ----                          
00008b5d  C$$EXIT                       
00008b3b  ResetISR                      
000010b5  Timer4A_Handler               
20001000  __STACK_END                   
00001000  __STACK_SIZE                  
20000200  __STACK_TOP                   
00008d78  __TI_CINIT_Base               
00008d88  __TI_CINIT_Limit              
00008d64  __TI_Handler_Table_Base       
00008d70  __TI_Handler_Table_Limit      
000087b1  __TI_auto_init_nobinit_nopinit
00008509  __TI_decompress_lzss          
00008b21  __TI_decompress_none          
0000862b  __TI_ltoa                     
ffffffff  __TI_pprof_out_hndl           
00003675  __TI_printfi                  
ffffffff  __TI_prof_data_size           
ffffffff  __TI_prof_data_start          
00002101  __TI_scanfi                   
00000000  __TI_static_base__            
00008b2f  __TI_zero_init                
000081b9  __aeabi_cdcmpeq               
000081b9  __aeabi_cdcmple               
0000823f  __aeabi_cdrcmple              
00008431  __aeabi_d2f                   
00008769  __aeabi_d2iz                  
000070ff  __aeabi_dadd                  
00007805  __aeabi_ddiv                  
00007ed9  __aeabi_dmul                  
000070f5  __aeabi_dsub                  
00008b49  __aeabi_errno_addr            
00008945  __aeabi_i2d                   
00006ad7  __aeabi_idiv0                 
00006ad7  __aeabi_ldiv0                 
00008a57  __aeabi_lmul                  
00008349  __aeabi_memclr                
00008349  __aeabi_memclr4               
00008349  __aeabi_memclr8               
00008087  __aeabi_memcpy                
00008087  __aeabi_memcpy4               
00008087  __aeabi_memcpy8               
0000834b  __aeabi_memset                
0000834b  __aeabi_memset4               
0000834b  __aeabi_memset8               
00008123  __aeabi_uldivmod              
ffffffff  __binit__                     
ffffffff  __c_args__                    
UNDEFED   __mpu_init                    
20000000  __stack                       
20000000  __start___llvm_prf_cnts       
20000000  __stop___llvm_prf_cnts        
000088ad  _c_int00_noargs               
00008b60  _ctypes_                      
200016e8  _lock                         
000040c3  _nop                          
UNDEFED   _system_post_cinit            
00008b59  _system_pre_init              
200016ec  _unlock                       
00008b5d  abort                         
200016c3  arpRequestSent                
000006c3  asciiToUint8                  
000086d1  atoi                          
ffffffff  binit                         
00005a53  calcIpChecksum                
00001223  callbackDhcpGetNewAddressTimer
0000138f  callbackDhcpIpConflictWindow  
000012f9  callbackDhcpLeaseEndTimer     
000012ab  callbackDhcpT1HitTimer        
000012a9  callbackDhcpT1PeriodicTimer   
000012d3  callbackDhcpT2HitTimer        
000012d1  callbackDhcpT2PeriodicTimer   
0000498b  clearEtherReg                 
00004719  clearPinInterrupt             
0000520d  connectMqtt                   
00008a25  copysign                      
00008a25  copysignl                     
200016da  count                         
000065c7  deleteSocket                  
200016d9  dhcpEnabled                   
200016ac  dhcpOfferedIpAdd              
2000169c  dhcpServerHwAddress           
200016b0  dhcpServerIpAdd               
200016d8  dhcpState                     
00001f41  disableDhcp                   
000048e3  disableEtherCs                
000046f5  disablePinInterrupt           
0000442d  disablePinPulldown            
000043e5  disablePinPullup              
00004181  disablePort                   
000055ad  disconnectMqtt                
200016c0  discoverNeeded                
000002ad  displayConnectionInfo         
00001f0d  enableDhcp                    
000048cd  enableEtherCs                 
000046d1  enablePinInterrupt            
00004409  enablePinPulldown             
000043b7  enablePinPullup               
000040c5  enablePort                    
2000170c  errno                         
20001000  fn                            
00008571  frexp                         
00008571  frexpl                        
00000000  g_pfnVectors                  
00001409  getDhcpLeaseSeconds           
00001979  getDhcpOption                 
0000121d  getDhcpState                  
00004ee7  getEtherId                    
00004f81  getEtherMacAddress            
00004cc1  getEtherPacket                
0000571d  getIpAddress                  
00005a21  getIpChecksum                 
00005879  getIpDnsAddress               
00005805  getIpGatewayAddress           
00005965  getIpMqttBrokerAddress        
00005791  getIpSubnetMask               
000058ed  getIpTimeServerAddress        
00004787  getPinValue                   
0000483d  getPortValue                  
0000662f  getSocketInfoFromArpResponse  
00006751  getSocketInfoFromTcpPacket    
000066a7  getSocketInfoFromUdpPacket    
00002c31  getTcpState                   
000068ad  getUdpData                    
00007b43  getcUart0                     
00001add  handleDhcpAck                 
00004ebb  htonl                         
00004e97  htons                         
200016f0  hwAddress                     
00004ef3  incEtherId                    
000082c5  initEeprom                    
00004ad7  initEther                     
0000026d  initHw                        
00006525  initSockets                   
0000740d  initSpi0                      
00008b01  initSystemClockTo40Mhz        
00005ef9  initTimer                     
00007a6d  initUart0                     
200016f6  ipAddress                     
200016c4  ipConflictDetected            
200016c5  ipConflictDetectionMode       
200016fa  ipDnsAddress                  
200016fe  ipGwAddress                   
20001702  ipSubnetMask                  
20001706  ipTimeServerAddress           
00006231  isArpRequest                  
000062d5  isArpResponse                 
00001a77  isDhcpAck                     
00001ba1  isDhcpDiscoverNeeded          
00001f4f  isDhcpEnabled                 
00001403  isDhcpIpConflictDetectionMode 
000019e5  isDhcpOffer                   
00001bb1  isDhcpReleaseNeeded           
00001bad  isDhcpRequestNeeded           
00001435  isDhcpResponse                
00004c77  isEtherDataAvailable          
00004c5d  isEtherLinkUp                 
00004c91  isEtherOverflow               
000055ed  isIp                          
0000565d  isIpUnicast                   
000056bd  isIpValid                     
000072ab  isPingRequest                 
00002c45  isTcp                         
00002cbd  isTcpAck                      
00002f35  isTcpPortOpen                 
00002c71  isTcpSyn                      
00006805  isUdp                         
00007b57  kbhitUart0                    
00007cb9  ldexp                         
00007cb9  ldexpl                        
200016c8  leaseSeconds                  
200016cc  leaseT1                       
200016d4  leaseT2                       
00000e4d  main                          
00008a09  memccpy                       
0000899d  memcmp                        
00008087  memcpy                        
00008351  memset                        
200016e5  mqttConnectSent               
200016e4  mqttConnected                 
200016e0  mqttSocket                    
200016dc  mqttState                     
00004fe1  mqtt_ping                     
0000655d  newSocket                     
20001718  nextPacketLsb                 
20001719  nextPacketMsb                 
20001190  period                        
00001ed5  processDhcpArpResponse        
00001d7d  processDhcpResponse           
0000076d  processShell                  
00002ed5  processTcpArpResponse         
00002d19  processTcpResponse            
000055af  publishMqtt                   
00004db1  putEtherPacket                
00007afb  putcUart0                     
00007b17  putsUart0                     
000088e1  rand                          
000061f3  random32                      
00000603  readConfiguration             
0000830d  readEeprom                    
00004abf  readEtherMem                  
00004a13  readEtherPhy                  
00004925  readEtherReg                  
00007545  readSpi0Data                  
000012cf  rebindDhcp                    
00001351  releaseDhcp                   
200016c2  releaseNeeded                 
200015c8  reload                        
0000123d  renewDhcp                     
200016d0  renewRequestSent              
000013d5  requestDhcpIpConflictTest     
0000123b  requestDhcpNewAddress         
200016c1  requestNeeded                 
0000610b  restartTimer                  
00007cb9  scalbn                        
00007cb9  scalbnl                       
000042eb  selectPinAnalogInput          
0000429d  selectPinDigitalInput         
00004607  selectPinInterruptBothEdges   
000045b7  selectPinInterruptFallingEdge 
0000465d  selectPinInterruptHighLevel   
00004697  selectPinInterruptLowLevel    
00004567  selectPinInterruptRisingEdge  
0000424f  selectPinOpenDrainOutput      
00004201  selectPinPushPullOutput       
00006407  sendArpRequest                
00006329  sendArpResponse               
000015f1  sendDhcpMessage               
00001bf1  sendDhcpPendingMessages       
000072ef  sendPingRequest               
000072fb  sendPingResponse              
000030a9  sendTcpMessage                
00002d09  sendTcpPendingMessages        
00002fa1  sendTcpResponse               
000068d9  sendUdpMessage                
2000171a  sequenceId                    
00001209  setDhcpState                  
000049bf  setEtherBank                  
00004efd  setEtherMacAddress            
00004957  setEtherReg                   
000056e3  setIpAddress                  
0000583f  setIpDnsAddress               
000057cb  setIpGatewayAddress           
00005927  setIpMqttBrokerAddress        
00005757  setIpSubnetMask               
000058b3  setIpTimeServerAddress        
00004455  setPinAuxFunction             
0000433b  setPinCommitControl           
0000473d  setPinValue                   
000047c5  setPortValue                  
000074a9  setSpi0BaudRate               
000074df  setSpi0Mode                   
00002edf  setTcpPortList                
00002c15  setTcpState                   
00007ab7  setUart0BaudRate              
0000871d  snprintf                      
200014b0  sockets                       
00008875  sscanf                        
00004aad  startEtherMemRead             
00004a7f  startEtherMemWrite            
00005f99  startOneshotTimer             
0000601f  startPeriodicTimer            
00004acf  stopEtherMemRead              
00004aa5  stopEtherMemWrite             
000060a5  stopTimer                     
2000162c  strInput                      
00008a9f  strchr                        
00008a6f  strcmp                        
00008ab5  strcpy                        
000089c1  strcspn                       
00008ac9  strlen                        
00008a87  strrchr                       
00008973  strspn                        
00005a99  strtod                        
000087f5  strtok                        
0000793d  strtol                        
00005a99  strtold                       
00006d49  strtoll                       
00007dc9  strtoul                       
0000756d  strtoull                      
000055bb  subscribeMqtt                 
000059ad  sumIpWords                    
000033df  tcpConnect                    
200016db  tcpPortCount                  
200016a4  tcpPorts                      
200016b4  tcpState                      
00006179  tickIsr                       
20001320  ticks                         
00004763  togglePinValue                
200016b8  token                         
00008b11  tolower                       
000055c5  unsubscribeMqtt               
000089e5  waitMicrosecond               
00008aef  wcslen                        
000082db  writeEeprom                   
00004a91  writeEtherMem                 
000049db  writeEtherPhy                 
000048f1  writeEtherReg                 
0000752d  writeSpi0Data                 
200016bc  xid                           


GLOBAL SYMBOLS: SORTED BY Symbol Address 

address   name                          
-------   ----                          
00000000  __TI_static_base__            
00000000  g_pfnVectors                  
0000026d  initHw                        
000002ad  displayConnectionInfo         
00000603  readConfiguration             
000006c3  asciiToUint8                  
0000076d  processShell                  
00000e4d  main                          
00001000  __STACK_SIZE                  
000010b5  Timer4A_Handler               
00001209  setDhcpState                  
0000121d  getDhcpState                  
00001223  callbackDhcpGetNewAddressTimer
0000123b  requestDhcpNewAddress         
0000123d  renewDhcp                     
000012a9  callbackDhcpT1PeriodicTimer   
000012ab  callbackDhcpT1HitTimer        
000012cf  rebindDhcp                    
000012d1  callbackDhcpT2PeriodicTimer   
000012d3  callbackDhcpT2HitTimer        
000012f9  callbackDhcpLeaseEndTimer     
00001351  releaseDhcp                   
0000138f  callbackDhcpIpConflictWindow  
000013d5  requestDhcpIpConflictTest     
00001403  isDhcpIpConflictDetectionMode 
00001409  getDhcpLeaseSeconds           
00001435  isDhcpResponse                
000015f1  sendDhcpMessage               
00001979  getDhcpOption                 
000019e5  isDhcpOffer                   
00001a77  isDhcpAck                     
00001add  handleDhcpAck                 
00001ba1  isDhcpDiscoverNeeded          
00001bad  isDhcpRequestNeeded           
00001bb1  isDhcpReleaseNeeded           
00001bf1  sendDhcpPendingMessages       
00001d7d  processDhcpResponse           
00001ed5  processDhcpArpResponse        
00001f0d  enableDhcp                    
00001f41  disableDhcp                   
00001f4f  isDhcpEnabled                 
00002101  __TI_scanfi                   
00002c15  setTcpState                   
00002c31  getTcpState                   
00002c45  isTcp                         
00002c71  isTcpSyn                      
00002cbd  isTcpAck                      
00002d09  sendTcpPendingMessages        
00002d19  processTcpResponse            
00002ed5  processTcpArpResponse         
00002edf  setTcpPortList                
00002f35  isTcpPortOpen                 
00002fa1  sendTcpResponse               
000030a9  sendTcpMessage                
000033df  tcpConnect                    
00003675  __TI_printfi                  
000040c3  _nop                          
000040c5  enablePort                    
00004181  disablePort                   
00004201  selectPinPushPullOutput       
0000424f  selectPinOpenDrainOutput      
0000429d  selectPinDigitalInput         
000042eb  selectPinAnalogInput          
0000433b  setPinCommitControl           
000043b7  enablePinPullup               
000043e5  disablePinPullup              
00004409  enablePinPulldown             
0000442d  disablePinPulldown            
00004455  setPinAuxFunction             
00004567  selectPinInterruptRisingEdge  
000045b7  selectPinInterruptFallingEdge 
00004607  selectPinInterruptBothEdges   
0000465d  selectPinInterruptHighLevel   
00004697  selectPinInterruptLowLevel    
000046d1  enablePinInterrupt            
000046f5  disablePinInterrupt           
00004719  clearPinInterrupt             
0000473d  setPinValue                   
00004763  togglePinValue                
00004787  getPinValue                   
000047c5  setPortValue                  
0000483d  getPortValue                  
000048cd  enableEtherCs                 
000048e3  disableEtherCs                
000048f1  writeEtherReg                 
00004925  readEtherReg                  
00004957  setEtherReg                   
0000498b  clearEtherReg                 
000049bf  setEtherBank                  
000049db  writeEtherPhy                 
00004a13  readEtherPhy                  
00004a7f  startEtherMemWrite            
00004a91  writeEtherMem                 
00004aa5  stopEtherMemWrite             
00004aad  startEtherMemRead             
00004abf  readEtherMem                  
00004acf  stopEtherMemRead              
00004ad7  initEther                     
00004c5d  isEtherLinkUp                 
00004c77  isEtherDataAvailable          
00004c91  isEtherOverflow               
00004cc1  getEtherPacket                
00004db1  putEtherPacket                
00004e97  htons                         
00004ebb  htonl                         
00004ee7  getEtherId                    
00004ef3  incEtherId                    
00004efd  setEtherMacAddress            
00004f81  getEtherMacAddress            
00004fe1  mqtt_ping                     
0000520d  connectMqtt                   
000055ad  disconnectMqtt                
000055af  publishMqtt                   
000055bb  subscribeMqtt                 
000055c5  unsubscribeMqtt               
000055ed  isIp                          
0000565d  isIpUnicast                   
000056bd  isIpValid                     
000056e3  setIpAddress                  
0000571d  getIpAddress                  
00005757  setIpSubnetMask               
00005791  getIpSubnetMask               
000057cb  setIpGatewayAddress           
00005805  getIpGatewayAddress           
0000583f  setIpDnsAddress               
00005879  getIpDnsAddress               
000058b3  setIpTimeServerAddress        
000058ed  getIpTimeServerAddress        
00005927  setIpMqttBrokerAddress        
00005965  getIpMqttBrokerAddress        
000059ad  sumIpWords                    
00005a21  getIpChecksum                 
00005a53  calcIpChecksum                
00005a99  strtod                        
00005a99  strtold                       
00005ef9  initTimer                     
00005f99  startOneshotTimer             
0000601f  startPeriodicTimer            
000060a5  stopTimer                     
0000610b  restartTimer                  
00006179  tickIsr                       
000061f3  random32                      
00006231  isArpRequest                  
000062d5  isArpResponse                 
00006329  sendArpResponse               
00006407  sendArpRequest                
00006525  initSockets                   
0000655d  newSocket                     
000065c7  deleteSocket                  
0000662f  getSocketInfoFromArpResponse  
000066a7  getSocketInfoFromUdpPacket    
00006751  getSocketInfoFromTcpPacket    
00006805  isUdp                         
000068ad  getUdpData                    
000068d9  sendUdpMessage                
00006ad7  __aeabi_idiv0                 
00006ad7  __aeabi_ldiv0                 
00006d49  strtoll                       
000070f5  __aeabi_dsub                  
000070ff  __aeabi_dadd                  
000072ab  isPingRequest                 
000072ef  sendPingRequest               
000072fb  sendPingResponse              
0000740d  initSpi0                      
000074a9  setSpi0BaudRate               
000074df  setSpi0Mode                   
0000752d  writeSpi0Data                 
00007545  readSpi0Data                  
0000756d  strtoull                      
00007805  __aeabi_ddiv                  
0000793d  strtol                        
00007a6d  initUart0                     
00007ab7  setUart0BaudRate              
00007afb  putcUart0                     
00007b17  putsUart0                     
00007b43  getcUart0                     
00007b57  kbhitUart0                    
00007cb9  ldexp                         
00007cb9  ldexpl                        
00007cb9  scalbn                        
00007cb9  scalbnl                       
00007dc9  strtoul                       
00007ed9  __aeabi_dmul                  
00008087  __aeabi_memcpy                
00008087  __aeabi_memcpy4               
00008087  __aeabi_memcpy8               
00008087  memcpy                        
00008123  __aeabi_uldivmod              
000081b9  __aeabi_cdcmpeq               
000081b9  __aeabi_cdcmple               
0000823f  __aeabi_cdrcmple              
000082c5  initEeprom                    
000082db  writeEeprom                   
0000830d  readEeprom                    
00008349  __aeabi_memclr                
00008349  __aeabi_memclr4               
00008349  __aeabi_memclr8               
0000834b  __aeabi_memset                
0000834b  __aeabi_memset4               
0000834b  __aeabi_memset8               
00008351  memset                        
00008431  __aeabi_d2f                   
00008509  __TI_decompress_lzss          
00008571  frexp                         
00008571  frexpl                        
0000862b  __TI_ltoa                     
000086d1  atoi                          
0000871d  snprintf                      
00008769  __aeabi_d2iz                  
000087b1  __TI_auto_init_nobinit_nopinit
000087f5  strtok                        
00008875  sscanf                        
000088ad  _c_int00_noargs               
000088e1  rand                          
00008945  __aeabi_i2d                   
00008973  strspn                        
0000899d  memcmp                        
000089c1  strcspn                       
000089e5  waitMicrosecond               
00008a09  memccpy                       
00008a25  copysign                      
00008a25  copysignl                     
00008a57  __aeabi_lmul                  
00008a6f  strcmp                        
00008a87  strrchr                       
00008a9f  strchr                        
00008ab5  strcpy                        
00008ac9  strlen                        
00008aef  wcslen                        
00008b01  initSystemClockTo40Mhz        
00008b11  tolower                       
00008b21  __TI_decompress_none          
00008b2f  __TI_zero_init                
00008b3b  ResetISR                      
00008b49  __aeabi_errno_addr            
00008b59  _system_pre_init              
00008b5d  C$$EXIT                       
00008b5d  abort                         
00008b60  _ctypes_                      
00008d64  __TI_Handler_Table_Base       
00008d70  __TI_Handler_Table_Limit      
00008d78  __TI_CINIT_Base               
00008d88  __TI_CINIT_Limit              
20000000  __stack                       
20000000  __start___llvm_prf_cnts       
20000000  __stop___llvm_prf_cnts        
20000200  __STACK_TOP                   
20001000  __STACK_END                   
20001000  fn                            
20001190  period                        
20001320  ticks                         
200014b0  sockets                       
200015c8  reload                        
2000162c  strInput                      
2000169c  dhcpServerHwAddress           
200016a4  tcpPorts                      
200016ac  dhcpOfferedIpAdd              
200016b0  dhcpServerIpAdd               
200016b4  tcpState                      
200016b8  token                         
200016bc  xid                           
200016c0  discoverNeeded                
200016c1  requestNeeded                 
200016c2  releaseNeeded                 
200016c3  arpRequestSent                
200016c4  ipConflictDetected            
200016c5  ipConflictDetectionMode       
200016c8  leaseSeconds                  
200016cc  leaseT1                       
200016d0  renewRequestSent              
200016d4  leaseT2                       
200016d8  dhcpState                     
200016d9  dhcpEnabled                   
200016da  count                         
200016db  tcpPortCount                  
200016dc  mqttState                     
200016e0  mqttSocket                    
200016e4  mqttConnected                 
200016e5  mqttConnectSent               
200016e8  _lock                         
200016ec  _unlock                       
200016f0  hwAddress                     
200016f6  ipAddress                     
200016fa  ipDnsAddress                  
200016fe  ipGwAddress                   
20001702  ipSubnetMask                  
20001706  ipTimeServerAddress           
2000170c  errno                         
20001718  nextPacketLsb                 
20001719  nextPacketMsb                 
2000171a  sequenceId                    
ffffffff  __TI_pprof_out_hndl           
ffffffff  __TI_prof_data_size           
ffffffff  __TI_prof_data_start          
ffffffff  __binit__                     
ffffffff  __c_args__                    
ffffffff  binit                         
UNDEFED   __mpu_init                    
UNDEFED   _system_post_cinit            

[299 symbols]
