<?xml version="1.0" encoding="ISO-8859-1" ?>
<link_info>
   <banner>TI ARM Linker PC v20.2.7.LTS</banner>
   <copyright>Copyright (c) 1996-2018 Texas Instruments Incorporated</copyright>
   <link_time>0x69de977a</link_time>
   <link_errors>0x0</link_errors>
   <output_file>IotProject1.out</output_file>
   <entry_point>
      <name>_c_int00_noargs</name>
      <address>0x7f31</address>
   </entry_point>
   <input_file_list>
      <input_file id="fl-2">
         <path>.\</path>
         <kind>object</kind>
         <file>arp.obj</file>
         <name>arp.obj</name>
      </input_file>
      <input_file id="fl-3">
         <path>.\</path>
         <kind>object</kind>
         <file>clock.obj</file>
         <name>clock.obj</name>
      </input_file>
      <input_file id="fl-4">
         <path>.\</path>
         <kind>object</kind>
         <file>dhcp.obj</file>
         <name>dhcp.obj</name>
      </input_file>
      <input_file id="fl-5">
         <path>.\</path>
         <kind>object</kind>
         <file>eeprom.obj</file>
         <name>eeprom.obj</name>
      </input_file>
      <input_file id="fl-6">
         <path>.\</path>
         <kind>object</kind>
         <file>eth0.obj</file>
         <name>eth0.obj</name>
      </input_file>
      <input_file id="fl-7">
         <path>.\</path>
         <kind>object</kind>
         <file>ethernet.obj</file>
         <name>ethernet.obj</name>
      </input_file>
      <input_file id="fl-8">
         <path>.\</path>
         <kind>object</kind>
         <file>gpio.obj</file>
         <name>gpio.obj</name>
      </input_file>
      <input_file id="fl-9">
         <path>.\</path>
         <kind>object</kind>
         <file>icmp.obj</file>
         <name>icmp.obj</name>
      </input_file>
      <input_file id="fl-a">
         <path>.\</path>
         <kind>object</kind>
         <file>ip.obj</file>
         <name>ip.obj</name>
      </input_file>
      <input_file id="fl-b">
         <path>.\</path>
         <kind>object</kind>
         <file>mqtt.obj</file>
         <name>mqtt.obj</name>
      </input_file>
      <input_file id="fl-c">
         <path>.\</path>
         <kind>object</kind>
         <file>socket.obj</file>
         <name>socket.obj</name>
      </input_file>
      <input_file id="fl-d">
         <path>.\</path>
         <kind>object</kind>
         <file>spi0.obj</file>
         <name>spi0.obj</name>
      </input_file>
      <input_file id="fl-e">
         <path>.\</path>
         <kind>object</kind>
         <file>tcp.obj</file>
         <name>tcp.obj</name>
      </input_file>
      <input_file id="fl-f">
         <path>.\</path>
         <kind>object</kind>
         <file>timer.obj</file>
         <name>timer.obj</name>
      </input_file>
      <input_file id="fl-10">
         <path>.\</path>
         <kind>object</kind>
         <file>tm4c123gh6pm_startup_ccs.obj</file>
         <name>tm4c123gh6pm_startup_ccs.obj</name>
      </input_file>
      <input_file id="fl-11">
         <path>.\</path>
         <kind>object</kind>
         <file>uart0.obj</file>
         <name>uart0.obj</name>
      </input_file>
      <input_file id="fl-12">
         <path>.\</path>
         <kind>object</kind>
         <file>udp.obj</file>
         <name>udp.obj</name>
      </input_file>
      <input_file id="fl-13">
         <path>.\</path>
         <kind>object</kind>
         <file>wait.obj</file>
         <name>wait.obj</name>
      </input_file>
      <input_file id="fl-17">
         <kind>object</kind>
         <file>&lt;internal&gt;</file>
         <name>&lt;internal&gt;</name>
      </input_file>
      <input_file id="fl-cd">
         <path>C:\ti\ccs1281\ccs\tools\compiler\ti-cgt-arm_20.2.7.LTS\lib\</path>
         <kind>archive</kind>
         <file>rtsv7M4_T_le_v4SPD16_eabi.lib</file>
         <name>snprintf.c.obj</name>
      </input_file>
      <input_file id="fl-ce">
         <path>C:\ti\ccs1281\ccs\tools\compiler\ti-cgt-arm_20.2.7.LTS\lib\</path>
         <kind>archive</kind>
         <file>rtsv7M4_T_le_v4SPD16_eabi.lib</file>
         <name>sscanf.c.obj</name>
      </input_file>
      <input_file id="fl-cf">
         <path>C:\ti\ccs1281\ccs\tools\compiler\ti-cgt-arm_20.2.7.LTS\lib\</path>
         <kind>archive</kind>
         <file>rtsv7M4_T_le_v4SPD16_eabi.lib</file>
         <name>memcpy_t2.asm.obj</name>
      </input_file>
      <input_file id="fl-d0">
         <path>C:\ti\ccs1281\ccs\tools\compiler\ti-cgt-arm_20.2.7.LTS\lib\</path>
         <kind>archive</kind>
         <file>rtsv7M4_T_le_v4SPD16_eabi.lib</file>
         <name>memset_t2.asm.obj</name>
      </input_file>
      <input_file id="fl-d1">
         <path>C:\ti\ccs1281\ccs\tools\compiler\ti-cgt-arm_20.2.7.LTS\lib\</path>
         <kind>archive</kind>
         <file>rtsv7M4_T_le_v4SPD16_eabi.lib</file>
         <name>copy_zero_init.c.obj</name>
      </input_file>
      <input_file id="fl-d2">
         <path>C:\ti\ccs1281\ccs\tools\compiler\ti-cgt-arm_20.2.7.LTS\lib\</path>
         <kind>archive</kind>
         <file>rtsv7M4_T_le_v4SPD16_eabi.lib</file>
         <name>copy_decompress_none.c.obj</name>
      </input_file>
      <input_file id="fl-d3">
         <path>C:\ti\ccs1281\ccs\tools\compiler\ti-cgt-arm_20.2.7.LTS\lib\</path>
         <kind>archive</kind>
         <file>rtsv7M4_T_le_v4SPD16_eabi.lib</file>
         <name>copy_decompress_lzss.c.obj</name>
      </input_file>
      <input_file id="fl-d4">
         <path>C:\ti\ccs1281\ccs\tools\compiler\ti-cgt-arm_20.2.7.LTS\lib\</path>
         <kind>archive</kind>
         <file>rtsv7M4_T_le_v4SPD16_eabi.lib</file>
         <name>ctype.c.obj</name>
      </input_file>
      <input_file id="fl-d5">
         <path>C:\ti\ccs1281\ccs\tools\compiler\ti-cgt-arm_20.2.7.LTS\lib\</path>
         <kind>archive</kind>
         <file>rtsv7M4_T_le_v4SPD16_eabi.lib</file>
         <name>memcmp.c.obj</name>
      </input_file>
      <input_file id="fl-d6">
         <path>C:\ti\ccs1281\ccs\tools\compiler\ti-cgt-arm_20.2.7.LTS\lib\</path>
         <kind>archive</kind>
         <file>rtsv7M4_T_le_v4SPD16_eabi.lib</file>
         <name>strcmp.c.obj</name>
      </input_file>
      <input_file id="fl-d7">
         <path>C:\ti\ccs1281\ccs\tools\compiler\ti-cgt-arm_20.2.7.LTS\lib\</path>
         <kind>archive</kind>
         <file>rtsv7M4_T_le_v4SPD16_eabi.lib</file>
         <name>strtok.c.obj</name>
      </input_file>
      <input_file id="fl-d8">
         <path>C:\ti\ccs1281\ccs\tools\compiler\ti-cgt-arm_20.2.7.LTS\lib\</path>
         <kind>archive</kind>
         <file>rtsv7M4_T_le_v4SPD16_eabi.lib</file>
         <name>tolower.c.obj</name>
      </input_file>
      <input_file id="fl-d9">
         <path>C:\ti\ccs1281\ccs\tools\compiler\ti-cgt-arm_20.2.7.LTS\lib\</path>
         <kind>archive</kind>
         <file>rtsv7M4_T_le_v4SPD16_eabi.lib</file>
         <name>boot_cortex_m.c.obj</name>
      </input_file>
      <input_file id="fl-da">
         <path>C:\ti\ccs1281\ccs\tools\compiler\ti-cgt-arm_20.2.7.LTS\lib\</path>
         <kind>archive</kind>
         <file>rtsv7M4_T_le_v4SPD16_eabi.lib</file>
         <name>_printfi.c.obj</name>
      </input_file>
      <input_file id="fl-db">
         <path>C:\ti\ccs1281\ccs\tools\compiler\ti-cgt-arm_20.2.7.LTS\lib\</path>
         <kind>archive</kind>
         <file>rtsv7M4_T_le_v4SPD16_eabi.lib</file>
         <name>_scanfi.c.obj</name>
      </input_file>
      <input_file id="fl-dc">
         <path>C:\ti\ccs1281\ccs\tools\compiler\ti-cgt-arm_20.2.7.LTS\lib\</path>
         <kind>archive</kind>
         <file>rtsv7M4_T_le_v4SPD16_eabi.lib</file>
         <name>fd_add_t2.asm.obj</name>
      </input_file>
      <input_file id="fl-dd">
         <path>C:\ti\ccs1281\ccs\tools\compiler\ti-cgt-arm_20.2.7.LTS\lib\</path>
         <kind>archive</kind>
         <file>rtsv7M4_T_le_v4SPD16_eabi.lib</file>
         <name>fd_cmp_t2.asm.obj</name>
      </input_file>
      <input_file id="fl-de">
         <path>C:\ti\ccs1281\ccs\tools\compiler\ti-cgt-arm_20.2.7.LTS\lib\</path>
         <kind>archive</kind>
         <file>rtsv7M4_T_le_v4SPD16_eabi.lib</file>
         <name>fd_div_t2.asm.obj</name>
      </input_file>
      <input_file id="fl-df">
         <path>C:\ti\ccs1281\ccs\tools\compiler\ti-cgt-arm_20.2.7.LTS\lib\</path>
         <kind>archive</kind>
         <file>rtsv7M4_T_le_v4SPD16_eabi.lib</file>
         <name>fd_mul_t2.asm.obj</name>
      </input_file>
      <input_file id="fl-e0">
         <path>C:\ti\ccs1281\ccs\tools\compiler\ti-cgt-arm_20.2.7.LTS\lib\</path>
         <kind>archive</kind>
         <file>rtsv7M4_T_le_v4SPD16_eabi.lib</file>
         <name>fd_toi_t2.asm.obj</name>
      </input_file>
      <input_file id="fl-e1">
         <path>C:\ti\ccs1281\ccs\tools\compiler\ti-cgt-arm_20.2.7.LTS\lib\</path>
         <kind>archive</kind>
         <file>rtsv7M4_T_le_v4SPD16_eabi.lib</file>
         <name>fd_tos_t2.asm.obj</name>
      </input_file>
      <input_file id="fl-e2">
         <path>C:\ti\ccs1281\ccs\tools\compiler\ti-cgt-arm_20.2.7.LTS\lib\</path>
         <kind>archive</kind>
         <file>rtsv7M4_T_le_v4SPD16_eabi.lib</file>
         <name>i_tofd_t2.asm.obj</name>
      </input_file>
      <input_file id="fl-e3">
         <path>C:\ti\ccs1281\ccs\tools\compiler\ti-cgt-arm_20.2.7.LTS\lib\</path>
         <kind>archive</kind>
         <file>rtsv7M4_T_le_v4SPD16_eabi.lib</file>
         <name>ull_div_t2.asm.obj</name>
      </input_file>
      <input_file id="fl-e4">
         <path>C:\ti\ccs1281\ccs\tools\compiler\ti-cgt-arm_20.2.7.LTS\lib\</path>
         <kind>archive</kind>
         <file>rtsv7M4_T_le_v4SPD16_eabi.lib</file>
         <name>autoinit.c.obj</name>
      </input_file>
      <input_file id="fl-e5">
         <path>C:\ti\ccs1281\ccs\tools\compiler\ti-cgt-arm_20.2.7.LTS\lib\</path>
         <kind>archive</kind>
         <file>rtsv7M4_T_le_v4SPD16_eabi.lib</file>
         <name>pre_init.c.obj</name>
      </input_file>
      <input_file id="fl-e6">
         <path>C:\ti\ccs1281\ccs\tools\compiler\ti-cgt-arm_20.2.7.LTS\lib\</path>
         <kind>archive</kind>
         <file>rtsv7M4_T_le_v4SPD16_eabi.lib</file>
         <name>cpy_tbl.c.obj</name>
      </input_file>
      <input_file id="fl-e7">
         <path>C:\ti\ccs1281\ccs\tools\compiler\ti-cgt-arm_20.2.7.LTS\lib\</path>
         <kind>archive</kind>
         <file>rtsv7M4_T_le_v4SPD16_eabi.lib</file>
         <name>exit.c.obj</name>
      </input_file>
      <input_file id="fl-e8">
         <path>C:\ti\ccs1281\ccs\tools\compiler\ti-cgt-arm_20.2.7.LTS\lib\</path>
         <kind>archive</kind>
         <file>rtsv7M4_T_le_v4SPD16_eabi.lib</file>
         <name>_lock.c.obj</name>
      </input_file>
      <input_file id="fl-e9">
         <path>C:\ti\ccs1281\ccs\tools\compiler\ti-cgt-arm_20.2.7.LTS\lib\</path>
         <kind>archive</kind>
         <file>rtsv7M4_T_le_v4SPD16_eabi.lib</file>
         <name>_ltoa.c.obj</name>
      </input_file>
      <input_file id="fl-ea">
         <path>C:\ti\ccs1281\ccs\tools\compiler\ti-cgt-arm_20.2.7.LTS\lib\</path>
         <kind>archive</kind>
         <file>rtsv7M4_T_le_v4SPD16_eabi.lib</file>
         <name>args_main.c.obj</name>
      </input_file>
      <input_file id="fl-eb">
         <path>C:\ti\ccs1281\ccs\tools\compiler\ti-cgt-arm_20.2.7.LTS\lib\</path>
         <kind>archive</kind>
         <file>rtsv7M4_T_le_v4SPD16_eabi.lib</file>
         <name>atoi.c.obj</name>
      </input_file>
      <input_file id="fl-ec">
         <path>C:\ti\ccs1281\ccs\tools\compiler\ti-cgt-arm_20.2.7.LTS\lib\</path>
         <kind>archive</kind>
         <file>rtsv7M4_T_le_v4SPD16_eabi.lib</file>
         <name>memccpy.c.obj</name>
      </input_file>
      <input_file id="fl-ed">
         <path>C:\ti\ccs1281\ccs\tools\compiler\ti-cgt-arm_20.2.7.LTS\lib\</path>
         <kind>archive</kind>
         <file>rtsv7M4_T_le_v4SPD16_eabi.lib</file>
         <name>strchr.c.obj</name>
      </input_file>
      <input_file id="fl-ee">
         <path>C:\ti\ccs1281\ccs\tools\compiler\ti-cgt-arm_20.2.7.LTS\lib\</path>
         <kind>archive</kind>
         <file>rtsv7M4_T_le_v4SPD16_eabi.lib</file>
         <name>strcpy.c.obj</name>
      </input_file>
      <input_file id="fl-ef">
         <path>C:\ti\ccs1281\ccs\tools\compiler\ti-cgt-arm_20.2.7.LTS\lib\</path>
         <kind>archive</kind>
         <file>rtsv7M4_T_le_v4SPD16_eabi.lib</file>
         <name>strcspn.c.obj</name>
      </input_file>
      <input_file id="fl-f0">
         <path>C:\ti\ccs1281\ccs\tools\compiler\ti-cgt-arm_20.2.7.LTS\lib\</path>
         <kind>archive</kind>
         <file>rtsv7M4_T_le_v4SPD16_eabi.lib</file>
         <name>strlen.c.obj</name>
      </input_file>
      <input_file id="fl-f1">
         <path>C:\ti\ccs1281\ccs\tools\compiler\ti-cgt-arm_20.2.7.LTS\lib\</path>
         <kind>archive</kind>
         <file>rtsv7M4_T_le_v4SPD16_eabi.lib</file>
         <name>strrchr.c.obj</name>
      </input_file>
      <input_file id="fl-f2">
         <path>C:\ti\ccs1281\ccs\tools\compiler\ti-cgt-arm_20.2.7.LTS\lib\</path>
         <kind>archive</kind>
         <file>rtsv7M4_T_le_v4SPD16_eabi.lib</file>
         <name>strspn.c.obj</name>
      </input_file>
      <input_file id="fl-f3">
         <path>C:\ti\ccs1281\ccs\tools\compiler\ti-cgt-arm_20.2.7.LTS\lib\</path>
         <kind>archive</kind>
         <file>rtsv7M4_T_le_v4SPD16_eabi.lib</file>
         <name>strtod.c.obj</name>
      </input_file>
      <input_file id="fl-f4">
         <path>C:\ti\ccs1281\ccs\tools\compiler\ti-cgt-arm_20.2.7.LTS\lib\</path>
         <kind>archive</kind>
         <file>rtsv7M4_T_le_v4SPD16_eabi.lib</file>
         <name>strtol.c.obj</name>
      </input_file>
      <input_file id="fl-f5">
         <path>C:\ti\ccs1281\ccs\tools\compiler\ti-cgt-arm_20.2.7.LTS\lib\</path>
         <kind>archive</kind>
         <file>rtsv7M4_T_le_v4SPD16_eabi.lib</file>
         <name>strtoll.c.obj</name>
      </input_file>
      <input_file id="fl-f6">
         <path>C:\ti\ccs1281\ccs\tools\compiler\ti-cgt-arm_20.2.7.LTS\lib\</path>
         <kind>archive</kind>
         <file>rtsv7M4_T_le_v4SPD16_eabi.lib</file>
         <name>strtoul.c.obj</name>
      </input_file>
      <input_file id="fl-f7">
         <path>C:\ti\ccs1281\ccs\tools\compiler\ti-cgt-arm_20.2.7.LTS\lib\</path>
         <kind>archive</kind>
         <file>rtsv7M4_T_le_v4SPD16_eabi.lib</file>
         <name>strtoull.c.obj</name>
      </input_file>
      <input_file id="fl-f8">
         <path>C:\ti\ccs1281\ccs\tools\compiler\ti-cgt-arm_20.2.7.LTS\lib\</path>
         <kind>archive</kind>
         <file>rtsv7M4_T_le_v4SPD16_eabi.lib</file>
         <name>errno.c.obj</name>
      </input_file>
      <input_file id="fl-f9">
         <path>C:\ti\ccs1281\ccs\tools\compiler\ti-cgt-arm_20.2.7.LTS\lib\</path>
         <kind>archive</kind>
         <file>rtsv7M4_T_le_v4SPD16_eabi.lib</file>
         <name>wcslen.c.obj</name>
      </input_file>
      <input_file id="fl-fa">
         <path>C:\ti\ccs1281\ccs\tools\compiler\ti-cgt-arm_20.2.7.LTS\lib\</path>
         <kind>archive</kind>
         <file>rtsv7M4_T_le_v4SPD16_eabi.lib</file>
         <name>s_frexp.c.obj</name>
      </input_file>
      <input_file id="fl-fb">
         <path>C:\ti\ccs1281\ccs\tools\compiler\ti-cgt-arm_20.2.7.LTS\lib\</path>
         <kind>archive</kind>
         <file>rtsv7M4_T_le_v4SPD16_eabi.lib</file>
         <name>s_scalbn.c.obj</name>
      </input_file>
      <input_file id="fl-fc">
         <path>C:\ti\ccs1281\ccs\tools\compiler\ti-cgt-arm_20.2.7.LTS\lib\</path>
         <kind>archive</kind>
         <file>rtsv7M4_T_le_v4SPD16_eabi.lib</file>
         <name>div0.asm.obj</name>
      </input_file>
      <input_file id="fl-fd">
         <path>C:\ti\ccs1281\ccs\tools\compiler\ti-cgt-arm_20.2.7.LTS\lib\</path>
         <kind>archive</kind>
         <file>rtsv7M4_T_le_v4SPD16_eabi.lib</file>
         <name>ll_mul_t2.asm.obj</name>
      </input_file>
      <input_file id="fl-fe">
         <path>C:\ti\ccs1281\ccs\tools\compiler\ti-cgt-arm_20.2.7.LTS\lib\</path>
         <kind>archive</kind>
         <file>rtsv7M4_T_le_v4SPD16_eabi.lib</file>
         <name>s_copysign.c.obj</name>
      </input_file>
   </input_file_list>
   <object_component_list>
      <object_component id="oc-12">
         <name>.intvecs</name>
         <load_address>0x0</load_address>
         <run_address>0x0</run_address>
         <size>0x26c</size>
         <input_file_ref idref="fl-10"/>
      </object_component>
      <object_component id="oc-2d">
         <name>.text</name>
         <load_address>0x26c</load_address>
         <run_address>0x26c</run_address>
         <size>0xf04</size>
         <input_file_ref idref="fl-7"/>
      </object_component>
      <object_component id="oc-98">
         <name>.text</name>
         <load_address>0x1170</load_address>
         <run_address>0x1170</run_address>
         <size>0xef8</size>
         <input_file_ref idref="fl-4"/>
      </object_component>
      <object_component id="oc-1a1">
         <name>.text:__TI_scanfi</name>
         <load_address>0x2068</load_address>
         <run_address>0x2068</run_address>
         <size>0xb14</size>
         <input_file_ref idref="fl-db"/>
      </object_component>
      <object_component id="oc-152">
         <name>.text:__TI_printfi</name>
         <load_address>0x2b7c</load_address>
         <run_address>0x2b7c</run_address>
         <size>0xa4e</size>
         <input_file_ref idref="fl-da"/>
      </object_component>
      <object_component id="oc-423">
         <name>.text</name>
         <load_address>0x35ca</load_address>
         <run_address>0x35ca</run_address>
         <size>0x2</size>
         <input_file_ref idref="fl-fc"/>
      </object_component>
      <object_component id="oc-7a">
         <name>.text</name>
         <load_address>0x35cc</load_address>
         <run_address>0x35cc</run_address>
         <size>0x808</size>
         <input_file_ref idref="fl-8"/>
      </object_component>
      <object_component id="oc-da">
         <name>.text</name>
         <load_address>0x3dd4</load_address>
         <run_address>0x3dd4</run_address>
         <size>0x786</size>
         <input_file_ref idref="fl-e"/>
      </object_component>
      <object_component id="oc-80">
         <name>.text</name>
         <load_address>0x455c</load_address>
         <run_address>0x455c</run_address>
         <size>0x714</size>
         <input_file_ref idref="fl-6"/>
      </object_component>
      <object_component id="oc-92">
         <name>.text</name>
         <load_address>0x4c70</load_address>
         <run_address>0x4c70</run_address>
         <size>0x4ac</size>
         <input_file_ref idref="fl-a"/>
      </object_component>
      <object_component id="oc-2f4">
         <name>.text:strtod</name>
         <load_address>0x511c</load_address>
         <run_address>0x511c</run_address>
         <size>0x460</size>
         <input_file_ref idref="fl-f3"/>
      </object_component>
      <object_component id="oc-ce">
         <name>.text</name>
         <load_address>0x557c</load_address>
         <run_address>0x557c</run_address>
         <size>0x338</size>
         <input_file_ref idref="fl-f"/>
      </object_component>
      <object_component id="oc-e6">
         <name>.text</name>
         <load_address>0x58b4</load_address>
         <run_address>0x58b4</run_address>
         <size>0x2f4</size>
         <input_file_ref idref="fl-2"/>
      </object_component>
      <object_component id="oc-d4">
         <name>.text</name>
         <load_address>0x5ba8</load_address>
         <run_address>0x5ba8</run_address>
         <size>0x2e0</size>
         <input_file_ref idref="fl-c"/>
      </object_component>
      <object_component id="oc-f2">
         <name>.text</name>
         <load_address>0x5e88</load_address>
         <run_address>0x5e88</run_address>
         <size>0x2d2</size>
         <input_file_ref idref="fl-12"/>
      </object_component>
      <object_component id="oc-28b">
         <name>.text:_pconv_a</name>
         <load_address>0x615c</load_address>
         <run_address>0x615c</run_address>
         <size>0x270</size>
         <input_file_ref idref="fl-da"/>
      </object_component>
      <object_component id="oc-305">
         <name>.text:strtoll</name>
         <load_address>0x63cc</load_address>
         <run_address>0x63cc</run_address>
         <size>0x1dc</size>
         <input_file_ref idref="fl-f5"/>
      </object_component>
      <object_component id="oc-279">
         <name>.text:_pconv_g</name>
         <load_address>0x65a8</load_address>
         <run_address>0x65a8</run_address>
         <size>0x1d0</size>
         <input_file_ref idref="fl-da"/>
      </object_component>
      <object_component id="oc-393">
         <name>.text</name>
         <load_address>0x6778</load_address>
         <run_address>0x6778</run_address>
         <size>0x1b6</size>
         <input_file_ref idref="fl-dc"/>
      </object_component>
      <object_component id="oc-ec">
         <name>.text</name>
         <load_address>0x692e</load_address>
         <run_address>0x692e</run_address>
         <size>0x160</size>
         <input_file_ref idref="fl-9"/>
      </object_component>
      <object_component id="oc-142">
         <name>.text</name>
         <load_address>0x6a90</load_address>
         <run_address>0x6a90</run_address>
         <size>0x160</size>
         <input_file_ref idref="fl-d"/>
      </object_component>
      <object_component id="oc-2e8">
         <name>.text:strtoull</name>
         <load_address>0x6bf0</load_address>
         <run_address>0x6bf0</run_address>
         <size>0x15c</size>
         <input_file_ref idref="fl-f7"/>
      </object_component>
      <object_component id="oc-285">
         <name>.text:_pconv_e</name>
         <load_address>0x6d4c</load_address>
         <run_address>0x6d4c</run_address>
         <size>0x13c</size>
         <input_file_ref idref="fl-da"/>
      </object_component>
      <object_component id="oc-379">
         <name>.text</name>
         <load_address>0x6e88</load_address>
         <run_address>0x6e88</run_address>
         <size>0x136</size>
         <input_file_ref idref="fl-de"/>
      </object_component>
      <object_component id="oc-2ff">
         <name>.text:strtol</name>
         <load_address>0x6fc0</load_address>
         <run_address>0x6fc0</run_address>
         <size>0x130</size>
         <input_file_ref idref="fl-f4"/>
      </object_component>
      <object_component id="oc-86">
         <name>.text</name>
         <load_address>0x70f0</load_address>
         <run_address>0x70f0</run_address>
         <size>0x128</size>
         <input_file_ref idref="fl-11"/>
      </object_component>
      <object_component id="oc-3a5">
         <name>.text:fcvt</name>
         <load_address>0x7218</load_address>
         <run_address>0x7218</run_address>
         <size>0x124</size>
         <input_file_ref idref="fl-da"/>
      </object_component>
      <object_component id="oc-3b9">
         <name>.text:scalbn</name>
         <load_address>0x733c</load_address>
         <run_address>0x733c</run_address>
         <size>0x110</size>
         <input_file_ref idref="fl-fb"/>
      </object_component>
      <object_component id="oc-2ee">
         <name>.text:strtoul</name>
         <load_address>0x744c</load_address>
         <run_address>0x744c</run_address>
         <size>0x110</size>
         <input_file_ref idref="fl-f6"/>
      </object_component>
      <object_component id="oc-374">
         <name>.text</name>
         <load_address>0x755c</load_address>
         <run_address>0x755c</run_address>
         <size>0xfc</size>
         <input_file_ref idref="fl-df"/>
      </object_component>
      <object_component id="oc-26e">
         <name>.text:_ltostr</name>
         <load_address>0x7658</load_address>
         <run_address>0x7658</run_address>
         <size>0xb1</size>
         <input_file_ref idref="fl-da"/>
      </object_component>
      <object_component id="oc-41">
         <name>.text</name>
         <load_address>0x770a</load_address>
         <run_address>0x770a</run_address>
         <size>0x9c</size>
         <input_file_ref idref="fl-cf"/>
      </object_component>
      <object_component id="oc-36d">
         <name>.text</name>
         <load_address>0x77a6</load_address>
         <run_address>0x77a6</run_address>
         <size>0x96</size>
         <input_file_ref idref="fl-e3"/>
      </object_component>
      <object_component id="oc-274">
         <name>.text:__aeabi_cdcmple</name>
         <load_address>0x783c</load_address>
         <run_address>0x783c</run_address>
         <size>0x86</size>
         <input_file_ref idref="fl-dd"/>
      </object_component>
      <object_component id="oc-37e">
         <name>.text:__aeabi_cdrcmple</name>
         <load_address>0x78c2</load_address>
         <run_address>0x78c2</run_address>
         <size>0x86</size>
         <input_file_ref idref="fl-dd"/>
      </object_component>
      <object_component id="oc-9e">
         <name>.text</name>
         <load_address>0x7948</load_address>
         <run_address>0x7948</run_address>
         <size>0x84</size>
         <input_file_ref idref="fl-5"/>
      </object_component>
      <object_component id="oc-c9">
         <name>.text</name>
         <load_address>0x79cc</load_address>
         <run_address>0x79cc</run_address>
         <size>0x7a</size>
         <input_file_ref idref="fl-d0"/>
      </object_component>
      <object_component id="oc-39e">
         <name>.text:_mcpy</name>
         <load_address>0x7a46</load_address>
         <run_address>0x7a46</run_address>
         <size>0x6e</size>
         <input_file_ref idref="fl-da"/>
      </object_component>
      <object_component id="oc-2fa">
         <name>.text</name>
         <load_address>0x7ab4</load_address>
         <run_address>0x7ab4</run_address>
         <size>0x6e</size>
         <input_file_ref idref="fl-e1"/>
      </object_component>
      <object_component id="oc-1b3">
         <name>.text:_chkmbc</name>
         <load_address>0x7b24</load_address>
         <run_address>0x7b24</run_address>
         <size>0x68</size>
         <input_file_ref idref="fl-ce"/>
      </object_component>
      <object_component id="oc-15">
         <name>.text:decompress:lzss:__TI_decompress_lzss</name>
         <load_address>0x7b8c</load_address>
         <run_address>0x7b8c</run_address>
         <size>0x68</size>
         <input_file_ref idref="fl-d3"/>
      </object_component>
      <object_component id="oc-3b3">
         <name>.text:frexp</name>
         <load_address>0x7bf4</load_address>
         <run_address>0x7bf4</run_address>
         <size>0x64</size>
         <input_file_ref idref="fl-fa"/>
      </object_component>
      <object_component id="oc-27f">
         <name>.text:_pconv_f</name>
         <load_address>0x7c58</load_address>
         <run_address>0x7c58</run_address>
         <size>0x56</size>
         <input_file_ref idref="fl-da"/>
      </object_component>
      <object_component id="oc-388">
         <name>.text:__TI_ltoa</name>
         <load_address>0x7cae</load_address>
         <run_address>0x7cae</run_address>
         <size>0x54</size>
         <input_file_ref idref="fl-e9"/>
      </object_component>
      <object_component id="oc-398">
         <name>.text:_ecpy</name>
         <load_address>0x7d02</load_address>
         <run_address>0x7d02</run_address>
         <size>0x52</size>
         <input_file_ref idref="fl-da"/>
      </object_component>
      <object_component id="oc-268">
         <name>.text:atoi</name>
         <load_address>0x7d54</load_address>
         <run_address>0x7d54</run_address>
         <size>0x4c</size>
         <input_file_ref idref="fl-eb"/>
      </object_component>
      <object_component id="oc-8c">
         <name>.text:snprintf</name>
         <load_address>0x7da0</load_address>
         <run_address>0x7da0</run_address>
         <size>0x4c</size>
         <input_file_ref idref="fl-cd"/>
      </object_component>
      <object_component id="oc-383">
         <name>.text</name>
         <load_address>0x7dec</load_address>
         <run_address>0x7dec</run_address>
         <size>0x48</size>
         <input_file_ref idref="fl-e0"/>
      </object_component>
      <object_component id="oc-225">
         <name>.text:__TI_auto_init_nobinit_nopinit:__TI_auto_init_nobinit_nopinit</name>
         <load_address>0x7e34</load_address>
         <run_address>0x7e34</run_address>
         <size>0x44</size>
         <input_file_ref idref="fl-e4"/>
      </object_component>
      <object_component id="oc-b0">
         <name>.text:strtok</name>
         <load_address>0x7e78</load_address>
         <run_address>0x7e78</run_address>
         <size>0x40</size>
         <input_file_ref idref="fl-d7"/>
      </object_component>
      <object_component id="oc-3ab">
         <name>.text:_fcpy</name>
         <load_address>0x7eb8</load_address>
         <run_address>0x7eb8</run_address>
         <size>0x3e</size>
         <input_file_ref idref="fl-da"/>
      </object_component>
      <object_component id="oc-aa">
         <name>.text:sscanf</name>
         <load_address>0x7ef8</load_address>
         <run_address>0x7ef8</run_address>
         <size>0x38</size>
         <input_file_ref idref="fl-ce"/>
      </object_component>
      <object_component id="oc-5f">
         <name>.text:_c_int00_noargs:_c_int00_noargs</name>
         <load_address>0x7f30</load_address>
         <run_address>0x7f30</run_address>
         <size>0x34</size>
         <input_file_ref idref="fl-d9"/>
      </object_component>
      <object_component id="oc-158">
         <name>.text:_outs</name>
         <load_address>0x7f64</load_address>
         <run_address>0x7f64</run_address>
         <size>0x30</size>
         <input_file_ref idref="fl-cd"/>
      </object_component>
      <object_component id="oc-38e">
         <name>.text</name>
         <load_address>0x7f94</load_address>
         <run_address>0x7f94</run_address>
         <size>0x2e</size>
         <input_file_ref idref="fl-e2"/>
      </object_component>
      <object_component id="oc-1bb">
         <name>.text:strspn</name>
         <load_address>0x7fc2</load_address>
         <run_address>0x7fc2</run_address>
         <size>0x2a</size>
         <input_file_ref idref="fl-f2"/>
      </object_component>
      <object_component id="oc-194">
         <name>.text:memcmp</name>
         <load_address>0x7fec</load_address>
         <run_address>0x7fec</run_address>
         <size>0x24</size>
         <input_file_ref idref="fl-d5"/>
      </object_component>
      <object_component id="oc-c2">
         <name>.text</name>
         <load_address>0x8010</load_address>
         <run_address>0x8010</run_address>
         <size>0x24</size>
         <input_file_ref idref="fl-b"/>
      </object_component>
      <object_component id="oc-1c1">
         <name>.text:strcspn</name>
         <load_address>0x8034</load_address>
         <run_address>0x8034</run_address>
         <size>0x24</size>
         <input_file_ref idref="fl-ef"/>
      </object_component>
      <object_component id="oc-e0">
         <name>.text</name>
         <load_address>0x8058</load_address>
         <run_address>0x8058</run_address>
         <size>0x24</size>
         <input_file_ref idref="fl-13"/>
      </object_component>
      <object_component id="oc-291">
         <name>.text:memccpy</name>
         <load_address>0x807c</load_address>
         <run_address>0x807c</run_address>
         <size>0x1c</size>
         <input_file_ref idref="fl-ec"/>
      </object_component>
      <object_component id="oc-43c">
         <name>.text:copysign</name>
         <load_address>0x8098</load_address>
         <run_address>0x8098</run_address>
         <size>0x1a</size>
         <input_file_ref idref="fl-fe"/>
      </object_component>
      <object_component id="oc-15e">
         <name>.text:_outc</name>
         <load_address>0x80b2</load_address>
         <run_address>0x80b2</run_address>
         <size>0x18</size>
         <input_file_ref idref="fl-cd"/>
      </object_component>
      <object_component id="oc-3e0">
         <name>.text</name>
         <load_address>0x80ca</load_address>
         <run_address>0x80ca</run_address>
         <size>0x18</size>
         <input_file_ref idref="fl-fd"/>
      </object_component>
      <object_component id="oc-b6">
         <name>.text:strcmp</name>
         <load_address>0x80e2</load_address>
         <run_address>0x80e2</run_address>
         <size>0x18</size>
         <input_file_ref idref="fl-d6"/>
      </object_component>
      <object_component id="oc-30b">
         <name>.text:strrchr</name>
         <load_address>0x80fa</load_address>
         <run_address>0x80fa</run_address>
         <size>0x18</size>
         <input_file_ref idref="fl-f1"/>
      </object_component>
      <object_component id="oc-311">
         <name>.text:strchr</name>
         <load_address>0x8112</load_address>
         <run_address>0x8112</run_address>
         <size>0x16</size>
         <input_file_ref idref="fl-ed"/>
      </object_component>
      <object_component id="oc-2e2">
         <name>.text:strcpy</name>
         <load_address>0x8128</load_address>
         <run_address>0x8128</run_address>
         <size>0x14</size>
         <input_file_ref idref="fl-ee"/>
      </object_component>
      <object_component id="oc-262">
         <name>.text:strlen</name>
         <load_address>0x813c</load_address>
         <run_address>0x813c</run_address>
         <size>0x14</size>
         <input_file_ref idref="fl-f0"/>
      </object_component>
      <object_component id="oc-1a7">
         <name>.text:_inpchar</name>
         <load_address>0x8150</load_address>
         <run_address>0x8150</run_address>
         <size>0x12</size>
         <input_file_ref idref="fl-ce"/>
      </object_component>
      <object_component id="oc-297">
         <name>.text:wcslen</name>
         <load_address>0x8162</load_address>
         <run_address>0x8162</run_address>
         <size>0x12</size>
         <input_file_ref idref="fl-f9"/>
      </object_component>
      <object_component id="oc-74">
         <name>.text</name>
         <load_address>0x8174</load_address>
         <run_address>0x8174</run_address>
         <size>0x10</size>
         <input_file_ref idref="fl-3"/>
      </object_component>
      <object_component id="oc-a4">
         <name>.text:tolower</name>
         <load_address>0x8184</load_address>
         <run_address>0x8184</run_address>
         <size>0x10</size>
         <input_file_ref idref="fl-d8"/>
      </object_component>
      <object_component id="oc-1b">
         <name>.text:decompress:none:__TI_decompress_none</name>
         <load_address>0x8194</load_address>
         <run_address>0x8194</run_address>
         <size>0xe</size>
         <input_file_ref idref="fl-d2"/>
      </object_component>
      <object_component id="oc-53">
         <name>.text:decompress:ZI:__TI_zero_init</name>
         <load_address>0x81a2</load_address>
         <run_address>0x81a2</run_address>
         <size>0xc</size>
         <input_file_ref idref="fl-d1"/>
      </object_component>
      <object_component id="oc-27">
         <name>.text</name>
         <load_address>0x81ae</load_address>
         <run_address>0x81ae</run_address>
         <size>0xc</size>
         <input_file_ref idref="fl-10"/>
      </object_component>
      <object_component id="oc-29d">
         <name>.text:__aeabi_errno_addr</name>
         <load_address>0x81bc</load_address>
         <run_address>0x81bc</run_address>
         <size>0x8</size>
         <input_file_ref idref="fl-f8"/>
      </object_component>
      <object_component id="oc-1ad">
         <name>.text:_uninpchar</name>
         <load_address>0x81c4</load_address>
         <run_address>0x81c4</run_address>
         <size>0x8</size>
         <input_file_ref idref="fl-ce"/>
      </object_component>
      <object_component id="oc-128">
         <name>.text:_system_pre_init</name>
         <load_address>0x81cc</load_address>
         <run_address>0x81cc</run_address>
         <size>0x4</size>
         <input_file_ref idref="fl-e5"/>
      </object_component>
      <object_component id="oc-219">
         <name>.text:abort:abort</name>
         <load_address>0x81d0</load_address>
         <run_address>0x81d0</run_address>
         <size>0x4</size>
         <input_file_ref idref="fl-e7"/>
      </object_component>
      <object_component id="oc-19c">
         <name>.const:.string:_ctypes_</name>
         <load_address>0x81d8</load_address>
         <run_address>0x81d8</run_address>
         <size>0x101</size>
         <input_file_ref idref="fl-d4"/>
      </object_component>
      <object_component id="oc-18d">
         <name>.const:.string:$P$T0$1</name>
         <load_address>0x82d9</load_address>
         <run_address>0x82d9</run_address>
         <size>0x4</size>
         <input_file_ref idref="fl-4"/>
      </object_component>
      <object_component id="oc-f8">
         <name>.const:$P$T0$1</name>
         <load_address>0x82de</load_address>
         <run_address>0x82de</run_address>
         <size>0x2</size>
         <input_file_ref idref="fl-7"/>
      </object_component>
      <object_component id="oc-3e9">
         <name>.const:$O1$$</name>
         <load_address>0x82e0</load_address>
         <run_address>0x82e0</run_address>
         <size>0xc8</size>
         <input_file_ref idref="fl-f3"/>
      </object_component>
      <object_component id="oc-317">
         <name>.const:$O1$$</name>
         <load_address>0x83a8</load_address>
         <run_address>0x83a8</run_address>
         <size>0x10</size>
         <input_file_ref idref="fl-db"/>
      </object_component>
      <object_component id="oc-4b0">
         <name>.cinit..data.load</name>
         <load_address>0x83b8</load_address>
         <run_address>0x83b8</run_address>
         <size>0x1e</size>
      </object_component>
      <object_component id="oc-4ae">
         <name>__TI_handler_table</name>
         <load_address>0x83d8</load_address>
         <run_address>0x83d8</run_address>
         <size>0xc</size>
      </object_component>
      <object_component id="oc-4b1">
         <name>.cinit..bss.load</name>
         <load_address>0x83e8</load_address>
         <run_address>0x83e8</run_address>
         <size>0x8</size>
      </object_component>
      <object_component id="oc-4af">
         <name>__TI_cinit_table</name>
         <load_address>0x83f0</load_address>
         <run_address>0x83f0</run_address>
         <size>0x10</size>
      </object_component>
      <object_component id="oc-186">
         <name>.data</name>
         <load_address>0x200016bc</load_address>
         <run_address>0x200016bc</run_address>
         <size>0x1e</size>
         <input_file_ref idref="fl-4"/>
      </object_component>
      <object_component id="oc-148">
         <name>.data</name>
         <load_address>0x200016fc</load_address>
         <run_address>0x200016fc</run_address>
         <size>0x3</size>
         <input_file_ref idref="fl-6"/>
      </object_component>
      <object_component id="oc-14b">
         <name>.data:hwAddress</name>
         <load_address>0x200016da</load_address>
         <run_address>0x200016da</run_address>
         <size>0x6</size>
         <input_file_ref idref="fl-6"/>
      </object_component>
      <object_component id="oc-bc">
         <name>.data</name>
         <load_address>0x200016ff</load_address>
         <run_address>0x200016ff</run_address>
         <size>0x1</size>
         <input_file_ref idref="fl-7"/>
      </object_component>
      <object_component id="oc-175">
         <name>.data:ipAddress</name>
         <load_address>0x200016e0</load_address>
         <run_address>0x200016e0</run_address>
         <size>0x4</size>
         <input_file_ref idref="fl-a"/>
      </object_component>
      <object_component id="oc-178">
         <name>.data:ipSubnetMask</name>
         <load_address>0x200016ec</load_address>
         <run_address>0x200016ec</run_address>
         <size>0x4</size>
         <input_file_ref idref="fl-a"/>
      </object_component>
      <object_component id="oc-17b">
         <name>.data:ipGwAddress</name>
         <load_address>0x200016e8</load_address>
         <run_address>0x200016e8</run_address>
         <size>0x4</size>
         <input_file_ref idref="fl-a"/>
      </object_component>
      <object_component id="oc-17e">
         <name>.data:ipDnsAddress</name>
         <load_address>0x200016e4</load_address>
         <run_address>0x200016e4</run_address>
         <size>0x4</size>
         <input_file_ref idref="fl-a"/>
      </object_component>
      <object_component id="oc-181">
         <name>.data:ipTimeServerAddress</name>
         <load_address>0x200016f0</load_address>
         <run_address>0x200016f0</run_address>
         <size>0x4</size>
         <input_file_ref idref="fl-a"/>
      </object_component>
      <object_component id="oc-1f7">
         <name>.data</name>
         <load_address>0x20001700</load_address>
         <run_address>0x20001700</run_address>
         <size>0x1</size>
         <input_file_ref idref="fl-e"/>
      </object_component>
      <object_component id="oc-1c7">
         <name>.data</name>
         <load_address>0x200016f8</load_address>
         <run_address>0x200016f8</run_address>
         <size>0x4</size>
         <input_file_ref idref="fl-d7"/>
      </object_component>
      <object_component id="oc-3c9">
         <name>.data</name>
         <load_address>0x200016f4</load_address>
         <run_address>0x200016f4</run_address>
         <size>0x4</size>
         <input_file_ref idref="fl-f8"/>
      </object_component>
      <object_component id="oc-190">
         <name>.bss:dhcpSocket</name>
         <uninitialized>true</uninitialized>
         <run_address>0x20001680</run_address>
         <size>0x1c</size>
         <input_file_ref idref="fl-4"/>
      </object_component>
      <object_component id="oc-189">
         <name>.common:dhcpOfferedIpAdd</name>
         <uninitialized>true</uninitialized>
         <run_address>0x200016ac</run_address>
         <size>0x4</size>
      </object_component>
      <object_component id="oc-18c">
         <name>.common:dhcpServerIpAdd</name>
         <uninitialized>true</uninitialized>
         <run_address>0x200016b0</run_address>
         <size>0x4</size>
      </object_component>
      <object_component id="oc-193">
         <name>.common:dhcpServerHwAddress</name>
         <uninitialized>true</uninitialized>
         <run_address>0x2000169c</run_address>
         <size>0x8</size>
      </object_component>
      <object_component id="oc-bf">
         <name>.common:strInput</name>
         <uninitialized>true</uninitialized>
         <run_address>0x2000162c</run_address>
         <size>0x54</size>
      </object_component>
      <object_component id="oc-c8">
         <name>.common:token</name>
         <uninitialized>true</uninitialized>
         <run_address>0x200016b8</run_address>
         <size>0x4</size>
      </object_component>
      <object_component id="oc-1f0">
         <name>.common:sockets</name>
         <uninitialized>true</uninitialized>
         <run_address>0x200014b0</run_address>
         <size>0x118</size>
      </object_component>
      <object_component id="oc-1fa">
         <name>.common:tcpPorts</name>
         <uninitialized>true</uninitialized>
         <run_address>0x200016a4</run_address>
         <size>0x8</size>
      </object_component>
      <object_component id="oc-1f4">
         <name>.common:tcpState</name>
         <uninitialized>true</uninitialized>
         <run_address>0x200016b4</run_address>
         <size>0x4</size>
      </object_component>
      <object_component id="oc-1e8">
         <name>.common:fn</name>
         <uninitialized>true</uninitialized>
         <run_address>0x20001000</run_address>
         <size>0x190</size>
      </object_component>
      <object_component id="oc-1e4">
         <name>.common:period</name>
         <uninitialized>true</uninitialized>
         <run_address>0x20001190</run_address>
         <size>0x190</size>
      </object_component>
      <object_component id="oc-1e7">
         <name>.common:ticks</name>
         <uninitialized>true</uninitialized>
         <run_address>0x20001320</run_address>
         <size>0x190</size>
      </object_component>
      <object_component id="oc-1e9">
         <name>.common:reload</name>
         <uninitialized>true</uninitialized>
         <run_address>0x200015c8</run_address>
         <size>0x64</size>
      </object_component>
      <object_component id="oc-24">
         <name>.stack</name>
         <uninitialized>true</uninitialized>
         <run_address>0x20000000</run_address>
         <size>0x4</size>
         <input_file_ref idref="fl-d9"/>
      </object_component>
      <object_component id="oc-4b3">
         <name>.stack</name>
         <uninitialized>true</uninitialized>
         <run_address>0x20000000</run_address>
         <size>0x0</size>
      </object_component>
      <object_component id="oc-1fe">
         <name>.debug_info</name>
         <load_address>0x0</load_address>
         <run_address>0x0</run_address>
         <size>0x34f</size>
         <input_file_ref idref="fl-2"/>
      </object_component>
      <object_component id="oc-e8">
         <name>.debug_info</name>
         <load_address>0x34f</load_address>
         <run_address>0x34f</run_address>
         <size>0x4b3</size>
         <input_file_ref idref="fl-2"/>
      </object_component>
      <object_component id="oc-10d">
         <name>.debug_info</name>
         <load_address>0x802</load_address>
         <run_address>0x802</run_address>
         <size>0x26b</size>
         <input_file_ref idref="fl-2"/>
      </object_component>
      <object_component id="oc-101">
         <name>.debug_info</name>
         <load_address>0xa6d</load_address>
         <run_address>0xa6d</run_address>
         <size>0x8b</size>
         <input_file_ref idref="fl-2"/>
      </object_component>
      <object_component id="oc-205">
         <name>.debug_info</name>
         <load_address>0xaf8</load_address>
         <run_address>0xaf8</run_address>
         <size>0x2a4</size>
         <input_file_ref idref="fl-2"/>
      </object_component>
      <object_component id="oc-fc">
         <name>.debug_info</name>
         <load_address>0xd9c</load_address>
         <run_address>0xd9c</run_address>
         <size>0xbb</size>
         <input_file_ref idref="fl-2"/>
      </object_component>
      <object_component id="oc-1dc">
         <name>.debug_info</name>
         <load_address>0xe57</load_address>
         <run_address>0xe57</run_address>
         <size>0xcc</size>
         <input_file_ref idref="fl-2"/>
      </object_component>
      <object_component id="oc-170">
         <name>.debug_info</name>
         <load_address>0xf23</load_address>
         <run_address>0xf23</run_address>
         <size>0x2c</size>
         <input_file_ref idref="fl-2"/>
      </object_component>
      <object_component id="oc-2c8">
         <name>.debug_info</name>
         <load_address>0xf4f</load_address>
         <run_address>0xf4f</run_address>
         <size>0xee</size>
         <input_file_ref idref="fl-2"/>
      </object_component>
      <object_component id="oc-1d2">
         <name>.debug_info</name>
         <load_address>0x103d</load_address>
         <run_address>0x103d</run_address>
         <size>0xe1</size>
         <input_file_ref idref="fl-2"/>
      </object_component>
      <object_component id="oc-2bf">
         <name>.debug_info</name>
         <load_address>0x111e</load_address>
         <run_address>0x111e</run_address>
         <size>0x12e</size>
         <input_file_ref idref="fl-2"/>
      </object_component>
      <object_component id="oc-77">
         <name>.debug_info</name>
         <load_address>0x124c</load_address>
         <run_address>0x124c</run_address>
         <size>0x117</size>
         <input_file_ref idref="fl-3"/>
      </object_component>
      <object_component id="oc-3c">
         <name>.debug_info</name>
         <load_address>0x1363</load_address>
         <run_address>0x1363</run_address>
         <size>0x84</size>
         <input_file_ref idref="fl-3"/>
      </object_component>
      <object_component id="oc-18a">
         <name>.debug_info</name>
         <load_address>0x13e7</load_address>
         <run_address>0x13e7</run_address>
         <size>0x699</size>
         <input_file_ref idref="fl-4"/>
      </object_component>
      <object_component id="oc-187">
         <name>.debug_info</name>
         <load_address>0x1a80</load_address>
         <run_address>0x1a80</run_address>
         <size>0x2ca</size>
         <input_file_ref idref="fl-4"/>
      </object_component>
      <object_component id="oc-191">
         <name>.debug_info</name>
         <load_address>0x1d4a</load_address>
         <run_address>0x1d4a</run_address>
         <size>0xd1</size>
         <input_file_ref idref="fl-4"/>
      </object_component>
      <object_component id="oc-18e">
         <name>.debug_info</name>
         <load_address>0x1e1b</load_address>
         <run_address>0x1e1b</run_address>
         <size>0xcc</size>
         <input_file_ref idref="fl-4"/>
      </object_component>
      <object_component id="oc-9b">
         <name>.debug_info</name>
         <load_address>0x1ee7</load_address>
         <run_address>0x1ee7</run_address>
         <size>0x189d</size>
         <input_file_ref idref="fl-4"/>
      </object_component>
      <object_component id="oc-1eb">
         <name>.debug_info</name>
         <load_address>0x3784</load_address>
         <run_address>0x3784</run_address>
         <size>0x2c</size>
         <input_file_ref idref="fl-4"/>
      </object_component>
      <object_component id="oc-2cd">
         <name>.debug_info</name>
         <load_address>0x37b0</load_address>
         <run_address>0x37b0</run_address>
         <size>0x168</size>
         <input_file_ref idref="fl-4"/>
      </object_component>
      <object_component id="oc-106">
         <name>.debug_info</name>
         <load_address>0x3918</load_address>
         <run_address>0x3918</run_address>
         <size>0xc6</size>
         <input_file_ref idref="fl-4"/>
      </object_component>
      <object_component id="oc-2d2">
         <name>.debug_info</name>
         <load_address>0x39de</load_address>
         <run_address>0x39de</run_address>
         <size>0x9e</size>
         <input_file_ref idref="fl-4"/>
      </object_component>
      <object_component id="oc-1d7">
         <name>.debug_info</name>
         <load_address>0x3a7c</load_address>
         <run_address>0x3a7c</run_address>
         <size>0x35</size>
         <input_file_ref idref="fl-4"/>
      </object_component>
      <object_component id="oc-9f">
         <name>.debug_info</name>
         <load_address>0x3ab1</load_address>
         <run_address>0x3ab1</run_address>
         <size>0x1ff</size>
         <input_file_ref idref="fl-5"/>
      </object_component>
      <object_component id="oc-14f">
         <name>.debug_info</name>
         <load_address>0x3cb0</load_address>
         <run_address>0x3cb0</run_address>
         <size>0x461</size>
         <input_file_ref idref="fl-6"/>
      </object_component>
      <object_component id="oc-149">
         <name>.debug_info</name>
         <load_address>0x4111</load_address>
         <run_address>0x4111</run_address>
         <size>0x128</size>
         <input_file_ref idref="fl-6"/>
      </object_component>
      <object_component id="oc-14c">
         <name>.debug_info</name>
         <load_address>0x4239</load_address>
         <run_address>0x4239</run_address>
         <size>0xd0</size>
         <input_file_ref idref="fl-6"/>
      </object_component>
      <object_component id="oc-81">
         <name>.debug_info</name>
         <load_address>0x4309</load_address>
         <run_address>0x4309</run_address>
         <size>0x1881</size>
         <input_file_ref idref="fl-6"/>
      </object_component>
      <object_component id="oc-13c">
         <name>.debug_info</name>
         <load_address>0x5b8a</load_address>
         <run_address>0x5b8a</run_address>
         <size>0x88</size>
         <input_file_ref idref="fl-6"/>
      </object_component>
      <object_component id="oc-c0">
         <name>.debug_info</name>
         <load_address>0x5c12</load_address>
         <run_address>0x5c12</run_address>
         <size>0x1170</size>
         <input_file_ref idref="fl-7"/>
      </object_component>
      <object_component id="oc-bd">
         <name>.debug_info</name>
         <load_address>0x6d82</load_address>
         <run_address>0x6d82</run_address>
         <size>0xcd</size>
         <input_file_ref idref="fl-7"/>
      </object_component>
      <object_component id="oc-f9">
         <name>.debug_info</name>
         <load_address>0x6e4f</load_address>
         <run_address>0x6e4f</run_address>
         <size>0xd0</size>
         <input_file_ref idref="fl-7"/>
      </object_component>
      <object_component id="oc-2f">
         <name>.debug_info</name>
         <load_address>0x6f1f</load_address>
         <run_address>0x6f1f</run_address>
         <size>0x1479</size>
         <input_file_ref idref="fl-7"/>
      </object_component>
      <object_component id="oc-342">
         <name>.debug_info</name>
         <load_address>0x8398</load_address>
         <run_address>0x8398</run_address>
         <size>0xb2</size>
         <input_file_ref idref="fl-7"/>
      </object_component>
      <object_component id="oc-335">
         <name>.debug_info</name>
         <load_address>0x844a</load_address>
         <run_address>0x844a</run_address>
         <size>0xee</size>
         <input_file_ref idref="fl-7"/>
      </object_component>
      <object_component id="oc-141">
         <name>.debug_info</name>
         <load_address>0x8538</load_address>
         <run_address>0x8538</run_address>
         <size>0x264</size>
         <input_file_ref idref="fl-8"/>
      </object_component>
      <object_component id="oc-7e">
         <name>.debug_info</name>
         <load_address>0x879c</load_address>
         <run_address>0x879c</run_address>
         <size>0x10e4</size>
         <input_file_ref idref="fl-8"/>
      </object_component>
      <object_component id="oc-200">
         <name>.debug_info</name>
         <load_address>0x9880</load_address>
         <run_address>0x9880</run_address>
         <size>0x35c</size>
         <input_file_ref idref="fl-9"/>
      </object_component>
      <object_component id="oc-ef">
         <name>.debug_info</name>
         <load_address>0x9bdc</load_address>
         <run_address>0x9bdc</run_address>
         <size>0x36c</size>
         <input_file_ref idref="fl-9"/>
      </object_component>
      <object_component id="oc-185">
         <name>.debug_info</name>
         <load_address>0x9f48</load_address>
         <run_address>0x9f48</run_address>
         <size>0x2c8</size>
         <input_file_ref idref="fl-a"/>
      </object_component>
      <object_component id="oc-176">
         <name>.debug_info</name>
         <load_address>0xa210</load_address>
         <run_address>0xa210</run_address>
         <size>0xce</size>
         <input_file_ref idref="fl-a"/>
      </object_component>
      <object_component id="oc-179">
         <name>.debug_info</name>
         <load_address>0xa2de</load_address>
         <run_address>0xa2de</run_address>
         <size>0xd4</size>
         <input_file_ref idref="fl-a"/>
      </object_component>
      <object_component id="oc-17c">
         <name>.debug_info</name>
         <load_address>0xa3b2</load_address>
         <run_address>0xa3b2</run_address>
         <size>0xd2</size>
         <input_file_ref idref="fl-a"/>
      </object_component>
      <object_component id="oc-17f">
         <name>.debug_info</name>
         <load_address>0xa484</load_address>
         <run_address>0xa484</run_address>
         <size>0xd4</size>
         <input_file_ref idref="fl-a"/>
      </object_component>
      <object_component id="oc-182">
         <name>.debug_info</name>
         <load_address>0xa558</load_address>
         <run_address>0xa558</run_address>
         <size>0xe2</size>
         <input_file_ref idref="fl-a"/>
      </object_component>
      <object_component id="oc-93">
         <name>.debug_info</name>
         <load_address>0xa63a</load_address>
         <run_address>0xa63a</run_address>
         <size>0xa86</size>
         <input_file_ref idref="fl-a"/>
      </object_component>
      <object_component id="oc-1e2">
         <name>.debug_info</name>
         <load_address>0xb0c0</load_address>
         <run_address>0xb0c0</run_address>
         <size>0x29b</size>
         <input_file_ref idref="fl-b"/>
      </object_component>
      <object_component id="oc-c5">
         <name>.debug_info</name>
         <load_address>0xb35b</load_address>
         <run_address>0xb35b</run_address>
         <size>0x2fc</size>
         <input_file_ref idref="fl-b"/>
      </object_component>
      <object_component id="oc-1f1">
         <name>.debug_info</name>
         <load_address>0xb657</load_address>
         <run_address>0xb657</run_address>
         <size>0x2fb</size>
         <input_file_ref idref="fl-c"/>
      </object_component>
      <object_component id="oc-d7">
         <name>.debug_info</name>
         <load_address>0xb952</load_address>
         <run_address>0xb952</run_address>
         <size>0x510</size>
         <input_file_ref idref="fl-c"/>
      </object_component>
      <object_component id="oc-144">
         <name>.debug_info</name>
         <load_address>0xbe62</load_address>
         <run_address>0xbe62</run_address>
         <size>0x451</size>
         <input_file_ref idref="fl-d"/>
      </object_component>
      <object_component id="oc-1f5">
         <name>.debug_info</name>
         <load_address>0xc2b3</load_address>
         <run_address>0xc2b3</run_address>
         <size>0x50f</size>
         <input_file_ref idref="fl-e"/>
      </object_component>
      <object_component id="oc-1f8">
         <name>.debug_info</name>
         <load_address>0xc7c2</load_address>
         <run_address>0xc7c2</run_address>
         <size>0xd5</size>
         <input_file_ref idref="fl-e"/>
      </object_component>
      <object_component id="oc-de">
         <name>.debug_info</name>
         <load_address>0xc897</load_address>
         <run_address>0xc897</run_address>
         <size>0xd96</size>
         <input_file_ref idref="fl-e"/>
      </object_component>
      <object_component id="oc-1e5">
         <name>.debug_info</name>
         <load_address>0xd62d</load_address>
         <run_address>0xd62d</run_address>
         <size>0x326</size>
         <input_file_ref idref="fl-f"/>
      </object_component>
      <object_component id="oc-cf">
         <name>.debug_info</name>
         <load_address>0xd953</load_address>
         <run_address>0xd953</run_address>
         <size>0x4a6</size>
         <input_file_ref idref="fl-f"/>
      </object_component>
      <object_component id="oc-35">
         <name>.debug_info</name>
         <load_address>0xddf9</load_address>
         <run_address>0xddf9</run_address>
         <size>0x2d1</size>
         <input_file_ref idref="fl-10"/>
      </object_component>
      <object_component id="oc-13">
         <name>.debug_info</name>
         <load_address>0xe0ca</load_address>
         <run_address>0xe0ca</run_address>
         <size>0xea</size>
         <input_file_ref idref="fl-10"/>
      </object_component>
      <object_component id="oc-2b">
         <name>.debug_info</name>
         <load_address>0xe1b4</load_address>
         <run_address>0xe1b4</run_address>
         <size>0x266</size>
         <input_file_ref idref="fl-10"/>
      </object_component>
      <object_component id="oc-151">
         <name>.debug_info</name>
         <load_address>0xe41a</load_address>
         <run_address>0xe41a</run_address>
         <size>0x34a</size>
         <input_file_ref idref="fl-11"/>
      </object_component>
      <object_component id="oc-88">
         <name>.debug_info</name>
         <load_address>0xe764</load_address>
         <run_address>0xe764</run_address>
         <size>0x3c3</size>
         <input_file_ref idref="fl-11"/>
      </object_component>
      <object_component id="oc-202">
         <name>.debug_info</name>
         <load_address>0xeb27</load_address>
         <run_address>0xeb27</run_address>
         <size>0x3e9</size>
         <input_file_ref idref="fl-12"/>
      </object_component>
      <object_component id="oc-f4">
         <name>.debug_info</name>
         <load_address>0xef10</load_address>
         <run_address>0xef10</run_address>
         <size>0x520</size>
         <input_file_ref idref="fl-12"/>
      </object_component>
      <object_component id="oc-e2">
         <name>.debug_info</name>
         <load_address>0xf430</load_address>
         <run_address>0xf430</run_address>
         <size>0x121</size>
         <input_file_ref idref="fl-13"/>
      </object_component>
      <object_component id="oc-165">
         <name>.debug_info</name>
         <load_address>0xf551</load_address>
         <run_address>0xf551</run_address>
         <size>0x33a</size>
         <input_file_ref idref="fl-cd"/>
      </object_component>
      <object_component id="oc-8d">
         <name>.debug_info</name>
         <load_address>0xf88b</load_address>
         <run_address>0xf88b</run_address>
         <size>0x1ee</size>
         <input_file_ref idref="fl-cd"/>
      </object_component>
      <object_component id="oc-15c">
         <name>.debug_info</name>
         <load_address>0xfa79</load_address>
         <run_address>0xfa79</run_address>
         <size>0x1c3</size>
         <input_file_ref idref="fl-cd"/>
      </object_component>
      <object_component id="oc-15f">
         <name>.debug_info</name>
         <load_address>0xfc3c</load_address>
         <run_address>0xfc3c</run_address>
         <size>0x176</size>
         <input_file_ref idref="fl-cd"/>
      </object_component>
      <object_component id="oc-166">
         <name>.debug_info</name>
         <load_address>0xfdb2</load_address>
         <run_address>0xfdb2</run_address>
         <size>0x2c</size>
         <input_file_ref idref="fl-cd"/>
      </object_component>
      <object_component id="oc-16b">
         <name>.debug_info</name>
         <load_address>0xfdde</load_address>
         <run_address>0xfdde</run_address>
         <size>0x69</size>
         <input_file_ref idref="fl-cd"/>
      </object_component>
      <object_component id="oc-1ba">
         <name>.debug_info</name>
         <load_address>0xfe47</load_address>
         <run_address>0xfe47</run_address>
         <size>0x37a</size>
         <input_file_ref idref="fl-ce"/>
      </object_component>
      <object_component id="oc-ac">
         <name>.debug_info</name>
         <load_address>0x101c1</load_address>
         <run_address>0x101c1</run_address>
         <size>0x17e</size>
         <input_file_ref idref="fl-ce"/>
      </object_component>
      <object_component id="oc-1af">
         <name>.debug_info</name>
         <load_address>0x1033f</load_address>
         <run_address>0x1033f</run_address>
         <size>0x171</size>
         <input_file_ref idref="fl-ce"/>
      </object_component>
      <object_component id="oc-1a8">
         <name>.debug_info</name>
         <load_address>0x104b0</load_address>
         <run_address>0x104b0</run_address>
         <size>0x17e</size>
         <input_file_ref idref="fl-ce"/>
      </object_component>
      <object_component id="oc-1b4">
         <name>.debug_info</name>
         <load_address>0x1062e</load_address>
         <run_address>0x1062e</run_address>
         <size>0x1de</size>
         <input_file_ref idref="fl-ce"/>
      </object_component>
      <object_component id="oc-42">
         <name>.debug_info</name>
         <load_address>0x1080c</load_address>
         <run_address>0x1080c</run_address>
         <size>0x119</size>
         <input_file_ref idref="fl-cf"/>
      </object_component>
      <object_component id="oc-cc">
         <name>.debug_info</name>
         <load_address>0x10925</load_address>
         <run_address>0x10925</run_address>
         <size>0x147</size>
         <input_file_ref idref="fl-d0"/>
      </object_component>
      <object_component id="oc-126">
         <name>.debug_info</name>
         <load_address>0x10a6c</load_address>
         <run_address>0x10a6c</run_address>
         <size>0x2d4</size>
         <input_file_ref idref="fl-d1"/>
      </object_component>
      <object_component id="oc-56">
         <name>.debug_info</name>
         <load_address>0x10d40</load_address>
         <run_address>0x10d40</run_address>
         <size>0x1b5</size>
         <input_file_ref idref="fl-d1"/>
      </object_component>
      <object_component id="oc-121">
         <name>.debug_info</name>
         <load_address>0x10ef5</load_address>
         <run_address>0x10ef5</run_address>
         <size>0x46</size>
         <input_file_ref idref="fl-d1"/>
      </object_component>
      <object_component id="oc-211">
         <name>.debug_info</name>
         <load_address>0x10f3b</load_address>
         <run_address>0x10f3b</run_address>
         <size>0x2c</size>
         <input_file_ref idref="fl-d1"/>
      </object_component>
      <object_component id="oc-4c">
         <name>.debug_info</name>
         <load_address>0x10f67</load_address>
         <run_address>0x10f67</run_address>
         <size>0x2a8</size>
         <input_file_ref idref="fl-d2"/>
      </object_component>
      <object_component id="oc-1f">
         <name>.debug_info</name>
         <load_address>0x1120f</load_address>
         <run_address>0x1120f</run_address>
         <size>0x1ea</size>
         <input_file_ref idref="fl-d2"/>
      </object_component>
      <object_component id="oc-47">
         <name>.debug_info</name>
         <load_address>0x113f9</load_address>
         <run_address>0x113f9</run_address>
         <size>0x46</size>
         <input_file_ref idref="fl-d2"/>
      </object_component>
      <object_component id="oc-119">
         <name>.debug_info</name>
         <load_address>0x1143f</load_address>
         <run_address>0x1143f</run_address>
         <size>0x2c</size>
         <input_file_ref idref="fl-d2"/>
      </object_component>
      <object_component id="oc-117">
         <name>.debug_info</name>
         <load_address>0x1146b</load_address>
         <run_address>0x1146b</run_address>
         <size>0x29e</size>
         <input_file_ref idref="fl-d3"/>
      </object_component>
      <object_component id="oc-19">
         <name>.debug_info</name>
         <load_address>0x11709</load_address>
         <run_address>0x11709</run_address>
         <size>0x250</size>
         <input_file_ref idref="fl-d3"/>
      </object_component>
      <object_component id="oc-37">
         <name>.debug_info</name>
         <load_address>0x11959</load_address>
         <run_address>0x11959</run_address>
         <size>0x60</size>
         <input_file_ref idref="fl-d3"/>
      </object_component>
      <object_component id="oc-20a">
         <name>.debug_info</name>
         <load_address>0x119b9</load_address>
         <run_address>0x119b9</run_address>
         <size>0x46</size>
         <input_file_ref idref="fl-d3"/>
      </object_component>
      <object_component id="oc-112">
         <name>.debug_info</name>
         <load_address>0x119ff</load_address>
         <run_address>0x119ff</run_address>
         <size>0x39</size>
         <input_file_ref idref="fl-d3"/>
      </object_component>
      <object_component id="oc-2df">
         <name>.debug_info</name>
         <load_address>0x11a38</load_address>
         <run_address>0x11a38</run_address>
         <size>0xf9</size>
         <input_file_ref idref="fl-d4"/>
      </object_component>
      <object_component id="oc-19d">
         <name>.debug_info</name>
         <load_address>0x11b31</load_address>
         <run_address>0x11b31</run_address>
         <size>0x105</size>
         <input_file_ref idref="fl-d4"/>
      </object_component>
      <object_component id="oc-2dc">
         <name>.debug_info</name>
         <load_address>0x11c36</load_address>
         <run_address>0x11c36</run_address>
         <size>0x29a</size>
         <input_file_ref idref="fl-d5"/>
      </object_component>
      <object_component id="oc-196">
         <name>.debug_info</name>
         <load_address>0x11ed0</load_address>
         <run_address>0x11ed0</run_address>
         <size>0x292</size>
         <input_file_ref idref="fl-d5"/>
      </object_component>
      <object_component id="oc-1cd">
         <name>.debug_info</name>
         <load_address>0x12162</load_address>
         <run_address>0x12162</run_address>
         <size>0x28a</size>
         <input_file_ref idref="fl-d6"/>
      </object_component>
      <object_component id="oc-b7">
         <name>.debug_info</name>
         <load_address>0x123ec</load_address>
         <run_address>0x123ec</run_address>
         <size>0x273</size>
         <input_file_ref idref="fl-d6"/>
      </object_component>
      <object_component id="oc-1cb">
         <name>.debug_info</name>
         <load_address>0x1265f</load_address>
         <run_address>0x1265f</run_address>
         <size>0x2fe</size>
         <input_file_ref idref="fl-d7"/>
      </object_component>
      <object_component id="oc-1c8">
         <name>.debug_info</name>
         <load_address>0x1295d</load_address>
         <run_address>0x1295d</run_address>
         <size>0x105</size>
         <input_file_ref idref="fl-d7"/>
      </object_component>
      <object_component id="oc-b4">
         <name>.debug_info</name>
         <load_address>0x12a62</load_address>
         <run_address>0x12a62</run_address>
         <size>0x1ab</size>
         <input_file_ref idref="fl-d7"/>
      </object_component>
      <object_component id="oc-1a0">
         <name>.debug_info</name>
         <load_address>0x12c0d</load_address>
         <run_address>0x12c0d</run_address>
         <size>0x2b6</size>
         <input_file_ref idref="fl-d8"/>
      </object_component>
      <object_component id="oc-a7">
         <name>.debug_info</name>
         <load_address>0x12ec3</load_address>
         <run_address>0x12ec3</run_address>
         <size>0x154</size>
         <input_file_ref idref="fl-d8"/>
      </object_component>
      <object_component id="oc-25">
         <name>.debug_info</name>
         <load_address>0x13017</load_address>
         <run_address>0x13017</run_address>
         <size>0x10b</size>
         <input_file_ref idref="fl-d9"/>
      </object_component>
      <object_component id="oc-62">
         <name>.debug_info</name>
         <load_address>0x13122</load_address>
         <run_address>0x13122</run_address>
         <size>0x1a9</size>
         <input_file_ref idref="fl-d9"/>
      </object_component>
      <object_component id="oc-2a4">
         <name>.debug_info</name>
         <load_address>0x132cb</load_address>
         <run_address>0x132cb</run_address>
         <size>0x590</size>
         <input_file_ref idref="fl-da"/>
      </object_component>
      <object_component id="oc-272">
         <name>.debug_info</name>
         <load_address>0x1385b</load_address>
         <run_address>0x1385b</run_address>
         <size>0x21e</size>
         <input_file_ref idref="fl-da"/>
      </object_component>
      <object_component id="oc-39c">
         <name>.debug_info</name>
         <load_address>0x13a79</load_address>
         <run_address>0x13a79</run_address>
         <size>0x1b3</size>
         <input_file_ref idref="fl-da"/>
      </object_component>
      <object_component id="oc-3a0">
         <name>.debug_info</name>
         <load_address>0x13c2c</load_address>
         <run_address>0x13c2c</run_address>
         <size>0x21b</size>
         <input_file_ref idref="fl-da"/>
      </object_component>
      <object_component id="oc-27b">
         <name>.debug_info</name>
         <load_address>0x13e47</load_address>
         <run_address>0x13e47</run_address>
         <size>0x3c0</size>
         <input_file_ref idref="fl-da"/>
      </object_component>
      <object_component id="oc-3a7">
         <name>.debug_info</name>
         <load_address>0x14207</load_address>
         <run_address>0x14207</run_address>
         <size>0x30a</size>
         <input_file_ref idref="fl-da"/>
      </object_component>
      <object_component id="oc-3ad">
         <name>.debug_info</name>
         <load_address>0x14511</load_address>
         <run_address>0x14511</run_address>
         <size>0x215</size>
         <input_file_ref idref="fl-da"/>
      </object_component>
      <object_component id="oc-281">
         <name>.debug_info</name>
         <load_address>0x14726</load_address>
         <run_address>0x14726</run_address>
         <size>0x215</size>
         <input_file_ref idref="fl-da"/>
      </object_component>
      <object_component id="oc-287">
         <name>.debug_info</name>
         <load_address>0x1493b</load_address>
         <run_address>0x1493b</run_address>
         <size>0x304</size>
         <input_file_ref idref="fl-da"/>
      </object_component>
      <object_component id="oc-28d">
         <name>.debug_info</name>
         <load_address>0x14c3f</load_address>
         <run_address>0x14c3f</run_address>
         <size>0x4b5</size>
         <input_file_ref idref="fl-da"/>
      </object_component>
      <object_component id="oc-155">
         <name>.debug_info</name>
         <load_address>0x150f4</load_address>
         <run_address>0x150f4</run_address>
         <size>0x5f4</size>
         <input_file_ref idref="fl-da"/>
      </object_component>
      <object_component id="oc-2a5">
         <name>.debug_info</name>
         <load_address>0x156e8</load_address>
         <run_address>0x156e8</run_address>
         <size>0x86</size>
         <input_file_ref idref="fl-da"/>
      </object_component>
      <object_component id="oc-3d0">
         <name>.debug_info</name>
         <load_address>0x1576e</load_address>
         <run_address>0x1576e</run_address>
         <size>0x39</size>
         <input_file_ref idref="fl-da"/>
      </object_component>
      <object_component id="oc-451">
         <name>.debug_info</name>
         <load_address>0x157a7</load_address>
         <run_address>0x157a7</run_address>
         <size>0xb6</size>
         <input_file_ref idref="fl-da"/>
      </object_component>
      <object_component id="oc-3d5">
         <name>.debug_info</name>
         <load_address>0x1585d</load_address>
         <run_address>0x1585d</run_address>
         <size>0x46</size>
         <input_file_ref idref="fl-da"/>
      </object_component>
      <object_component id="oc-2aa">
         <name>.debug_info</name>
         <load_address>0x158a3</load_address>
         <run_address>0x158a3</run_address>
         <size>0x46</size>
         <input_file_ref idref="fl-da"/>
      </object_component>
      <object_component id="oc-319">
         <name>.debug_info</name>
         <load_address>0x158e9</load_address>
         <run_address>0x158e9</run_address>
         <size>0x5ce</size>
         <input_file_ref idref="fl-db"/>
      </object_component>
      <object_component id="oc-1a4">
         <name>.debug_info</name>
         <load_address>0x15eb7</load_address>
         <run_address>0x15eb7</run_address>
         <size>0xa45</size>
         <input_file_ref idref="fl-db"/>
      </object_component>
      <object_component id="oc-31b">
         <name>.debug_info</name>
         <load_address>0x168fc</load_address>
         <run_address>0x168fc</run_address>
         <size>0x9a</size>
         <input_file_ref idref="fl-db"/>
      </object_component>
      <object_component id="oc-395">
         <name>.debug_info</name>
         <load_address>0x16996</load_address>
         <run_address>0x16996</run_address>
         <size>0x14c</size>
         <input_file_ref idref="fl-dc"/>
      </object_component>
      <object_component id="oc-275">
         <name>.debug_info</name>
         <load_address>0x16ae2</load_address>
         <run_address>0x16ae2</run_address>
         <size>0x128</size>
         <input_file_ref idref="fl-dd"/>
      </object_component>
      <object_component id="oc-381">
         <name>.debug_info</name>
         <load_address>0x16c0a</load_address>
         <run_address>0x16c0a</run_address>
         <size>0x12a</size>
         <input_file_ref idref="fl-dd"/>
      </object_component>
      <object_component id="oc-37a">
         <name>.debug_info</name>
         <load_address>0x16d34</load_address>
         <run_address>0x16d34</run_address>
         <size>0x13a</size>
         <input_file_ref idref="fl-de"/>
      </object_component>
      <object_component id="oc-375">
         <name>.debug_info</name>
         <load_address>0x16e6e</load_address>
         <run_address>0x16e6e</run_address>
         <size>0x13a</size>
         <input_file_ref idref="fl-df"/>
      </object_component>
      <object_component id="oc-384">
         <name>.debug_info</name>
         <load_address>0x16fa8</load_address>
         <run_address>0x16fa8</run_address>
         <size>0x12e</size>
         <input_file_ref idref="fl-e0"/>
      </object_component>
      <object_component id="oc-2fb">
         <name>.debug_info</name>
         <load_address>0x170d6</load_address>
         <run_address>0x170d6</run_address>
         <size>0x13e</size>
         <input_file_ref idref="fl-e1"/>
      </object_component>
      <object_component id="oc-38f">
         <name>.debug_info</name>
         <load_address>0x17214</load_address>
         <run_address>0x17214</run_address>
         <size>0x12c</size>
         <input_file_ref idref="fl-e2"/>
      </object_component>
      <object_component id="oc-36e">
         <name>.debug_info</name>
         <load_address>0x17340</load_address>
         <run_address>0x17340</run_address>
         <size>0x134</size>
         <input_file_ref idref="fl-e3"/>
      </object_component>
      <object_component id="oc-354">
         <name>.debug_info</name>
         <load_address>0x17474</load_address>
         <run_address>0x17474</run_address>
         <size>0x4b3</size>
         <input_file_ref idref="fl-e4"/>
      </object_component>
      <object_component id="oc-229">
         <name>.debug_info</name>
         <load_address>0x17927</load_address>
         <run_address>0x17927</run_address>
         <size>0x1a6</size>
         <input_file_ref idref="fl-e4"/>
      </object_component>
      <object_component id="oc-40e">
         <name>.debug_info</name>
         <load_address>0x17acd</load_address>
         <run_address>0x17acd</run_address>
         <size>0x39</size>
         <input_file_ref idref="fl-e4"/>
      </object_component>
      <object_component id="oc-46c">
         <name>.debug_info</name>
         <load_address>0x17b06</load_address>
         <run_address>0x17b06</run_address>
         <size>0x39</size>
         <input_file_ref idref="fl-e4"/>
      </object_component>
      <object_component id="oc-413">
         <name>.debug_info</name>
         <load_address>0x17b3f</load_address>
         <run_address>0x17b3f</run_address>
         <size>0x39</size>
         <input_file_ref idref="fl-e4"/>
      </object_component>
      <object_component id="oc-418">
         <name>.debug_info</name>
         <load_address>0x17b78</load_address>
         <run_address>0x17b78</run_address>
         <size>0xcd</size>
         <input_file_ref idref="fl-e4"/>
      </object_component>
[...]
         <name>isIpUnicast</name>
         <value>0x4ce1</value>
         <object_component_ref idref="oc-92"/>
      </symbol>
      <symbol id="sm-48d">
         <name>setIpAddress</name>
         <value>0x4d67</value>
         <object_component_ref idref="oc-92"/>
      </symbol>
      <symbol id="sm-48e">
         <name>getIpDnsAddress</name>
         <value>0x4efd</value>
         <object_component_ref idref="oc-92"/>
      </symbol>
      <symbol id="sm-48f">
         <name>setIpDnsAddress</name>
         <value>0x4ec3</value>
         <object_component_ref idref="oc-92"/>
      </symbol>
      <symbol id="sm-4a0">
         <name>connectMqtt</name>
         <value>0x8011</value>
         <object_component_ref idref="oc-c2"/>
      </symbol>
      <symbol id="sm-4a1">
         <name>publishMqtt</name>
         <value>0x8015</value>
         <object_component_ref idref="oc-c2"/>
      </symbol>
      <symbol id="sm-4a2">
         <name>subscribeMqtt</name>
         <value>0x8021</value>
         <object_component_ref idref="oc-c2"/>
      </symbol>
      <symbol id="sm-4a3">
         <name>unsubscribeMqtt</name>
         <value>0x802b</value>
         <object_component_ref idref="oc-c2"/>
      </symbol>
      <symbol id="sm-4a4">
         <name>disconnectMqtt</name>
         <value>0x8013</value>
         <object_component_ref idref="oc-c2"/>
      </symbol>
      <symbol id="sm-4d4">
         <name>sockets</name>
         <value>0x200014b0</value>
      </symbol>
      <symbol id="sm-4d5">
         <name>getSocketInfoFromArpResponse</name>
         <value>0x5cb3</value>
         <object_component_ref idref="oc-d4"/>
      </symbol>
      <symbol id="sm-4d6">
         <name>initSockets</name>
         <value>0x5ba9</value>
         <object_component_ref idref="oc-d4"/>
      </symbol>
      <symbol id="sm-4d7">
         <name>newSocket</name>
         <value>0x5be1</value>
         <object_component_ref idref="oc-d4"/>
      </symbol>
      <symbol id="sm-4d8">
         <name>deleteSocket</name>
         <value>0x5c4b</value>
         <object_component_ref idref="oc-d4"/>
      </symbol>
      <symbol id="sm-4d9">
         <name>getSocketInfoFromTcpPacket</name>
         <value>0x5dd5</value>
         <object_component_ref idref="oc-d4"/>
      </symbol>
      <symbol id="sm-4da">
         <name>getSocketInfoFromUdpPacket</name>
         <value>0x5d2b</value>
         <object_component_ref idref="oc-d4"/>
      </symbol>
      <symbol id="sm-4f6">
         <name>setSpi0Mode</name>
         <value>0x6b63</value>
         <object_component_ref idref="oc-142"/>
      </symbol>
      <symbol id="sm-4f7">
         <name>readSpi0Data</name>
         <value>0x6bc9</value>
         <object_component_ref idref="oc-142"/>
      </symbol>
      <symbol id="sm-4f8">
         <name>writeSpi0Data</name>
         <value>0x6bb1</value>
         <object_component_ref idref="oc-142"/>
      </symbol>
      <symbol id="sm-4f9">
         <name>initSpi0</name>
         <value>0x6a91</value>
         <object_component_ref idref="oc-142"/>
      </symbol>
      <symbol id="sm-4fa">
         <name>setSpi0BaudRate</name>
         <value>0x6b2d</value>
         <object_component_ref idref="oc-142"/>
      </symbol>
      <symbol id="sm-551">
         <name>tcpPorts</name>
         <value>0x200016a4</value>
      </symbol>
      <symbol id="sm-552">
         <name>tcpState</name>
         <value>0x200016b4</value>
      </symbol>
      <symbol id="sm-553">
         <name>isTcp</name>
         <value>0x3e05</value>
         <object_component_ref idref="oc-da"/>
      </symbol>
      <symbol id="sm-554">
         <name>tcpPortCount</name>
         <value>0x20001700</value>
         <object_component_ref idref="oc-1f7"/>
      </symbol>
      <symbol id="sm-555">
         <name>sendTcpResponse</name>
         <value>0x4105</value>
         <object_component_ref idref="oc-da"/>
      </symbol>
      <symbol id="sm-556">
         <name>setTcpPortList</name>
         <value>0x4043</value>
         <object_component_ref idref="oc-da"/>
      </symbol>
      <symbol id="sm-557">
         <name>isTcpSyn</name>
         <value>0x3e31</value>
         <object_component_ref idref="oc-da"/>
      </symbol>
      <symbol id="sm-558">
         <name>processTcpArpResponse</name>
         <value>0x4039</value>
         <object_component_ref idref="oc-da"/>
      </symbol>
      <symbol id="sm-559">
         <name>getTcpState</name>
         <value>0x3df1</value>
         <object_component_ref idref="oc-da"/>
      </symbol>
      <symbol id="sm-55a">
         <name>sendTcpPendingMessages</name>
         <value>0x3ec9</value>
         <object_component_ref idref="oc-da"/>
      </symbol>
      <symbol id="sm-55b">
         <name>isTcpAck</name>
         <value>0x3e7d</value>
         <object_component_ref idref="oc-da"/>
      </symbol>
      <symbol id="sm-55c">
         <name>setTcpState</name>
         <value>0x3dd5</value>
         <object_component_ref idref="oc-da"/>
      </symbol>
      <symbol id="sm-55d">
         <name>sendTcpMessage</name>
         <value>0x4225</value>
         <object_component_ref idref="oc-da"/>
      </symbol>
      <symbol id="sm-55e">
         <name>processTcpResponse</name>
         <value>0x3ed9</value>
         <object_component_ref idref="oc-da"/>
      </symbol>
      <symbol id="sm-55f">
         <name>isTcpPortOpen</name>
         <value>0x4099</value>
         <object_component_ref idref="oc-da"/>
      </symbol>
      <symbol id="sm-5a0">
         <name>fn</name>
         <value>0x20001000</value>
      </symbol>
      <symbol id="sm-5a1">
         <name>period</name>
         <value>0x20001190</value>
      </symbol>
      <symbol id="sm-5a2">
         <name>ticks</name>
         <value>0x20001320</value>
      </symbol>
      <symbol id="sm-5a3">
         <name>reload</name>
         <value>0x200015c8</value>
      </symbol>
      <symbol id="sm-5a4">
         <name>initTimer</name>
         <value>0x557d</value>
         <object_component_ref idref="oc-ce"/>
      </symbol>
      <symbol id="sm-5a5">
         <name>stopTimer</name>
         <value>0x5729</value>
         <object_component_ref idref="oc-ce"/>
      </symbol>
      <symbol id="sm-5a6">
         <name>startOneshotTimer</name>
         <value>0x561d</value>
         <object_component_ref idref="oc-ce"/>
      </symbol>
      <symbol id="sm-5a7">
         <name>restartTimer</name>
         <value>0x578f</value>
         <object_component_ref idref="oc-ce"/>
      </symbol>
      <symbol id="sm-5a8">
         <name>random32</name>
         <value>0x5877</value>
         <object_component_ref idref="oc-ce"/>
      </symbol>
      <symbol id="sm-5a9">
         <name>tickIsr</name>
         <value>0x57fd</value>
         <object_component_ref idref="oc-ce"/>
      </symbol>
      <symbol id="sm-5aa">
         <name>startPeriodicTimer</name>
         <value>0x56a3</value>
         <object_component_ref idref="oc-ce"/>
      </symbol>
      <symbol id="sm-5c6">
         <name>ResetISR</name>
         <value>0x81af</value>
         <object_component_ref idref="oc-27"/>
      </symbol>
      <symbol id="sm-5c7">
         <name>g_pfnVectors</name>
         <value>0x0</value>
         <object_component_ref idref="oc-12"/>
      </symbol>
      <symbol id="sm-5ea">
         <name>getcUart0</name>
         <value>0x71c7</value>
         <object_component_ref idref="oc-86"/>
      </symbol>
      <symbol id="sm-5eb">
         <name>kbhitUart0</name>
         <value>0x71db</value>
         <object_component_ref idref="oc-86"/>
      </symbol>
      <symbol id="sm-5ec">
         <name>setUart0BaudRate</name>
         <value>0x713b</value>
         <object_component_ref idref="oc-86"/>
      </symbol>
      <symbol id="sm-5ed">
         <name>putsUart0</name>
         <value>0x719b</value>
         <object_component_ref idref="oc-86"/>
      </symbol>
      <symbol id="sm-5ee">
         <name>initUart0</name>
         <value>0x70f1</value>
         <object_component_ref idref="oc-86"/>
      </symbol>
      <symbol id="sm-5ef">
         <name>putcUart0</name>
         <value>0x717f</value>
         <object_component_ref idref="oc-86"/>
      </symbol>
      <symbol id="sm-609">
         <name>sendUdpMessage</name>
         <value>0x5f5d</value>
         <object_component_ref idref="oc-f2"/>
      </symbol>
      <symbol id="sm-60a">
         <name>getUdpData</name>
         <value>0x5f31</value>
         <object_component_ref idref="oc-f2"/>
      </symbol>
      <symbol id="sm-60b">
         <name>isUdp</name>
         <value>0x5e89</value>
         <object_component_ref idref="oc-f2"/>
      </symbol>
      <symbol id="sm-619">
         <name>waitMicrosecond</name>
         <value>0x8059</value>
         <object_component_ref idref="oc-e0"/>
      </symbol>
      <symbol id="sm-648">
         <name>snprintf</name>
         <value>0x7da1</value>
         <object_component_ref idref="oc-8c"/>
      </symbol>
      <symbol id="sm-67f">
         <name>sscanf</name>
         <value>0x7ef9</value>
         <object_component_ref idref="oc-aa"/>
      </symbol>
      <symbol id="sm-69a">
         <name>memcpy</name>
         <value>0x770b</value>
         <object_component_ref idref="oc-41"/>
      </symbol>
      <symbol id="sm-69b">
         <name>__aeabi_memcpy</name>
         <value>0x770b</value>
         <object_component_ref idref="oc-41"/>
      </symbol>
      <symbol id="sm-69c">
         <name>__aeabi_memcpy8</name>
         <value>0x770b</value>
         <object_component_ref idref="oc-41"/>
      </symbol>
      <symbol id="sm-69d">
         <name>__aeabi_memcpy4</name>
         <value>0x770b</value>
         <object_component_ref idref="oc-41"/>
      </symbol>
      <symbol id="sm-6ac">
         <name>__aeabi_memset</name>
         <value>0x79cf</value>
         <object_component_ref idref="oc-c9"/>
      </symbol>
      <symbol id="sm-6ad">
         <name>memset</name>
         <value>0x79d5</value>
         <object_component_ref idref="oc-c9"/>
      </symbol>
      <symbol id="sm-6ae">
         <name>__aeabi_memset8</name>
         <value>0x79cf</value>
         <object_component_ref idref="oc-c9"/>
      </symbol>
      <symbol id="sm-6af">
         <name>__aeabi_memset4</name>
         <value>0x79cf</value>
         <object_component_ref idref="oc-c9"/>
      </symbol>
      <symbol id="sm-6b0">
         <name>__aeabi_memclr8</name>
         <value>0x79cd</value>
         <object_component_ref idref="oc-c9"/>
      </symbol>
      <symbol id="sm-6b1">
         <name>__aeabi_memclr4</name>
         <value>0x79cd</value>
         <object_component_ref idref="oc-c9"/>
      </symbol>
      <symbol id="sm-6b2">
         <name>__aeabi_memclr</name>
         <value>0x79cd</value>
         <object_component_ref idref="oc-c9"/>
      </symbol>
      <symbol id="sm-6c9">
         <name>__TI_zero_init</name>
         <value>0x81a3</value>
         <object_component_ref idref="oc-53"/>
      </symbol>
      <symbol id="sm-6e0">
         <name>__TI_decompress_none</name>
         <value>0x8195</value>
         <object_component_ref idref="oc-1b"/>
      </symbol>
      <symbol id="sm-703">
         <name>__TI_decompress_lzss</name>
         <value>0x7b8d</value>
         <object_component_ref idref="oc-15"/>
      </symbol>
      <symbol id="sm-70e">
         <name>_ctypes_</name>
         <value>0x81d8</value>
         <object_component_ref idref="oc-19c"/>
      </symbol>
      <symbol id="sm-71e">
         <name>memcmp</name>
         <value>0x7fed</value>
         <object_component_ref idref="oc-194"/>
      </symbol>
      <symbol id="sm-72d">
         <name>strcmp</name>
         <value>0x80e3</value>
         <object_component_ref idref="oc-b6"/>
      </symbol>
      <symbol id="sm-745">
         <name>strtok</name>
         <value>0x7e79</value>
         <object_component_ref idref="oc-b0"/>
      </symbol>
      <symbol id="sm-754">
         <name>tolower</name>
         <value>0x8185</value>
         <object_component_ref idref="oc-a4"/>
      </symbol>
      <symbol id="sm-767">
         <name>__stack</name>
         <value>0x20000000</value>
         <object_component_ref idref="oc-24"/>
      </symbol>
      <symbol id="sm-768">
         <name>_c_int00_noargs</name>
         <value>0x7f31</value>
         <object_component_ref idref="oc-5f"/>
      </symbol>
      <symbol id="sm-8cd">
         <name>__TI_printfi</name>
         <value>0x2b7d</value>
         <object_component_ref idref="oc-152"/>
      </symbol>
      <symbol id="sm-983">
         <name>__TI_scanfi</name>
         <value>0x2069</value>
         <object_component_ref idref="oc-1a1"/>
      </symbol>
      <symbol id="sm-99a">
         <name>__aeabi_dsub</name>
         <value>0x6779</value>
         <object_component_ref idref="oc-393"/>
      </symbol>
      <symbol id="sm-99b">
         <name>__aeabi_dadd</name>
         <value>0x6783</value>
         <object_component_ref idref="oc-393"/>
      </symbol>
      <symbol id="sm-9bd">
         <name>__aeabi_cdcmpeq</name>
         <value>0x783d</value>
         <object_component_ref idref="oc-274"/>
      </symbol>
      <symbol id="sm-9be">
         <name>__aeabi_cdcmple</name>
         <value>0x783d</value>
         <object_component_ref idref="oc-274"/>
      </symbol>
      <symbol id="sm-9bf">
         <name>__aeabi_cdrcmple</name>
         <value>0x78c3</value>
         <object_component_ref idref="oc-37e"/>
      </symbol>
      <symbol id="sm-9d3">
         <name>__aeabi_ddiv</name>
         <value>0x6e89</value>
         <object_component_ref idref="oc-379"/>
      </symbol>
      <symbol id="sm-9de">
         <name>__aeabi_dmul</name>
         <value>0x755d</value>
         <object_component_ref idref="oc-374"/>
      </symbol>
      <symbol id="sm-9e8">
         <name>__aeabi_d2iz</name>
         <value>0x7ded</value>
         <object_component_ref idref="oc-383"/>
      </symbol>
      <symbol id="sm-9f4">
         <name>__aeabi_d2f</name>
         <value>0x7ab5</value>
         <object_component_ref idref="oc-2fa"/>
      </symbol>
      <symbol id="sm-9fe">
         <name>__aeabi_i2d</name>
         <value>0x7f95</value>
         <object_component_ref idref="oc-38e"/>
      </symbol>
      <symbol id="sm-a0b">
         <name>__aeabi_uldivmod</name>
         <value>0x77a7</value>
         <object_component_ref idref="oc-36d"/>
      </symbol>
      <symbol id="sm-a33">
         <name>__TI_auto_init_nobinit_nopinit</name>
         <value>0x7e35</value>
         <object_component_ref idref="oc-225"/>
      </symbol>
      <symbol id="sm-a3d">
         <name>_system_pre_init</name>
         <value>0x81cd</value>
         <object_component_ref idref="oc-128"/>
      </symbol>
      <symbol id="sm-a49">
         <name>C$$EXIT</name>
         <value>0x81d1</value>
         <object_component_ref idref="oc-219"/>
      </symbol>
      <symbol id="sm-a4a">
         <name>abort</name>
         <value>0x81d1</value>
         <object_component_ref idref="oc-219"/>
      </symbol>
      <symbol id="sm-a5a">
         <name>__TI_ltoa</name>
         <value>0x7caf</value>
         <object_component_ref idref="oc-388"/>
      </symbol>
      <symbol id="sm-a71">
         <name>atoi</name>
         <value>0x7d55</value>
         <object_component_ref idref="oc-268"/>
      </symbol>
      <symbol id="sm-a81">
         <name>memccpy</name>
         <value>0x807d</value>
         <object_component_ref idref="oc-291"/>
      </symbol>
      <symbol id="sm-a91">
         <name>strchr</name>
         <value>0x8113</value>
         <object_component_ref idref="oc-311"/>
      </symbol>
      <symbol id="sm-a9f">
         <name>strcpy</name>
         <value>0x8129</value>
         <object_component_ref idref="oc-2e2"/>
      </symbol>
      <symbol id="sm-ab0">
         <name>strcspn</name>
         <value>0x8035</value>
         <object_component_ref idref="oc-1c1"/>
      </symbol>
      <symbol id="sm-abe">
         <name>strlen</name>
         <value>0x813d</value>
         <object_component_ref idref="oc-262"/>
      </symbol>
      <symbol id="sm-acd">
         <name>strrchr</name>
         <value>0x80fb</value>
         <object_component_ref idref="oc-30b"/>
      </symbol>
      <symbol id="sm-adf">
         <name>strspn</name>
         <value>0x7fc3</value>
         <object_component_ref idref="oc-1bb"/>
      </symbol>
      <symbol id="sm-b3f">
         <name>strtold</name>
         <value>0x511d</value>
         <object_component_ref idref="oc-2f4"/>
      </symbol>
      <symbol id="sm-b40">
         <name>strtod</name>
         <value>0x511d</value>
         <object_component_ref idref="oc-2f4"/>
      </symbol>
      <symbol id="sm-b64">
         <name>strtol</name>
         <value>0x6fc1</value>
         <object_component_ref idref="oc-2ff"/>
      </symbol>
      <symbol id="sm-b8a">
         <name>strtoll</name>
         <value>0x63cd</value>
         <object_component_ref idref="oc-305"/>
      </symbol>
      <symbol id="sm-baa">
         <name>strtoul</name>
         <value>0x744d</value>
         <object_component_ref idref="oc-2ee"/>
      </symbol>
      <symbol id="sm-bcd">
         <name>strtoull</name>
         <value>0x6bf1</value>
         <object_component_ref idref="oc-2e8"/>
      </symbol>
      <symbol id="sm-be3">
         <name>__aeabi_errno_addr</name>
         <value>0x81bd</value>
         <object_component_ref idref="oc-29d"/>
      </symbol>
      <symbol id="sm-be4">
         <name>errno</name>
         <value>0x200016f4</value>
         <object_component_ref idref="oc-3c9"/>
      </symbol>
      <symbol id="sm-bfd">
         <name>wcslen</name>
         <value>0x8163</value>
         <object_component_ref idref="oc-297"/>
      </symbol>
      <symbol id="sm-c1d">
         <name>frexpl</name>
         <value>0x7bf5</value>
         <object_component_ref idref="oc-3b3"/>
      </symbol>
      <symbol id="sm-c1e">
         <name>frexp</name>
         <value>0x7bf5</value>
         <object_component_ref idref="oc-3b3"/>
      </symbol>
      <symbol id="sm-c3b">
         <name>scalbn</name>
         <value>0x733d</value>
         <object_component_ref idref="oc-3b9"/>
      </symbol>
      <symbol id="sm-c3c">
         <name>scalbnl</name>
         <value>0x733d</value>
         <object_component_ref idref="oc-3b9"/>
      </symbol>
      <symbol id="sm-c3d">
         <name>ldexpl</name>
         <value>0x733d</value>
         <object_component_ref idref="oc-3b9"/>
      </symbol>
      <symbol id="sm-c3e">
         <name>ldexp</name>
         <value>0x733d</value>
         <object_component_ref idref="oc-3b9"/>
      </symbol>
      <symbol id="sm-c48">
         <name>__aeabi_idiv0</name>
         <value>0x35cb</value>
         <object_component_ref idref="oc-423"/>
      </symbol>
      <symbol id="sm-c49">
         <name>__aeabi_ldiv0</name>
         <value>0x35cb</value>
         <object_component_ref idref="oc-423"/>
      </symbol>
      <symbol id="sm-c52">
         <name>__aeabi_lmul</name>
         <value>0x80cb</value>
         <object_component_ref idref="oc-3e0"/>
      </symbol>
      <symbol id="sm-c5c">
         <name>copysign</name>
         <value>0x8099</value>
         <object_component_ref idref="oc-43c"/>
      </symbol>
      <symbol id="sm-c5d">
         <name>copysignl</name>
         <value>0x8099</value>
         <object_component_ref idref="oc-43c"/>
      </symbol>
      <symbol id="sm-c5e">
         <name>__TI_static_base__</name>
         <value>0x0</value>
      </symbol>
      <symbol id="sm-c61">
         <name>__mpu_init</name>
         <value>0x0</value>
      </symbol>
      <symbol id="sm-c62">
         <name>_system_post_cinit</name>
         <value>0x0</value>
      </symbol>
   </symbol_table>
   <title>Link successful</title>
</link_info>
