<?xml version="1.0" encoding="ISO-8859-1" ?>
<link_info>
   <banner>TI ARM Linker PC v20.2.7.LTS</banner>
   <copyright>Copyright (c) 1996-2018 Texas Instruments Incorporated</copyright>
   <link_time>0x69ead233</link_time>
   <link_errors>0x0</link_errors>
   <output_file>IotProject1.out</output_file>
   <entry_point>
      <name>_c_int00_noargs</name>
      <address>0x88ad</address>
   </entry_point>
   <input_file_list>
      <input_file id="fl-2">
         <path>.\</path>
         <kind>object</kind>
         <file>arp.obj</file>
         <name>arp.obj</name>
      </input_file>
      <input_file id="fl-3">
         <path>.\</path>
         <kind>object</kind>
         <file>clock.obj</file>
         <name>clock.obj</name>
      </input_file>
      <input_file id="fl-4">
         <path>.\</path>
         <kind>object</kind>
         <file>dhcp.obj</file>
         <name>dhcp.obj</name>
      </input_file>
      <input_file id="fl-5">
         <path>.\</path>
         <kind>object</kind>
         <file>eeprom.obj</file>
         <name>eeprom.obj</name>
      </input_file>
      <input_file id="fl-6">
         <path>.\</path>
         <kind>object</kind>
         <file>eth0.obj</file>
         <name>eth0.obj</name>
      </input_file>
      <input_file id="fl-7">
         <path>.\</path>
         <kind>object</kind>
         <file>ethernet.obj</file>
         <name>ethernet.obj</name>
      </input_file>
      <input_file id="fl-8">
         <path>.\</path>
         <kind>object</kind>
         <file>gpio.obj</file>
         <name>gpio.obj</name>
      </input_file>
      <input_file id="fl-9">
         <path>.\</path>
         <kind>object</kind>
         <file>icmp.obj</file>
         <name>icmp.obj</name>
      </input_file>
      <input_file id="fl-a">
         <path>.\</path>
         <kind>object</kind>
         <file>ip.obj</file>
         <name>ip.obj</name>
      </input_file>
      <input_file id="fl-b">
         <path>.\</path>
         <kind>object</kind>
         <file>mqtt.obj</file>
         <name>mqtt.obj</name>
      </input_file>
      <input_file id="fl-c">
         <path>.\</path>
         <kind>object</kind>
         <file>socket.obj</file>
         <name>socket.obj</name>
      </input_file>
      <input_file id="fl-d">
         <path>.\</path>
         <kind>object</kind>
         <file>spi0.obj</file>
         <name>spi0.obj</name>
      </input_file>
      <input_file id="fl-e">
         <path>.\</path>
         <kind>object</kind>
         <file>tcp.obj</file>
         <name>tcp.obj</name>
      </input_file>
      <input_file id="fl-f">
         <path>.\</path>
         <kind>object</kind>
         <file>timer.obj</file>
         <name>timer.obj</name>
      </input_file>
      <input_file id="fl-10">
         <path>.\</path>
         <kind>object</kind>
         <file>tm4c123gh6pm_startup_ccs.obj</file>
         <name>tm4c123gh6pm_startup_ccs.obj</name>
      </input_file>
      <input_file id="fl-11">
         <path>.\</path>
         <kind>object</kind>
         <file>uart0.obj</file>
         <name>uart0.obj</name>
      </input_file>
      <input_file id="fl-12">
         <path>.\</path>
         <kind>object</kind>
         <file>udp.obj</file>
         <name>udp.obj</name>
      </input_file>
      <input_file id="fl-13">
         <path>.\</path>
         <kind>object</kind>
         <file>wait.obj</file>
         <name>wait.obj</name>
      </input_file>
      <input_file id="fl-17">
         <kind>object</kind>
         <file>&lt;internal&gt;</file>
         <name>&lt;internal&gt;</name>
      </input_file>
      <input_file id="fl-cd">
         <path>C:\ti\ccs1281\ccs\tools\compiler\ti-cgt-arm_20.2.7.LTS\lib\</path>
         <kind>archive</kind>
         <file>rtsv7M4_T_le_v4SPD16_eabi.lib</file>
         <name>snprintf.c.obj</name>
      </input_file>
      <input_file id="fl-ce">
         <path>C:\ti\ccs1281\ccs\tools\compiler\ti-cgt-arm_20.2.7.LTS\lib\</path>
         <kind>archive</kind>
         <file>rtsv7M4_T_le_v4SPD16_eabi.lib</file>
         <name>sscanf.c.obj</name>
      </input_file>
      <input_file id="fl-cf">
         <path>C:\ti\ccs1281\ccs\tools\compiler\ti-cgt-arm_20.2.7.LTS\lib\</path>
         <kind>archive</kind>
         <file>rtsv7M4_T_le_v4SPD16_eabi.lib</file>
         <name>memcpy_t2.asm.obj</name>
      </input_file>
      <input_file id="fl-d0">
         <path>C:\ti\ccs1281\ccs\tools\compiler\ti-cgt-arm_20.2.7.LTS\lib\</path>
         <kind>archive</kind>
         <file>rtsv7M4_T_le_v4SPD16_eabi.lib</file>
         <name>memset_t2.asm.obj</name>
      </input_file>
      <input_file id="fl-d1">
         <path>C:\ti\ccs1281\ccs\tools\compiler\ti-cgt-arm_20.2.7.LTS\lib\</path>
         <kind>archive</kind>
         <file>rtsv7M4_T_le_v4SPD16_eabi.lib</file>
         <name>copy_zero_init.c.obj</name>
      </input_file>
      <input_file id="fl-d2">
         <path>C:\ti\ccs1281\ccs\tools\compiler\ti-cgt-arm_20.2.7.LTS\lib\</path>
         <kind>archive</kind>
         <file>rtsv7M4_T_le_v4SPD16_eabi.lib</file>
         <name>copy_decompress_none.c.obj</name>
      </input_file>
      <input_file id="fl-d3">
         <path>C:\ti\ccs1281\ccs\tools\compiler\ti-cgt-arm_20.2.7.LTS\lib\</path>
         <kind>archive</kind>
         <file>rtsv7M4_T_le_v4SPD16_eabi.lib</file>
         <name>copy_decompress_lzss.c.obj</name>
      </input_file>
      <input_file id="fl-d4">
         <path>C:\ti\ccs1281\ccs\tools\compiler\ti-cgt-arm_20.2.7.LTS\lib\</path>
         <kind>archive</kind>
         <file>rtsv7M4_T_le_v4SPD16_eabi.lib</file>
         <name>ctype.c.obj</name>
      </input_file>
      <input_file id="fl-d5">
         <path>C:\ti\ccs1281\ccs\tools\compiler\ti-cgt-arm_20.2.7.LTS\lib\</path>
         <kind>archive</kind>
         <file>rtsv7M4_T_le_v4SPD16_eabi.lib</file>
         <name>memcmp.c.obj</name>
      </input_file>
      <input_file id="fl-d6">
         <path>C:\ti\ccs1281\ccs\tools\compiler\ti-cgt-arm_20.2.7.LTS\lib\</path>
         <kind>archive</kind>
         <file>rtsv7M4_T_le_v4SPD16_eabi.lib</file>
         <name>rand.c.obj</name>
      </input_file>
      <input_file id="fl-d7">
         <path>C:\ti\ccs1281\ccs\tools\compiler\ti-cgt-arm_20.2.7.LTS\lib\</path>
         <kind>archive</kind>
         <file>rtsv7M4_T_le_v4SPD16_eabi.lib</file>
         <name>strcmp.c.obj</name>
      </input_file>
      <input_file id="fl-d8">
         <path>C:\ti\ccs1281\ccs\tools\compiler\ti-cgt-arm_20.2.7.LTS\lib\</path>
         <kind>archive</kind>
         <file>rtsv7M4_T_le_v4SPD16_eabi.lib</file>
         <name>strtok.c.obj</name>
      </input_file>
      <input_file id="fl-d9">
         <path>C:\ti\ccs1281\ccs\tools\compiler\ti-cgt-arm_20.2.7.LTS\lib\</path>
         <kind>archive</kind>
         <file>rtsv7M4_T_le_v4SPD16_eabi.lib</file>
         <name>tolower.c.obj</name>
      </input_file>
      <input_file id="fl-da">
         <path>C:\ti\ccs1281\ccs\tools\compiler\ti-cgt-arm_20.2.7.LTS\lib\</path>
         <kind>archive</kind>
         <file>rtsv7M4_T_le_v4SPD16_eabi.lib</file>
         <name>boot_cortex_m.c.obj</name>
      </input_file>
      <input_file id="fl-db">
         <path>C:\ti\ccs1281\ccs\tools\compiler\ti-cgt-arm_20.2.7.LTS\lib\</path>
         <kind>archive</kind>
         <file>rtsv7M4_T_le_v4SPD16_eabi.lib</file>
         <name>_printfi.c.obj</name>
      </input_file>
      <input_file id="fl-dc">
         <path>C:\ti\ccs1281\ccs\tools\compiler\ti-cgt-arm_20.2.7.LTS\lib\</path>
         <kind>archive</kind>
         <file>rtsv7M4_T_le_v4SPD16_eabi.lib</file>
         <name>_scanfi.c.obj</name>
      </input_file>
      <input_file id="fl-dd">
         <path>C:\ti\ccs1281\ccs\tools\compiler\ti-cgt-arm_20.2.7.LTS\lib\</path>
         <kind>archive</kind>
         <file>rtsv7M4_T_le_v4SPD16_eabi.lib</file>
         <name>fd_add_t2.asm.obj</name>
      </input_file>
      <input_file id="fl-de">
         <path>C:\ti\ccs1281\ccs\tools\compiler\ti-cgt-arm_20.2.7.LTS\lib\</path>
         <kind>archive</kind>
         <file>rtsv7M4_T_le_v4SPD16_eabi.lib</file>
         <name>fd_cmp_t2.asm.obj</name>
      </input_file>
      <input_file id="fl-df">
         <path>C:\ti\ccs1281\ccs\tools\compiler\ti-cgt-arm_20.2.7.LTS\lib\</path>
         <kind>archive</kind>
         <file>rtsv7M4_T_le_v4SPD16_eabi.lib</file>
         <name>fd_div_t2.asm.obj</name>
      </input_file>
      <input_file id="fl-e0">
         <path>C:\ti\ccs1281\ccs\tools\compiler\ti-cgt-arm_20.2.7.LTS\lib\</path>
         <kind>archive</kind>
         <file>rtsv7M4_T_le_v4SPD16_eabi.lib</file>
         <name>fd_mul_t2.asm.obj</name>
      </input_file>
      <input_file id="fl-e1">
         <path>C:\ti\ccs1281\ccs\tools\compiler\ti-cgt-arm_20.2.7.LTS\lib\</path>
         <kind>archive</kind>
         <file>rtsv7M4_T_le_v4SPD16_eabi.lib</file>
         <name>fd_toi_t2.asm.obj</name>
      </input_file>
      <input_file id="fl-e2">
         <path>C:\ti\ccs1281\ccs\tools\compiler\ti-cgt-arm_20.2.7.LTS\lib\</path>
         <kind>archive</kind>
         <file>rtsv7M4_T_le_v4SPD16_eabi.lib</file>
         <name>fd_tos_t2.asm.obj</name>
      </input_file>
      <input_file id="fl-e3">
         <path>C:\ti\ccs1281\ccs\tools\compiler\ti-cgt-arm_20.2.7.LTS\lib\</path>
         <kind>archive</kind>
         <file>rtsv7M4_T_le_v4SPD16_eabi.lib</file>
         <name>i_tofd_t2.asm.obj</name>
      </input_file>
      <input_file id="fl-e4">
         <path>C:\ti\ccs1281\ccs\tools\compiler\ti-cgt-arm_20.2.7.LTS\lib\</path>
         <kind>archive</kind>
         <file>rtsv7M4_T_le_v4SPD16_eabi.lib</file>
         <name>ull_div_t2.asm.obj</name>
      </input_file>
      <input_file id="fl-e5">
         <path>C:\ti\ccs1281\ccs\tools\compiler\ti-cgt-arm_20.2.7.LTS\lib\</path>
         <kind>archive</kind>
         <file>rtsv7M4_T_le_v4SPD16_eabi.lib</file>
         <name>autoinit.c.obj</name>
      </input_file>
      <input_file id="fl-e6">
         <path>C:\ti\ccs1281\ccs\tools\compiler\ti-cgt-arm_20.2.7.LTS\lib\</path>
         <kind>archive</kind>
         <file>rtsv7M4_T_le_v4SPD16_eabi.lib</file>
         <name>pre_init.c.obj</name>
      </input_file>
      <input_file id="fl-e7">
         <path>C:\ti\ccs1281\ccs\tools\compiler\ti-cgt-arm_20.2.7.LTS\lib\</path>
         <kind>archive</kind>
         <file>rtsv7M4_T_le_v4SPD16_eabi.lib</file>
         <name>cpy_tbl.c.obj</name>
      </input_file>
      <input_file id="fl-e8">
         <path>C:\ti\ccs1281\ccs\tools\compiler\ti-cgt-arm_20.2.7.LTS\lib\</path>
         <kind>archive</kind>
         <file>rtsv7M4_T_le_v4SPD16_eabi.lib</file>
         <name>exit.c.obj</name>
      </input_file>
      <input_file id="fl-e9">
         <path>C:\ti\ccs1281\ccs\tools\compiler\ti-cgt-arm_20.2.7.LTS\lib\</path>
         <kind>archive</kind>
         <file>rtsv7M4_T_le_v4SPD16_eabi.lib</file>
         <name>_lock.c.obj</name>
      </input_file>
      <input_file id="fl-ea">
         <path>C:\ti\ccs1281\ccs\tools\compiler\ti-cgt-arm_20.2.7.LTS\lib\</path>
         <kind>archive</kind>
         <file>rtsv7M4_T_le_v4SPD16_eabi.lib</file>
         <name>_ltoa.c.obj</name>
      </input_file>
      <input_file id="fl-eb">
         <path>C:\ti\ccs1281\ccs\tools\compiler\ti-cgt-arm_20.2.7.LTS\lib\</path>
         <kind>archive</kind>
         <file>rtsv7M4_T_le_v4SPD16_eabi.lib</file>
         <name>args_main.c.obj</name>
      </input_file>
      <input_file id="fl-ec">
         <path>C:\ti\ccs1281\ccs\tools\compiler\ti-cgt-arm_20.2.7.LTS\lib\</path>
         <kind>archive</kind>
         <file>rtsv7M4_T_le_v4SPD16_eabi.lib</file>
         <name>atoi.c.obj</name>
      </input_file>
      <input_file id="fl-ed">
         <path>C:\ti\ccs1281\ccs\tools\compiler\ti-cgt-arm_20.2.7.LTS\lib\</path>
         <kind>archive</kind>
         <file>rtsv7M4_T_le_v4SPD16_eabi.lib</file>
         <name>memccpy.c.obj</name>
      </input_file>
      <input_file id="fl-ee">
         <path>C:\ti\ccs1281\ccs\tools\compiler\ti-cgt-arm_20.2.7.LTS\lib\</path>
         <kind>archive</kind>
         <file>rtsv7M4_T_le_v4SPD16_eabi.lib</file>
         <name>strchr.c.obj</name>
      </input_file>
      <input_file id="fl-ef">
         <path>C:\ti\ccs1281\ccs\tools\compiler\ti-cgt-arm_20.2.7.LTS\lib\</path>
         <kind>archive</kind>
         <file>rtsv7M4_T_le_v4SPD16_eabi.lib</file>
         <name>strcpy.c.obj</name>
      </input_file>
      <input_file id="fl-f0">
         <path>C:\ti\ccs1281\ccs\tools\compiler\ti-cgt-arm_20.2.7.LTS\lib\</path>
         <kind>archive</kind>
         <file>rtsv7M4_T_le_v4SPD16_eabi.lib</file>
         <name>strcspn.c.obj</name>
      </input_file>
      <input_file id="fl-f1">
         <path>C:\ti\ccs1281\ccs\tools\compiler\ti-cgt-arm_20.2.7.LTS\lib\</path>
         <kind>archive</kind>
         <file>rtsv7M4_T_le_v4SPD16_eabi.lib</file>
         <name>strlen.c.obj</name>
      </input_file>
      <input_file id="fl-f2">
         <path>C:\ti\ccs1281\ccs\tools\compiler\ti-cgt-arm_20.2.7.LTS\lib\</path>
         <kind>archive</kind>
         <file>rtsv7M4_T_le_v4SPD16_eabi.lib</file>
         <name>strrchr.c.obj</name>
      </input_file>
      <input_file id="fl-f3">
         <path>C:\ti\ccs1281\ccs\tools\compiler\ti-cgt-arm_20.2.7.LTS\lib\</path>
         <kind>archive</kind>
         <file>rtsv7M4_T_le_v4SPD16_eabi.lib</file>
         <name>strspn.c.obj</name>
      </input_file>
      <input_file id="fl-f4">
         <path>C:\ti\ccs1281\ccs\tools\compiler\ti-cgt-arm_20.2.7.LTS\lib\</path>
         <kind>archive</kind>
         <file>rtsv7M4_T_le_v4SPD16_eabi.lib</file>
         <name>strtod.c.obj</name>
      </input_file>
      <input_file id="fl-f5">
         <path>C:\ti\ccs1281\ccs\tools\compiler\ti-cgt-arm_20.2.7.LTS\lib\</path>
         <kind>archive</kind>
         <file>rtsv7M4_T_le_v4SPD16_eabi.lib</file>
         <name>strtol.c.obj</name>
      </input_file>
      <input_file id="fl-f6">
         <path>C:\ti\ccs1281\ccs\tools\compiler\ti-cgt-arm_20.2.7.LTS\lib\</path>
         <kind>archive</kind>
         <file>rtsv7M4_T_le_v4SPD16_eabi.lib</file>
         <name>strtoll.c.obj</name>
      </input_file>
      <input_file id="fl-f7">
         <path>C:\ti\ccs1281\ccs\tools\compiler\ti-cgt-arm_20.2.7.LTS\lib\</path>
         <kind>archive</kind>
         <file>rtsv7M4_T_le_v4SPD16_eabi.lib</file>
         <name>strtoul.c.obj</name>
      </input_file>
      <input_file id="fl-f8">
         <path>C:\ti\ccs1281\ccs\tools\compiler\ti-cgt-arm_20.2.7.LTS\lib\</path>
         <kind>archive</kind>
         <file>rtsv7M4_T_le_v4SPD16_eabi.lib</file>
         <name>strtoull.c.obj</name>
      </input_file>
      <input_file id="fl-f9">
         <path>C:\ti\ccs1281\ccs\tools\compiler\ti-cgt-arm_20.2.7.LTS\lib\</path>
         <kind>archive</kind>
         <file>rtsv7M4_T_le_v4SPD16_eabi.lib</file>
         <name>errno.c.obj</name>
      </input_file>
      <input_file id="fl-fa">
         <path>C:\ti\ccs1281\ccs\tools\compiler\ti-cgt-arm_20.2.7.LTS\lib\</path>
         <kind>archive</kind>
         <file>rtsv7M4_T_le_v4SPD16_eabi.lib</file>
         <name>wcslen.c.obj</name>
      </input_file>
      <input_file id="fl-fb">
         <path>C:\ti\ccs1281\ccs\tools\compiler\ti-cgt-arm_20.2.7.LTS\lib\</path>
         <kind>archive</kind>
         <file>rtsv7M4_T_le_v4SPD16_eabi.lib</file>
         <name>s_frexp.c.obj</name>
      </input_file>
      <input_file id="fl-fc">
         <path>C:\ti\ccs1281\ccs\tools\compiler\ti-cgt-arm_20.2.7.LTS\lib\</path>
         <kind>archive</kind>
         <file>rtsv7M4_T_le_v4SPD16_eabi.lib</file>
         <name>s_scalbn.c.obj</name>
      </input_file>
      <input_file id="fl-fd">
         <path>C:\ti\ccs1281\ccs\tools\compiler\ti-cgt-arm_20.2.7.LTS\lib\</path>
         <kind>archive</kind>
         <file>rtsv7M4_T_le_v4SPD16_eabi.lib</file>
         <name>div0.asm.obj</name>
      </input_file>
      <input_file id="fl-fe">
         <path>C:\ti\ccs1281\ccs\tools\compiler\ti-cgt-arm_20.2.7.LTS\lib\</path>
         <kind>archive</kind>
         <file>rtsv7M4_T_le_v4SPD16_eabi.lib</file>
         <name>ll_mul_t2.asm.obj</name>
      </input_file>
      <input_file id="fl-ff">
         <path>C:\ti\ccs1281\ccs\tools\compiler\ti-cgt-arm_20.2.7.LTS\lib\</path>
         <kind>archive</kind>
         <file>rtsv7M4_T_le_v4SPD16_eabi.lib</file>
         <name>s_copysign.c.obj</name>
      </input_file>
   </input_file_list>
   <object_component_list>
      <object_component id="oc-12">
         <name>.intvecs</name>
         <load_address>0x0</load_address>
         <run_address>0x0</run_address>
         <size>0x26c</size>
         <input_file_ref idref="fl-10"/>
      </object_component>
      <object_component id="oc-2d">
         <name>.text</name>
         <load_address>0x26c</load_address>
         <run_address>0x26c</run_address>
         <size>0xf9c</size>
         <input_file_ref idref="fl-7"/>
      </object_component>
      <object_component id="oc-98">
         <name>.text</name>
         <load_address>0x1208</load_address>
         <run_address>0x1208</run_address>
         <size>0xef8</size>
         <input_file_ref idref="fl-4"/>
      </object_component>
      <object_component id="oc-1a4">
         <name>.text:__TI_scanfi</name>
         <load_address>0x2100</load_address>
         <run_address>0x2100</run_address>
         <size>0xb14</size>
         <input_file_ref idref="fl-dc"/>
      </object_component>
      <object_component id="oc-dd">
         <name>.text</name>
         <load_address>0x2c14</load_address>
         <run_address>0x2c14</run_address>
         <size>0xa60</size>
         <input_file_ref idref="fl-e"/>
      </object_component>
      <object_component id="oc-155">
         <name>.text:__TI_printfi</name>
         <load_address>0x3674</load_address>
         <run_address>0x3674</run_address>
         <size>0xa4e</size>
         <input_file_ref idref="fl-db"/>
      </object_component>
      <object_component id="oc-412">
         <name>.text:_nop</name>
         <load_address>0x40c2</load_address>
         <run_address>0x40c2</run_address>
         <size>0x2</size>
         <input_file_ref idref="fl-e9"/>
      </object_component>
      <object_component id="oc-7a">
         <name>.text</name>
         <load_address>0x40c4</load_address>
         <run_address>0x40c4</run_address>
         <size>0x808</size>
         <input_file_ref idref="fl-8"/>
      </object_component>
      <object_component id="oc-80">
         <name>.text</name>
         <load_address>0x48cc</load_address>
         <run_address>0x48cc</run_address>
         <size>0x714</size>
         <input_file_ref idref="fl-6"/>
      </object_component>
      <object_component id="oc-c2">
         <name>.text</name>
         <load_address>0x4fe0</load_address>
         <run_address>0x4fe0</run_address>
         <size>0x60c</size>
         <input_file_ref idref="fl-b"/>
      </object_component>
      <object_component id="oc-92">
         <name>.text</name>
         <load_address>0x55ec</load_address>
         <run_address>0x55ec</run_address>
         <size>0x4ac</size>
         <input_file_ref idref="fl-a"/>
      </object_component>
      <object_component id="oc-304">
         <name>.text:strtod</name>
         <load_address>0x5a98</load_address>
         <run_address>0x5a98</run_address>
         <size>0x460</size>
         <input_file_ref idref="fl-f4"/>
      </object_component>
      <object_component id="oc-d1">
         <name>.text</name>
         <load_address>0x5ef8</load_address>
         <run_address>0x5ef8</run_address>
         <size>0x338</size>
         <input_file_ref idref="fl-f"/>
      </object_component>
      <object_component id="oc-e9">
         <name>.text</name>
         <load_address>0x6230</load_address>
         <run_address>0x6230</run_address>
         <size>0x2f4</size>
         <input_file_ref idref="fl-2"/>
      </object_component>
      <object_component id="oc-d7">
         <name>.text</name>
         <load_address>0x6524</load_address>
         <run_address>0x6524</run_address>
         <size>0x2e0</size>
         <input_file_ref idref="fl-c"/>
      </object_component>
      <object_component id="oc-f5">
         <name>.text</name>
         <load_address>0x6804</load_address>
         <run_address>0x6804</run_address>
         <size>0x2d2</size>
         <input_file_ref idref="fl-12"/>
      </object_component>
      <object_component id="oc-439">
         <name>.text</name>
         <load_address>0x6ad6</load_address>
         <run_address>0x6ad6</run_address>
         <size>0x2</size>
         <input_file_ref idref="fl-fd"/>
      </object_component>
      <object_component id="oc-29b">
         <name>.text:_pconv_a</name>
         <load_address>0x6ad8</load_address>
         <run_address>0x6ad8</run_address>
         <size>0x270</size>
         <input_file_ref idref="fl-db"/>
      </object_component>
      <object_component id="oc-315">
         <name>.text:strtoll</name>
         <load_address>0x6d48</load_address>
         <run_address>0x6d48</run_address>
         <size>0x1dc</size>
         <input_file_ref idref="fl-f6"/>
      </object_component>
      <object_component id="oc-289">
         <name>.text:_pconv_g</name>
         <load_address>0x6f24</load_address>
         <run_address>0x6f24</run_address>
         <size>0x1d0</size>
         <input_file_ref idref="fl-db"/>
      </object_component>
      <object_component id="oc-3a7">
         <name>.text</name>
         <load_address>0x70f4</load_address>
         <run_address>0x70f4</run_address>
         <size>0x1b6</size>
         <input_file_ref idref="fl-dd"/>
      </object_component>
      <object_component id="oc-ef">
         <name>.text</name>
         <load_address>0x72aa</load_address>
         <run_address>0x72aa</run_address>
         <size>0x160</size>
         <input_file_ref idref="fl-9"/>
      </object_component>
      <object_component id="oc-145">
         <name>.text</name>
         <load_address>0x740c</load_address>
         <run_address>0x740c</run_address>
         <size>0x160</size>
         <input_file_ref idref="fl-d"/>
      </object_component>
      <object_component id="oc-2f8">
         <name>.text:strtoull</name>
         <load_address>0x756c</load_address>
         <run_address>0x756c</run_address>
         <size>0x15c</size>
         <input_file_ref idref="fl-f8"/>
      </object_component>
      <object_component id="oc-295">
         <name>.text:_pconv_e</name>
         <load_address>0x76c8</load_address>
         <run_address>0x76c8</run_address>
         <size>0x13c</size>
         <input_file_ref idref="fl-db"/>
      </object_component>
      <object_component id="oc-38d">
         <name>.text</name>
         <load_address>0x7804</load_address>
         <run_address>0x7804</run_address>
         <size>0x136</size>
         <input_file_ref idref="fl-df"/>
      </object_component>
      <object_component id="oc-30f">
         <name>.text:strtol</name>
         <load_address>0x793c</load_address>
         <run_address>0x793c</run_address>
         <size>0x130</size>
         <input_file_ref idref="fl-f5"/>
      </object_component>
      <object_component id="oc-86">
         <name>.text</name>
         <load_address>0x7a6c</load_address>
         <run_address>0x7a6c</run_address>
         <size>0x128</size>
         <input_file_ref idref="fl-11"/>
      </object_component>
      <object_component id="oc-3b9">
         <name>.text:fcvt</name>
         <load_address>0x7b94</load_address>
         <run_address>0x7b94</run_address>
         <size>0x124</size>
         <input_file_ref idref="fl-db"/>
      </object_component>
      <object_component id="oc-3cd">
         <name>.text:scalbn</name>
         <load_address>0x7cb8</load_address>
         <run_address>0x7cb8</run_address>
         <size>0x110</size>
         <input_file_ref idref="fl-fc"/>
      </object_component>
      <object_component id="oc-2fe">
         <name>.text:strtoul</name>
         <load_address>0x7dc8</load_address>
         <run_address>0x7dc8</run_address>
         <size>0x110</size>
         <input_file_ref idref="fl-f7"/>
      </object_component>
      <object_component id="oc-388">
         <name>.text</name>
         <load_address>0x7ed8</load_address>
         <run_address>0x7ed8</run_address>
         <size>0xfc</size>
         <input_file_ref idref="fl-e0"/>
      </object_component>
      <object_component id="oc-27e">
         <name>.text:_ltostr</name>
         <load_address>0x7fd4</load_address>
         <run_address>0x7fd4</run_address>
         <size>0xb1</size>
         <input_file_ref idref="fl-db"/>
      </object_component>
      <object_component id="oc-41">
         <name>.text</name>
         <load_address>0x8086</load_address>
         <run_address>0x8086</run_address>
         <size>0x9c</size>
         <input_file_ref idref="fl-cf"/>
      </object_component>
      <object_component id="oc-381">
         <name>.text</name>
         <load_address>0x8122</load_address>
         <run_address>0x8122</run_address>
         <size>0x96</size>
         <input_file_ref idref="fl-e4"/>
      </object_component>
      <object_component id="oc-284">
         <name>.text:__aeabi_cdcmple</name>
         <load_address>0x81b8</load_address>
         <run_address>0x81b8</run_address>
         <size>0x86</size>
         <input_file_ref idref="fl-de"/>
      </object_component>
      <object_component id="oc-392">
         <name>.text:__aeabi_cdrcmple</name>
         <load_address>0x823e</load_address>
         <run_address>0x823e</run_address>
         <size>0x86</size>
         <input_file_ref idref="fl-de"/>
      </object_component>
      <object_component id="oc-9e">
         <name>.text</name>
         <load_address>0x82c4</load_address>
         <run_address>0x82c4</run_address>
         <size>0x84</size>
         <input_file_ref idref="fl-5"/>
      </object_component>
      <object_component id="oc-cc">
         <name>.text</name>
         <load_address>0x8348</load_address>
         <run_address>0x8348</run_address>
         <size>0x7a</size>
         <input_file_ref idref="fl-d0"/>
      </object_component>
      <object_component id="oc-3b2">
         <name>.text:_mcpy</name>
         <load_address>0x83c2</load_address>
         <run_address>0x83c2</run_address>
         <size>0x6e</size>
         <input_file_ref idref="fl-db"/>
      </object_component>
      <object_component id="oc-30a">
         <name>.text</name>
         <load_address>0x8430</load_address>
         <run_address>0x8430</run_address>
         <size>0x6e</size>
         <input_file_ref idref="fl-e2"/>
      </object_component>
      <object_component id="oc-1b6">
         <name>.text:_chkmbc</name>
         <load_address>0x84a0</load_address>
         <run_address>0x84a0</run_address>
         <size>0x68</size>
         <input_file_ref idref="fl-ce"/>
      </object_component>
      <object_component id="oc-15">
         <name>.text:decompress:lzss:__TI_decompress_lzss</name>
         <load_address>0x8508</load_address>
         <run_address>0x8508</run_address>
         <size>0x68</size>
         <input_file_ref idref="fl-d3"/>
      </object_component>
      <object_component id="oc-3c7">
         <name>.text:frexp</name>
         <load_address>0x8570</load_address>
         <run_address>0x8570</run_address>
         <size>0x64</size>
         <input_file_ref idref="fl-fb"/>
      </object_component>
      <object_component id="oc-28f">
         <name>.text:_pconv_f</name>
         <load_address>0x85d4</load_address>
         <run_address>0x85d4</run_address>
         <size>0x56</size>
         <input_file_ref idref="fl-db"/>
      </object_component>
      <object_component id="oc-39c">
         <name>.text:__TI_ltoa</name>
         <load_address>0x862a</load_address>
         <run_address>0x862a</run_address>
         <size>0x54</size>
         <input_file_ref idref="fl-ea"/>
      </object_component>
      <object_component id="oc-3ac">
         <name>.text:_ecpy</name>
         <load_address>0x867e</load_address>
         <run_address>0x867e</run_address>
         <size>0x52</size>
         <input_file_ref idref="fl-db"/>
      </object_component>
      <object_component id="oc-278">
         <name>.text:atoi</name>
         <load_address>0x86d0</load_address>
         <run_address>0x86d0</run_address>
         <size>0x4c</size>
         <input_file_ref idref="fl-ec"/>
      </object_component>
      <object_component id="oc-8c">
         <name>.text:snprintf</name>
         <load_address>0x871c</load_address>
         <run_address>0x871c</run_address>
         <size>0x4c</size>
         <input_file_ref idref="fl-cd"/>
      </object_component>
      <object_component id="oc-397">
         <name>.text</name>
         <load_address>0x8768</load_address>
         <run_address>0x8768</run_address>
         <size>0x48</size>
         <input_file_ref idref="fl-e1"/>
      </object_component>
      <object_component id="oc-235">
         <name>.text:__TI_auto_init_nobinit_nopinit:__TI_auto_init_nobinit_nopinit</name>
         <load_address>0x87b0</load_address>
         <run_address>0x87b0</run_address>
         <size>0x44</size>
         <input_file_ref idref="fl-e5"/>
      </object_component>
      <object_component id="oc-b0">
         <name>.text:strtok</name>
         <load_address>0x87f4</load_address>
         <run_address>0x87f4</run_address>
         <size>0x40</size>
         <input_file_ref idref="fl-d8"/>
      </object_component>
      <object_component id="oc-3bf">
         <name>.text:_fcpy</name>
         <load_address>0x8834</load_address>
         <run_address>0x8834</run_address>
         <size>0x3e</size>
         <input_file_ref idref="fl-db"/>
      </object_component>
      <object_component id="oc-aa">
         <name>.text:sscanf</name>
         <load_address>0x8874</load_address>
         <run_address>0x8874</run_address>
         <size>0x38</size>
         <input_file_ref idref="fl-ce"/>
      </object_component>
      <object_component id="oc-5f">
         <name>.text:_c_int00_noargs:_c_int00_noargs</name>
         <load_address>0x88ac</load_address>
         <run_address>0x88ac</run_address>
         <size>0x34</size>
         <input_file_ref idref="fl-da"/>
      </object_component>
      <object_component id="oc-205">
         <name>.text:rand</name>
         <load_address>0x88e0</load_address>
         <run_address>0x88e0</run_address>
         <size>0x34</size>
         <input_file_ref idref="fl-d6"/>
      </object_component>
      <object_component id="oc-15b">
         <name>.text:_outs</name>
         <load_address>0x8914</load_address>
         <run_address>0x8914</run_address>
         <size>0x30</size>
         <input_file_ref idref="fl-cd"/>
      </object_component>
      <object_component id="oc-3a2">
         <name>.text</name>
         <load_address>0x8944</load_address>
         <run_address>0x8944</run_address>
         <size>0x2e</size>
         <input_file_ref idref="fl-e3"/>
      </object_component>
      <object_component id="oc-1be">
         <name>.text:strspn</name>
         <load_address>0x8972</load_address>
         <run_address>0x8972</run_address>
         <size>0x2a</size>
         <input_file_ref idref="fl-f3"/>
      </object_component>
      <object_component id="oc-197">
         <name>.text:memcmp</name>
         <load_address>0x899c</load_address>
         <run_address>0x899c</run_address>
         <size>0x24</size>
         <input_file_ref idref="fl-d5"/>
      </object_component>
      <object_component id="oc-1c4">
         <name>.text:strcspn</name>
         <load_address>0x89c0</load_address>
         <run_address>0x89c0</run_address>
         <size>0x24</size>
         <input_file_ref idref="fl-f0"/>
      </object_component>
      <object_component id="oc-e3">
         <name>.text</name>
         <load_address>0x89e4</load_address>
         <run_address>0x89e4</run_address>
         <size>0x24</size>
         <input_file_ref idref="fl-13"/>
      </object_component>
      <object_component id="oc-2a1">
         <name>.text:memccpy</name>
         <load_address>0x8a08</load_address>
         <run_address>0x8a08</run_address>
         <size>0x1c</size>
         <input_file_ref idref="fl-ed"/>
      </object_component>
      <object_component id="oc-452">
         <name>.text:copysign</name>
         <load_address>0x8a24</load_address>
         <run_address>0x8a24</run_address>
         <size>0x1a</size>
         <input_file_ref idref="fl-ff"/>
      </object_component>
      <object_component id="oc-161">
         <name>.text:_outc</name>
         <load_address>0x8a3e</load_address>
         <run_address>0x8a3e</run_address>
         <size>0x18</size>
         <input_file_ref idref="fl-cd"/>
      </object_component>
      <object_component id="oc-3f4">
         <name>.text</name>
         <load_address>0x8a56</load_address>
         <run_address>0x8a56</run_address>
         <size>0x18</size>
         <input_file_ref idref="fl-fe"/>
      </object_component>
      <object_component id="oc-b6">
         <name>.text:strcmp</name>
         <load_address>0x8a6e</load_address>
         <run_address>0x8a6e</run_address>
         <size>0x18</size>
         <input_file_ref idref="fl-d7"/>
      </object_component>
      <object_component id="oc-31b">
         <name>.text:strrchr</name>
         <load_address>0x8a86</load_address>
         <run_address>0x8a86</run_address>
         <size>0x18</size>
         <input_file_ref idref="fl-f2"/>
      </object_component>
      <object_component id="oc-321">
         <name>.text:strchr</name>
         <load_address>0x8a9e</load_address>
         <run_address>0x8a9e</run_address>
         <size>0x16</size>
         <input_file_ref idref="fl-ee"/>
      </object_component>
      <object_component id="oc-2f2">
         <name>.text:strcpy</name>
         <load_address>0x8ab4</load_address>
         <run_address>0x8ab4</run_address>
         <size>0x14</size>
         <input_file_ref idref="fl-ef"/>
      </object_component>
      <object_component id="oc-272">
         <name>.text:strlen</name>
         <load_address>0x8ac8</load_address>
         <run_address>0x8ac8</run_address>
         <size>0x14</size>
         <input_file_ref idref="fl-f1"/>
      </object_component>
      <object_component id="oc-1aa">
         <name>.text:_inpchar</name>
         <load_address>0x8adc</load_address>
         <run_address>0x8adc</run_address>
         <size>0x12</size>
         <input_file_ref idref="fl-ce"/>
      </object_component>
      <object_component id="oc-2a7">
         <name>.text:wcslen</name>
         <load_address>0x8aee</load_address>
         <run_address>0x8aee</run_address>
         <size>0x12</size>
         <input_file_ref idref="fl-fa"/>
      </object_component>
      <object_component id="oc-74">
         <name>.text</name>
         <load_address>0x8b00</load_address>
         <run_address>0x8b00</run_address>
         <size>0x10</size>
         <input_file_ref idref="fl-3"/>
      </object_component>
      <object_component id="oc-a4">
         <name>.text:tolower</name>
         <load_address>0x8b10</load_address>
         <run_address>0x8b10</run_address>
         <size>0x10</size>
         <input_file_ref idref="fl-d9"/>
      </object_component>
      <object_component id="oc-1b">
         <name>.text:decompress:none:__TI_decompress_none</name>
         <load_address>0x8b20</load_address>
         <run_address>0x8b20</run_address>
         <size>0xe</size>
         <input_file_ref idref="fl-d2"/>
      </object_component>
      <object_component id="oc-53">
         <name>.text:decompress:ZI:__TI_zero_init</name>
         <load_address>0x8b2e</load_address>
         <run_address>0x8b2e</run_address>
         <size>0xc</size>
         <input_file_ref idref="fl-d1"/>
      </object_component>
      <object_component id="oc-27">
         <name>.text</name>
         <load_address>0x8b3a</load_address>
         <run_address>0x8b3a</run_address>
         <size>0xc</size>
         <input_file_ref idref="fl-10"/>
      </object_component>
      <object_component id="oc-2ad">
         <name>.text:__aeabi_errno_addr</name>
         <load_address>0x8b48</load_address>
         <run_address>0x8b48</run_address>
         <size>0x8</size>
         <input_file_ref idref="fl-f9"/>
      </object_component>
      <object_component id="oc-1b0">
         <name>.text:_uninpchar</name>
         <load_address>0x8b50</load_address>
         <run_address>0x8b50</run_address>
         <size>0x8</size>
         <input_file_ref idref="fl-ce"/>
      </object_component>
      <object_component id="oc-12b">
         <name>.text:_system_pre_init</name>
         <load_address>0x8b58</load_address>
         <run_address>0x8b58</run_address>
         <size>0x4</size>
         <input_file_ref idref="fl-e6"/>
      </object_component>
      <object_component id="oc-229">
         <name>.text:abort:abort</name>
         <load_address>0x8b5c</load_address>
         <run_address>0x8b5c</run_address>
         <size>0x4</size>
         <input_file_ref idref="fl-e8"/>
      </object_component>
      <object_component id="oc-19f">
         <name>.const:.string:_ctypes_</name>
         <load_address>0x8b60</load_address>
         <run_address>0x8b60</run_address>
         <size>0x101</size>
         <input_file_ref idref="fl-d4"/>
      </object_component>
      <object_component id="oc-190">
         <name>.const:.string:$P$T0$1</name>
         <load_address>0x8c61</load_address>
         <run_address>0x8c61</run_address>
         <size>0x4</size>
         <input_file_ref idref="fl-4"/>
      </object_component>
      <object_component id="oc-fb">
         <name>.const:$P$T0$1</name>
         <load_address>0x8c66</load_address>
         <run_address>0x8c66</run_address>
         <size>0x2</size>
         <input_file_ref idref="fl-7"/>
      </object_component>
      <object_component id="oc-3fd">
         <name>.const:$O1$$</name>
         <load_address>0x8c68</load_address>
         <run_address>0x8c68</run_address>
         <size>0xc8</size>
         <input_file_ref idref="fl-f4"/>
      </object_component>
      <object_component id="oc-327">
         <name>.const:$O1$$</name>
         <load_address>0x8d30</load_address>
         <run_address>0x8d30</run_address>
         <size>0x10</size>
         <input_file_ref idref="fl-dc"/>
      </object_component>
      <object_component id="oc-4c6">
         <name>.cinit..data.load</name>
         <load_address>0x8d40</load_address>
         <run_address>0x8d40</run_address>
         <size>0x22</size>
      </object_component>
      <object_component id="oc-4c4">
         <name>__TI_handler_table</name>
         <load_address>0x8d64</load_address>
         <run_address>0x8d64</run_address>
         <size>0xc</size>
      </object_component>
      <object_component id="oc-4c7">
         <name>.cinit..bss.load</name>
         <load_address>0x8d70</load_address>
         <run_address>0x8d70</run_address>
         <size>0x8</size>
      </object_component>
      <object_component id="oc-4c5">
         <name>__TI_cinit_table</name>
         <load_address>0x8d78</load_address>
         <run_address>0x8d78</run_address>
         <size>0x10</size>
      </object_component>
      <object_component id="oc-189">
         <name>.data</name>
         <load_address>0x200016bc</load_address>
         <run_address>0x200016bc</run_address>
         <size>0x1e</size>
         <input_file_ref idref="fl-4"/>
      </object_component>
      <object_component id="oc-14b">
         <name>.data</name>
         <load_address>0x20001718</load_address>
         <run_address>0x20001718</run_address>
         <size>0x3</size>
         <input_file_ref idref="fl-6"/>
      </object_component>
      <object_component id="oc-14e">
         <name>.data:hwAddress</name>
         <load_address>0x200016f0</load_address>
         <run_address>0x200016f0</run_address>
         <size>0x6</size>
         <input_file_ref idref="fl-6"/>
      </object_component>
      <object_component id="oc-bc">
         <name>.data</name>
         <load_address>0x200016da</load_address>
         <run_address>0x200016da</run_address>
         <size>0x1</size>
         <input_file_ref idref="fl-7"/>
      </object_component>
      <object_component id="oc-178">
         <name>.data:ipAddress</name>
         <load_address>0x200016f6</load_address>
         <run_address>0x200016f6</run_address>
         <size>0x4</size>
         <input_file_ref idref="fl-a"/>
      </object_component>
      <object_component id="oc-17b">
         <name>.data:ipSubnetMask</name>
         <load_address>0x20001702</load_address>
         <run_address>0x20001702</run_address>
         <size>0x4</size>
         <input_file_ref idref="fl-a"/>
      </object_component>
      <object_component id="oc-17e">
         <name>.data:ipGwAddress</name>
         <load_address>0x200016fe</load_address>
         <run_address>0x200016fe</run_address>
         <size>0x4</size>
         <input_file_ref idref="fl-a"/>
      </object_component>
      <object_component id="oc-181">
         <name>.data:ipDnsAddress</name>
         <load_address>0x200016fa</load_address>
         <run_address>0x200016fa</run_address>
         <size>0x4</size>
         <input_file_ref idref="fl-a"/>
      </object_component>
      <object_component id="oc-184">
         <name>.data:ipTimeServerAddress</name>
         <load_address>0x20001706</load_address>
         <run_address>0x20001706</run_address>
         <size>0x4</size>
         <input_file_ref idref="fl-a"/>
      </object_component>
      <object_component id="oc-c9">
         <name>.data</name>
         <load_address>0x200016dc</load_address>
         <run_address>0x200016dc</run_address>
         <size>0xa</size>
         <input_file_ref idref="fl-b"/>
      </object_component>
      <object_component id="oc-201">
         <name>.data</name>
         <load_address>0x200016db</load_address>
         <run_address>0x200016db</run_address>
         <size>0x1</size>
         <input_file_ref idref="fl-e"/>
      </object_component>
      <object_component id="oc-351">
         <name>.data</name>
         <load_address>0x20001710</load_address>
         <run_address>0x20001710</run_address>
         <size>0x4</size>
         <input_file_ref idref="fl-d6"/>
      </object_component>
      <object_component id="oc-1ca">
         <name>.data</name>
         <load_address>0x20001714</load_address>
         <run_address>0x20001714</run_address>
         <size>0x4</size>
         <input_file_ref idref="fl-d8"/>
      </object_component>
      <object_component id="oc-34e">
         <name>.data:$O1$$</name>
         <load_address>0x200016e8</load_address>
         <run_address>0x200016e8</run_address>
         <size>0x8</size>
         <input_file_ref idref="fl-e9"/>
      </object_component>
      <object_component id="oc-3dd">
         <name>.data</name>
         <load_address>0x2000170c</load_address>
         <run_address>0x2000170c</run_address>
         <size>0x4</size>
         <input_file_ref idref="fl-f9"/>
      </object_component>
      <object_component id="oc-193">
         <name>.bss:dhcpSocket</name>
         <uninitialized>true</uninitialized>
         <run_address>0x20001680</run_address>
         <size>0x1c</size>
         <input_file_ref idref="fl-4"/>
      </object_component>
      <object_component id="oc-18c">
         <name>.common:dhcpOfferedIpAdd</name>
         <uninitialized>true</uninitialized>
         <run_address>0x200016ac</run_address>
         <size>0x4</size>
      </object_component>
      <object_component id="oc-18f">
         <name>.common:dhcpServerIpAdd</name>
         <uninitialized>true</uninitialized>
         <run_address>0x200016b0</run_address>
         <size>0x4</size>
      </object_component>
      <object_component id="oc-196">
         <name>.common:dhcpServerHwAddress</name>
         <uninitialized>true</uninitialized>
         <run_address>0x2000169c</run_address>
         <size>0x8</size>
      </object_component>
      <object_component id="oc-bf">
         <name>.common:strInput</name>
         <uninitialized>true</uninitialized>
         <run_address>0x2000162c</run_address>
         <size>0x54</size>
      </object_component>
      <object_component id="oc-c8">
         <name>.common:token</name>
         <uninitialized>true</uninitialized>
         <run_address>0x200016b8</run_address>
         <size>0x4</size>
      </object_component>
      <object_component id="oc-1fa">
         <name>.common:sockets</name>
         <uninitialized>true</uninitialized>
         <run_address>0x200014b0</run_address>
         <size>0x118</size>
      </object_component>
      <object_component id="oc-204">
         <name>.common:tcpPorts</name>
         <uninitialized>true</uninitialized>
         <run_address>0x200016a4</run_address>
         <size>0x8</size>
      </object_component>
      <object_component id="oc-1fe">
         <name>.common:tcpState</name>
         <uninitialized>true</uninitialized>
         <run_address>0x200016b4</run_address>
         <size>0x4</size>
      </object_component>
      <object_component id="oc-1f2">
         <name>.common:fn</name>
         <uninitialized>true</uninitialized>
         <run_address>0x20001000</run_address>
         <size>0x190</size>
      </object_component>
      <object_component id="oc-1ee">
         <name>.common:period</name>
         <uninitialized>true</uninitialized>
         <run_address>0x20001190</run_address>
         <size>0x190</size>
      </object_component>
      <object_component id="oc-1f1">
         <name>.common:ticks</name>
         <uninitialized>true</uninitialized>
         <run_address>0x20001320</run_address>
         <size>0x190</size>
      </object_component>
      <object_component id="oc-1f3">
         <name>.common:reload</name>
         <uninitialized>true</uninitialized>
         <run_address>0x200015c8</run_address>
         <size>0x64</size>
      </object_component>
      <object_component id="oc-24">
         <name>.stack</name>
         <uninitialized>true</uninitialized>
         <run_address>0x20000000</run_address>
         <size>0x4</size>
         <input_file_ref idref="fl-da"/>
      </object_component>
      <object_component id="oc-4c9">
         <name>.stack</name>
         <uninitialized>true</uninitialized>
         <run_address>0x20000000</run_address>
         <size>0x0</size>
      </object_component>
      <object_component id="oc-20e">
         <name>.debug_info</name>
         <load_address>0x0</load_address>
         <run_address>0x0</run_address>
         <size>0x34f</size>
         <input_file_ref idref="fl-2"/>
      </object_component>
      <object_component id="oc-ea">
         <name>.debug_info</name>
         <load_address>0x34f</load_address>
         <run_address>0x34f</run_address>
         <size>0x4b3</size>
         <input_file_ref idref="fl-2"/>
      </object_component>
      <object_component id="oc-110">
         <name>.debug_info</name>
         <load_address>0x802</load_address>
         <run_address>0x802</run_address>
         <size>0x26b</size>
         <input_file_ref idref="fl-2"/>
      </object_component>
      <object_component id="oc-104">
         <name>.debug_info</name>
         <load_address>0xa6d</load_address>
         <run_address>0xa6d</run_address>
         <size>0x8b</size>
         <input_file_ref idref="fl-2"/>
      </object_component>
      <object_component id="oc-215">
         <name>.debug_info</name>
         <load_address>0xaf8</load_address>
         <run_address>0xaf8</run_address>
         <size>0x2a4</size>
         <input_file_ref idref="fl-2"/>
      </object_component>
      <object_component id="oc-ff">
         <name>.debug_info</name>
         <load_address>0xd9c</load_address>
         <run_address>0xd9c</run_address>
         <size>0xbb</size>
         <input_file_ref idref="fl-2"/>
      </object_component>
      <object_component id="oc-1e4">
         <name>.debug_info</name>
         <load_address>0xe57</load_address>
         <run_address>0xe57</run_address>
         <size>0xcc</size>
         <input_file_ref idref="fl-2"/>
      </object_component>
      <object_component id="oc-173">
         <name>.debug_info</name>
         <load_address>0xf23</load_address>
         <run_address>0xf23</run_address>
         <size>0x2c</size>
         <input_file_ref idref="fl-2"/>
      </object_component>
      <object_component id="oc-2d8">
         <name>.debug_info</name>
         <load_address>0xf4f</load_address>
         <run_address>0xf4f</run_address>
         <size>0xee</size>
         <input_file_ref idref="fl-2"/>
      </object_component>
      <object_component id="oc-1d5">
         <name>.debug_info</name>
         <load_address>0x103d</load_address>
         <run_address>0x103d</run_address>
         <size>0xe1</size>
         <input_file_ref idref="fl-2"/>
      </object_component>
      <object_component id="oc-2cf">
         <name>.debug_info</name>
         <load_address>0x111e</load_address>
         <run_address>0x111e</run_address>
         <size>0x12e</size>
         <input_file_ref idref="fl-2"/>
      </object_component>
      <object_component id="oc-77">
         <name>.debug_info</name>
         <load_address>0x124c</load_address>
         <run_address>0x124c</run_address>
         <size>0x117</size>
         <input_file_ref idref="fl-3"/>
      </object_component>
      <object_component id="oc-3c">
         <name>.debug_info</name>
         <load_address>0x1363</load_address>
         <run_address>0x1363</run_address>
         <size>0x84</size>
         <input_file_ref idref="fl-3"/>
      </object_component>
      <object_component id="oc-18d">
         <name>.debug_info</name>
         <load_address>0x13e7</load_address>
         <run_address>0x13e7</run_address>
         <size>0x699</size>
         <input_file_ref idref="fl-4"/>
      </object_component>
      <object_component id="oc-18a">
         <name>.debug_info</name>
         <load_address>0x1a80</load_address>
         <run_address>0x1a80</run_address>
         <size>0x2ca</size>
         <input_file_ref idref="fl-4"/>
      </object_component>
      <object_component id="oc-194">
         <name>.debug_info</name>
         <load_address>0x1d4a</load_address>
         <run_address>0x1d4a</run_address>
         <size>0xd1</size>
         <input_file_ref idref="fl-4"/>
      </object_component>
      <object_component id="oc-191">
         <name>.debug_info</name>
         <load_address>0x1e1b</load_address>
         <run_address>0x1e1b</run_address>
         <size>0xcc</size>
         <input_file_ref idref="fl-4"/>
      </object_component>
      <object_component id="oc-99">
         <name>.debug_info</name>
         <load_address>0x1ee7</load_address>
         <run_address>0x1ee7</run_address>
         <size>0x189d</size>
         <input_file_ref idref="fl-4"/>
      </object_component>
      <object_component id="oc-1f5">
         <name>.debug_info</name>
         <load_address>0x3784</load_address>
         <run_address>0x3784</run_address>
         <size>0x2c</size>
         <input_file_ref idref="fl-4"/>
      </object_component>
      <object_component id="oc-2dd">
         <name>.debug_info</name>
         <load_address>0x37b0</load_address>
         <run_address>0x37b0</run_address>
         <size>0x168</size>
         <input_file_ref idref="fl-4"/>
      </object_component>
      <object_component id="oc-109">
         <name>.debug_info</name>
         <load_address>0x3918</load_address>
         <run_address>0x3918</run_address>
         <size>0xc6</size>
         <input_file_ref idref="fl-4"/>
      </object_component>
      <object_component id="oc-2e2">
         <name>.debug_info</name>
         <load_address>0x39de</load_address>
         <run_address>0x39de</run_address>
         <size>0x9e</size>
         <input_file_ref idref="fl-4"/>
      </object_component>
      <object_component id="oc-1da">
         <name>.debug_info</name>
         <load_address>0x3a7c</load_address>
         <run_address>0x3a7c</run_address>
         <size>0x35</size>
         <input_file_ref idref="fl-4"/>
      </object_component>
      <object_component id="oc-a0">
         <name>.debug_info</name>
         <load_address>0x3ab1</load_address>
         <run_address>0x3ab1</run_address>
         <size>0x1ff</size>
         <input_file_ref idref="fl-5"/>
      </object_component>
      <object_component id="oc-152">
         <name>.debug_info</name>
         <load_address>0x3cb0</load_address>
         <run_address>0x3cb0</run_address>
         <size>0x461</size>
         <input_file_ref idref="fl-6"/>
      </object_component>
      <object_component id="oc-14c">
         <name>.debug_info</name>
         <load_address>0x4111</load_address>
         <run_address>0x4111</run_address>
         <size>0x128</size>
         <input_file_ref idref="fl-6"/>
      </object_component>
      <object_component id="oc-14f">
         <name>.debug_info</name>
         <load_address>0x4239</load_address>
         <run_address>0x4239</run_address>
         <size>0xd0</size>
         <input_file_ref idref="fl-6"/>
      </object_component>
      <object_component id="oc-81">
         <name>.debug_info</name>
         <load_address>0x4309</load_address>
         <run_address>0x4309</run_address>
         <size>0x1881</size>
         <input_file_ref idref="fl-6"/>
      </object_component>
      <object_component id="oc-13f">
         <name>.debug_info</name>
         <load_address>0x5b8a</load_address>
         <run_address>0x5b8a</run_address>
         <size>0x88</size>
         <input_file_ref idref="fl-6"/>
      </object_component>
      <object_component id="oc-c0">
         <name>.debug_info</name>
         <load_address>0x5c12</load_address>
         <run_address>0x5c12</run_address>
         <size>0x11ad</size>
         <input_file_ref idref="fl-7"/>
      </object_component>
      <object_component id="oc-bd">
         <name>.debug_info</name>
         <load_address>0x6dbf</load_address>
         <run_address>0x6dbf</run_address>
         <size>0xcd</size>
         <input_file_ref idref="fl-7"/>
      </object_component>
      <object_component id="oc-fc">
         <name>.debug_info</name>
         <load_address>0x6e8c</load_address>
         <run_address>0x6e8c</run_address>
         <size>0xd0</size>
         <input_file_ref idref="fl-7"/>
      </object_component>
      <object_component id="oc-2f">
         <name>.debug_info</name>
         <load_address>0x6f5c</load_address>
         <run_address>0x6f5c</run_address>
         <size>0x146f</size>
         <input_file_ref idref="fl-7"/>
      </object_component>
      <object_component id="oc-1df">
         <name>.debug_info</name>
         <load_address>0x83cb</load_address>
         <run_address>0x83cb</run_address>
         <size>0x63</size>
         <input_file_ref idref="fl-7"/>
      </object_component>
      <object_component id="oc-359">
         <name>.debug_info</name>
         <load_address>0x842e</load_address>
         <run_address>0x842e</run_address>
         <size>0xb2</size>
         <input_file_ref idref="fl-7"/>
      </object_component>
      <object_component id="oc-341">
         <name>.debug_info</name>
         <load_address>0x84e0</load_address>
         <run_address>0x84e0</run_address>
         <size>0xee</size>
         <input_file_ref idref="fl-7"/>
      </object_component>
      <object_component id="oc-144">
         <name>.debug_info</name>
         <load_address>0x85ce</load_address>
         <run_address>0x85ce</run_address>
         <size>0x264</size>
         <input_file_ref idref="fl-8"/>
      </object_component>
      <object_component id="oc-7e">
         <name>.debug_info</name>
         <load_address>0x8832</load_address>
         <run_address>0x8832</run_address>
         <size>0x10e4</size>
         <input_file_ref idref="fl-8"/>
      </object_component>
      <object_component id="oc-210">
         <name>.debug_info</name>
         <load_address>0x9916</load_address>
         <run_address>0x9916</run_address>
         <size>0x35c</size>
         <input_file_ref idref="fl-9"/>
      </object_component>
      <object_component id="oc-f0">
         <name>.debug_info</name>
         <load_address>0x9c72</load_address>
         <run_address>0x9c72</run_address>
         <size>0x36c</size>
         <input_file_ref idref="fl-9"/>
      </object_component>
      <object_component id="oc-188">
         <name>.debug_info</name>
         <load_address>0x9fde</load_address>
         <run_address>0x9fde</run_address>
         <size>0x2c8</size>
         <input_file_ref idref="fl-a"/>
      </object_component>
      <object_component id="oc-179">
         <name>.debug_info</name>
         <load_address>0xa2a6</load_address>
         <run_address>0xa2a6</run_address>
         <size>0xce</size>
         <input_file_ref idref="fl-a"/>
      </object_component>
      <object_component id="oc-17c">
         <name>.debug_info</name>
         <load_address>0xa374</load_address>
         <run_address>0xa374</run_address>
         <size>0xd4</size>
         <input_file_ref idref="fl-a"/>
      </object_component>
      <object_component id="oc-17f">
         <name>.debug_info</name>
         <load_address>0xa448</load_address>
         <run_address>0xa448</run_address>
         <size>0xd2</size>
         <input_file_ref idref="fl-a"/>
      </object_component>
      <object_component id="oc-182">
         <name>.debug_info</name>
         <load_address>0xa51a</load_address>
         <run_address>0xa51a</run_address>
         <size>0xd4</size>
         <input_file_ref idref="fl-a"/>
      </object_component>
      <object_component id="oc-185">
         <name>.debug_info</name>
         <load_address>0xa5ee</load_address>
         <run_address>0xa5ee</run_address>
         <size>0xe2</size>
         <input_file_ref idref="fl-a"/>
      </object_component>
      <object_component id="oc-93">
         <name>.debug_info</name>
         <load_address>0xa6d0</load_address>
         <run_address>0xa6d0</run_address>
         <size>0xa86</size>
         <input_file_ref idref="fl-a"/>
      </object_component>
      <object_component id="oc-1ea">
         <name>.debug_info</name>
         <load_address>0xb156</load_address>
         <run_address>0xb156</run_address>
         <size>0x4c8</size>
         <input_file_ref idref="fl-b"/>
      </object_component>
      <object_component id="oc-ca">
         <name>.debug_info</name>
         <load_address>0xb61e</load_address>
         <run_address>0xb61e</run_address>
         <size>0x14f</size>
         <input_file_ref idref="fl-b"/>
      </object_component>
      <object_component id="oc-c4">
         <name>.debug_info</name>
         <load_address>0xb76d</load_address>
         <run_address>0xb76d</run_address>
         <size>0x91c</size>
         <input_file_ref idref="fl-b"/>
      </object_component>
      <object_component id="oc-1fb">
         <name>.debug_info</name>
         <load_address>0xc089</load_address>
         <run_address>0xc089</run_address>
         <size>0x2fb</size>
         <input_file_ref idref="fl-c"/>
      </object_component>
      <object_component id="oc-d8">
         <name>.debug_info</name>
         <load_address>0xc384</load_address>
         <run_address>0xc384</run_address>
         <size>0x510</size>
         <input_file_ref idref="fl-c"/>
      </object_component>
      <object_component id="oc-147">
         <name>.debug_info</name>
         <load_address>0xc894</load_address>
         <run_address>0xc894</run_address>
         <size>0x451</size>
         <input_file_ref idref="fl-d"/>
      </object_component>
      <object_component id="oc-1ff">
         <name>.debug_info</name>
         <load_address>0xcce5</load_address>
         <run_address>0xcce5</run_address>
         <size>0x5a8</size>
         <input_file_ref idref="fl-e"/>
      </object_component>
      <object_component id="oc-202">
         <name>.debug_info</name>
         <load_address>0xd28d</load_address>
         <run_address>0xd28d</run_address>
         <size>0xd5</size>
         <input_file_ref idref="fl-e"/>
      </object_component>
      <object_component id="oc-df">
         <name>.debug_info</name>
         <load_address>0xd362</load_address>
         <run_address>0xd362</run_address>
         <size>0x10e8</size>
         <input_file_ref idref="fl-e"/>
      </object_component>
      <object_component id="oc-1ef">
         <name>.debug_info</name>
         <load_address>0xe44a</load_address>
         <run_address>0xe44a</run_address>
         <size>0x326</size>
         <input_file_ref idref="fl-f"/>
      </object_component>
      <object_component id="oc-d5">
         <name>.debug_info</name>
         <load_address>0xe770</load_address>
         <run_address>0xe770</run_address>
         <size>0x4a6</size>
         <input_file_ref idref="fl-f"/>
      </object_component>
      <object_component id="oc-35">
         <name>.debug_info</name>
         <load_address>0xec16</load_address>
         <run_address>0xec16</run_address>
         <size>0x2d1</size>
         <input_file_ref idref="fl-10"/>
      </object_component>
      <object_component id="oc-13">
         <name>.debug_info</name>
         <load_address>0xeee7</load_address>
         <run_address>0xeee7</run_address>
         <size>0xea</size>
         <input_file_ref idref="fl-10"/>
      </object_component>
      <object_component id="oc-29">
         <name>.debug_info</name>
         <load_address>0xefd1</load_address>
         <run_address>0xefd1</run_address>
         <size>0x266</size>
         <input_file_ref idref="fl-10"/>
      </object_component>
      <object_component id="oc-154">
         <name>.debug_info</name>
         <load_address>0xf237</load_address>
         <run_address>0xf237</run_address>
         <size>0x34a</size>
         <input_file_ref idref="fl-11"/>
      </object_component>
      <object_component id="oc-88">
         <name>.debug_info</name>
         <load_address>0xf581</load_address>
         <run_address>0xf581</run_address>
         <size>0x3c3</size>
         <input_file_ref idref="fl-11"/>
      </object_component>
      <object_component id="oc-212">
         <name>.debug_info</name>
         <load_address>0xf944</load_address>
         <run_address>0xf944</run_address>
         <size>0x3e9</size>
         <input_file_ref idref="fl-12"/>
      </object_component>
      <object_component id="oc-f6">
         <name>.debug_info</name>
         <load_address>0xfd2d</load_address>
         <run_address>0xfd2d</run_address>
         <size>0x520</size>
         <input_file_ref idref="fl-12"/>
      </object_component>
      <object_component id="oc-e4">
         <name>.debug_info</name>
         <load_address>0x1024d</load_address>
         <run_address>0x1024d</run_address>
         <size>0x121</size>
         <input_file_ref idref="fl-13"/>
      </object_component>
      <object_component id="oc-168">
         <name>.debug_info</name>
         <load_address>0x1036e</load_address>
         <run_address>0x1036e</run_address>
         <size>0x33a</size>
         <input_file_ref idref="fl-cd"/>
      </object_component>
      <object_component id="oc-8f">
         <name>.debug_info</name>
         <load_address>0x106a8</load_address>
         <run_address>0x106a8</run_address>
         <size>0x1ee</size>
         <input_file_ref idref="fl-cd"/>
      </object_component>
      <object_component id="oc-15e">
         <name>.debug_info</name>
         <load_address>0x10896</load_address>
         <run_address>0x10896</run_address>
         <size>0x1c3</size>
         <input_file_ref idref="fl-cd"/>
      </object_component>
      <object_component id="oc-163">
         <name>.debug_info</name>
         <load_address>0x10a59</load_address>
         <run_address>0x10a59</run_address>
         <size>0x176</size>
         <input_file_ref idref="fl-cd"/>
      </object_component>
      <object_component id="oc-169">
         <name>.debug_info</name>
         <load_address>0x10bcf</load_address>
         <run_address>0x10bcf</run_address>
         <size>0x2c</size>
         <input_file_ref idref="fl-cd"/>
      </object_component>
      <object_component id="oc-16e">
         <name>.debug_info</name>
         <load_address>0x10bfb</load_address>
         <run_address>0x10bfb</run_address>
         <size>0x69</size>
         <input_file_ref idref="fl-cd"/>
      </object_component>
      <object_component id="oc-1bd">
         <name>.debug_info</name>
         <load_address>0x10c64</load_address>
         <run_address>0x10c64</run_address>
         <size>0x37a</size>
         <input_file_ref idref="fl-ce"/>
      </object_component>
      <object_component id="oc-ac">
         <name>.debug_info</name>
         <load_address>0x10fde</load_address>
         <run_address>0x10fde</run_address>
         <size>0x17e</size>
         <input_file_ref idref="fl-ce"/>
      </object_component>
      <object_component id="oc-1b3">
         <name>.debug_info</name>
         <load_address>0x1115c</load_address>
         <run_address>0x1115c</run_address>
         <size>0x171</size>
         <input_file_ref idref="fl-ce"/>
      </object_component>
      <object_component id="oc-1ac">
         <name>.debug_info</name>
         <load_address>0x112cd</load_address>
         <run_address>0x112cd</run_address>
         <size>0x17e</size>
         <input_file_ref idref="fl-ce"/>
      </object_component>
      <object_component id="oc-1b7">
         <name>.debug_info</name>
         <load_address>0x1144b</load_address>
         <run_address>0x1144b</run_address>
         <size>0x1de</size>
         <input_file_ref idref="fl-ce"/>
      </object_component>
      <object_component id="oc-42">
         <name>.debug_info</name>
         <load_address>0x11629</load_address>
         <run_address>0x11629</run_address>
         <size>0x119</size>
         <input_file_ref idref="fl-cf"/>
      </object_component>
      <object_component id="oc-cf">
         <name>.debug_info</name>
         <load_address>0x11742</load_address>
         <run_address>0x11742</run_address>
         <size>0x147</size>
         <input_file_ref idref="fl-d0"/>
      </object_component>
      <object_component id="oc-129">
         <name>.debug_info</name>
         <load_address>0x11889</load_address>
         <run_address>0x11889</run_address>
         <size>0x2d4</size>
         <input_file_ref idref="fl-d1"/>
      </object_component>
      <object_component id="oc-54">
         <name>.debug_info</name>
         <load_address>0x11b5d</load_address>
         <run_address>0x11b5d</run_address>
         <size>0x1b5</size>
         <input_file_ref idref="fl-d1"/>
      </object_component>
      <object_component id="oc-124">
         <name>.debug_info</name>
         <load_address>0x11d12</load_address>
         <run_address>0x11d12</run_address>
         <size>0x46</size>
         <input_file_ref idref="fl-d1"/>
      </object_component>
      <object_component id="oc-221">
         <name>.debug_info</name>
         <load_address>0x11d58</load_address>
         <run_address>0x11d58</run_address>
         <size>0x2c</size>
         <input_file_ref idref="fl-d1"/>
      </object_component>
      <object_component id="oc-4c">
         <name>.debug_info</name>
         <load_address>0x11d84</load_address>
         <run_address>0x11d84</run_address>
         <size>0x2a8</size>
         <input_file_ref idref="fl-d2"/>
      </object_component>
      <object_component id="oc-1f">
         <name>.debug_info</name>
         <load_address>0x1202c</load_address>
         <run_address>0x1202c</run_address>
         <size>0x1ea</size>
         <input_file_ref idref="fl-d2"/>
      </object_component>
      <object_component id="oc-47">
         <name>.debug_info</name>
         <load_address>0x12216</load_address>
         <run_address>0x12216</run_address>
         <size>0x46</size>
         <input_file_ref idref="fl-d2"/>
      </object_component>
      <object_component id="oc-11c">
         <name>.debug_info</name>
         <load_address>0x1225c</load_address>
         <run_address>0x1225c</run_address>
         <size>0x2c</size>
         <input_file_ref idref="fl-d2"/>
      </object_component>
      <object_component id="oc-11a">
         <name>.debug_info</name>
         <load_address>0x12288</load_address>
         <run_address>0x12288</run_address>
         <size>0x29e</size>
         <input_file_ref idref="fl-d3"/>
      </object_component>
      <object_component id="oc-16">
         <name>.debug_info</name>
         <load_address>0x12526</load_address>
         <run_address>0x12526</run_address>
         <size>0x250</size>
         <input_file_ref idref="fl-d3"/>
      </object_component>
      <object_component id="oc-37">
         <name>.debug_info</name>
         <load_address>0x12776</load_address>
         <run_address>0x12776</run_address>
         <size>0x60</size>
         <input_file_ref idref="fl-d3"/>
      </object_component>
      <object_component id="oc-21a">
         <name>.debug_info</name>
         <load_address>0x127d6</load_address>
         <run_address>0x127d6</run_address>
         <size>0x46</size>
         <input_file_ref idref="fl-d3"/>
      </object_component>
      <object_component id="oc-115">
         <name>.debug_info</name>
         <load_address>0x1281c</load_address>
         <run_address>0x1281c</run_address>
         <size>0x39</size>
         <input_file_ref idref="fl-d3"/>
      </object_component>
      <object_component id="oc-2ef">
         <name>.debug_info</name>
         <load_address>0x12855</load_address>
         <run_address>0x12855</run_address>
         <size>0xf9</size>
         <input_file_ref idref="fl-d4"/>
      </object_component>
      <object_component id="oc-1a0">
         <name>.debug_info</name>
         <load_address>0x1294e</load_address>
         <run_address>0x1294e</run_address>
         <size>0x105</size>
         <input_file_ref idref="fl-d4"/>
      </object_component>
      <object_component id="oc-2ec">
         <name>.debug_info</name>
         <load_address>0x12a53</load_address>
         <run_address>0x12a53</run_address>
         <size>0x29a</size>
         <input_file_ref idref="fl-d5"/>
      </object_component>
      <object_component id="oc-198">
         <name>.debug_info</name>
         <load_address>0x12ced</load_address>
         <run_address>0x12ced</run_address>
         <size>0x292</size>
         <input_file_ref idref="fl-d5"/>
      </object_component>
      <object_component id="oc-352">
         <name>.debug_info</name>
         <load_address>0x12f7f</load_address>
         <run_address>0x12f7f</run_address>
         <size>0xfb</size>
         <input_file_ref idref="fl-d6"/>
      </object_component>
      <object_component id="oc-207">
         <name>.debug_info</name>
         <load_address>0x1307a</load_address>
         <run_address>0x1307a</run_address>
         <size>0x13d</size>
         <input_file_ref idref="fl-d6"/>
      </object_component>
      <object_component id="oc-1d0">
         <name>.debug_info</name>
         <load_address>0x131b7</load_address>
         <run_address>0x131b7</run_address>
         <size>0x28a</size>
         <input_file_ref idref="fl-d7"/>
      </object_component>
      <object_component id="oc-b9">
         <name>.debug_info</name>
         <load_address>0x13441</load_address>
         <run_address>0x13441</run_address>
         <size>0x273</size>
         <input_file_ref idref="fl-d7"/>
      </object_component>
      <object_component id="oc-1ce">
         <name>.debug_info</name>
         <load_address>0x136b4</load_address>
         <run_address>0x136b4</run_address>
         <size>0x2fe</size>
         <input_file_ref idref="fl-d8"/>
      </object_component>
      <object_component id="oc-1cb">
         <name>.debug_info</name>
         <load_address>0x139b2</load_address>
         <run_address>0x139b2</run_address>
         <size>0x105</size>
         <input_file_ref idref="fl-d8"/>
      </object_component>
      <object_component id="oc-b1">
         <name>.debug_info</name>
         <load_address>0x13ab7</load_address>
         <run_address>0x13ab7</run_address>
         <size>0x1ab</size>
         <input_file_ref idref="fl-d8"/>
      </object_component>
      <object_component id="oc-1a3">
         <name>.debug_info</name>
         <load_address>0x13c62</load_address>
         <run_address>0x13c62</run_address>
         <size>0x2b6</size>
         <input_file_ref idref="fl-d9"/>
      </object_component>
      <object_component id="oc-a5">
         <name>.debug_info</name>
         <load_address>0x13f18</load_address>
         <run_address>0x13f18</run_address>
         <size>0x154</size>
         <input_file_ref idref="fl-d9"/>
      </object_component>
      <object_component id="oc-25">
         <name>.debug_info</name>
         <load_address>0x1406c</load_address>
         <run_address>0x1406c</run_address>
         <size>0x10b</size>
         <input_file_ref idref="fl-da"/>
      </object_component>
      <object_component id="oc-61">
         <name>.debug_info</name>
         <load_address>0x14177</load_address>
         <run_address>0x14177</run_address>
         <size>0x1a9</size>
         <input_file_ref idref="fl-da"/>
      </object_component>
      <object_component id="oc-2b4">
         <name>.debug_info</name>
         <load_address>0x14320</load_address>
         <run_address>0x14320</run_address>
         <size>0x590</size>
         <input_file_ref idref="fl-db"/>
      </object_component>
      <object_component id="oc-281">
         <name>.debug_info</name>
         <load_address>0x148b0</load_address>
         <run_address>0x148b0</run_address>
         <size>0x21e</size>
         <input_file_ref idref="fl-db"/>
      </object_component>
      <object_component id="oc-3af">
         <name>.debug_info</name>
         <load_address>0x14ace</load_address>
         <run_address>0x14ace</run_address>
         <size>0x1b3</size>
         <input_file_ref idref="fl-db"/>
      </object_component>
      <object_component id="oc-3b5">
         <name>.debug_info</name>
         <load_address>0x14c81</load_address>
         <run_address>0x14c81</run_address>
         <size>0x21b</size>
         <input_file_ref idref="fl-db"/>
      </object_component>
      <object_component id="oc-28c">
         <name>.debug_info</name>
         <load_address>0x14e9c</load_address>
         <run_address>0x14e9c</run_address>
         <size>0x3c0</size>
         <input_file_ref idref="fl-db"/>
      </object_component>
      <object_component id="oc-3bc">
         <name>.debug_info</name>
         <load_address>0x1525c</load_address>
         <run_address>0x1525c</run_address>
         <size>0x30a</size>
         <input_file_ref idref="fl-db"/>
      </object_component>
      <object_component id="oc-3c2">
         <name>.debug_info</name>
         <load_address>0x15566</load_address>
         <run_address>0x15566</run_address>
         <size>0x215</size>
         <input_file_ref idref="fl-db"/>
      </object_component>
      <object_component id="oc-292">
         <name>.debug_info</name>
         <load_address>0x1577b</load_address>
         <run_address>0x1577b</run_address>
         <size>0x215</size>
         <input_file_ref idref="fl-db"/>
      </object_component>
      <object_component id="oc-298">
         <name>.debug_info</name>
         <load_address>0x15990</load_address>
         <run_address>0x15990</run_address>
         <size>0x304</size>
         <input_file_ref idref="fl-db"/>
      </object_component>
      <object_component id="oc-29e">
         <name>.debug_info</name>
         <load_address>0x15c94</load_address>
         <run_address>0x15c94</run_address>
         <size>0x4b5</size>
         <input_file_ref idref="fl-db"/>
      </object_component>
      <object_component id="oc-158">
         <name>.debug_info</name>
         <load_address>0x16149</load_address>
         <run_address>0x16149</run_address>
         <size>0x5f4</size>
         <input_file_ref idref="fl-db"/>
      </object_component>
      <object_component id="oc-2b5">
         <name>.debug_info</name>
         <load_address>0x1673d</load_address>
         <run_address>0x1673d</run_address>
         <size>0x86</size>
         <input_file_ref idref="fl-db"/>
      </object_component>
      <object_component id="oc-3e4">
         <name>.debug_info</name>
         <load_address>0x167c3</load_address>
         <run_address>0x167c3</run_address>
         <size>0x39</size>
         <input_file_ref idref="fl-db"/>
      </object_component>
      <object_component id="oc-467">
         <name>.debug_info</name>
         <load_address>0x167fc</load_address>
         <run_address>0x167fc</run_address>
         <size>0xb6</size>
         <input_file_ref idref="fl-db"/>
      </object_component>
      <object_component id="oc-3e9">
         <name>.debug_info</name>
         <load_address>0x168b2</load_address>
         <run_address>0x168b2</run_address>
         <size>0x46</size>
         <input_file_ref idref="fl-db"/>
      </object_component>
      <object_component id="oc-2ba">
         <name>.debug_info</name>
         <load_address>0x168f8</load_address>
         <run_address>0x168f8</run_address>
         <size>0x46</size>
         <input_file_ref idref="fl-db"/>
      </object_component>
      <object_component id="oc-329">
         <name>.debug_info</name>
         <load_address>0x1693e</load_address>
         <run_address>0x1693e</run_address>
         <size>0x5ce</size>
         <input_file_ref idref="fl-dc"/>
      </object_component>
      <object_component id="oc-1a7">
         <name>.debug_info</name>
         <load_address>0x16f0c</load_address>
         <run_address>0x16f0c</run_address>
         <size>0xa45</size>
         <input_file_ref idref="fl-dc"/>
      </object_component>
      <object_component id="oc-32b">
         <name>.debug_info</name>
         <load_address>0x17951</load_address>
         <run_address>0x17951</run_address>
         <size>0x9a</size>
         <input_file_ref idref="fl-dc"/>
      </object_component>
      <object_component id="oc-3a9">
         <name>.debug_info</name>
         <load_address>0x179eb</load_address>
         <run_address>0x179eb</run_address>
         <size>0x14c</size>
         <input_file_ref idref="fl-dd"/>
      </object_component>
      <object_component id="oc-285">
         <name>.debug_info</name>
         <load_address>0x17b37</load_address>
         <run_address>0x17b37</run_address>
         <size>0x128</size>
         <input_file_ref idref="fl-de"/>
      </object_component>
      <object_component id="oc-394">
         <name>.debug_info</name>
         <load_address>0x17c5f</load_address>
         <run_address>0x17c5f</run_address>
         <size>0x12a</size>
         <input_file_ref idref="fl-de"/>
      </object_component>
      <object_component id="oc-38e">
         <name>.debug_info</name>
         <load_address>0x17d89</load_address>
         <run_address>0x17d89</run_address>
         <size>0x13a</size>
         <input_file_ref idref="fl-df"/>
      </object_component>
      <object_component id="oc-389">
         <name>.debug_info</name>
         <load_address>0x17ec3</load_address>
         <run_address>0x17ec3</run_address>
         <size>0x13a</size>
         <input_file_ref idref="fl-e0"/>
      </object_component>
[...]
      <symbol id="sm-4ce">
         <name>mqttState</name>
         <value>0x200016dc</value>
         <object_component_ref idref="oc-c9"/>
      </symbol>
      <symbol id="sm-4cf">
         <name>disconnectMqtt</name>
         <value>0x55ad</value>
         <object_component_ref idref="oc-c2"/>
      </symbol>
      <symbol id="sm-4d0">
         <name>mqttConnectSent</name>
         <value>0x200016e5</value>
         <object_component_ref idref="oc-c9"/>
      </symbol>
      <symbol id="sm-4d1">
         <name>mqtt_ping</name>
         <value>0x4fe1</value>
         <object_component_ref idref="oc-c2"/>
      </symbol>
      <symbol id="sm-501">
         <name>sockets</name>
         <value>0x200014b0</value>
      </symbol>
      <symbol id="sm-502">
         <name>getSocketInfoFromArpResponse</name>
         <value>0x662f</value>
         <object_component_ref idref="oc-d7"/>
      </symbol>
      <symbol id="sm-503">
         <name>initSockets</name>
         <value>0x6525</value>
         <object_component_ref idref="oc-d7"/>
      </symbol>
      <symbol id="sm-504">
         <name>newSocket</name>
         <value>0x655d</value>
         <object_component_ref idref="oc-d7"/>
      </symbol>
      <symbol id="sm-505">
         <name>deleteSocket</name>
         <value>0x65c7</value>
         <object_component_ref idref="oc-d7"/>
      </symbol>
      <symbol id="sm-506">
         <name>getSocketInfoFromTcpPacket</name>
         <value>0x6751</value>
         <object_component_ref idref="oc-d7"/>
      </symbol>
      <symbol id="sm-507">
         <name>getSocketInfoFromUdpPacket</name>
         <value>0x66a7</value>
         <object_component_ref idref="oc-d7"/>
      </symbol>
      <symbol id="sm-523">
         <name>setSpi0Mode</name>
         <value>0x74df</value>
         <object_component_ref idref="oc-145"/>
      </symbol>
      <symbol id="sm-524">
         <name>readSpi0Data</name>
         <value>0x7545</value>
         <object_component_ref idref="oc-145"/>
      </symbol>
      <symbol id="sm-525">
         <name>writeSpi0Data</name>
         <value>0x752d</value>
         <object_component_ref idref="oc-145"/>
      </symbol>
      <symbol id="sm-526">
         <name>initSpi0</name>
         <value>0x740d</value>
         <object_component_ref idref="oc-145"/>
      </symbol>
      <symbol id="sm-527">
         <name>setSpi0BaudRate</name>
         <value>0x74a9</value>
         <object_component_ref idref="oc-145"/>
      </symbol>
      <symbol id="sm-58a">
         <name>tcpPorts</name>
         <value>0x200016a4</value>
      </symbol>
      <symbol id="sm-58b">
         <name>tcpState</name>
         <value>0x200016b4</value>
      </symbol>
      <symbol id="sm-58c">
         <name>isTcp</name>
         <value>0x2c45</value>
         <object_component_ref idref="oc-dd"/>
      </symbol>
      <symbol id="sm-58d">
         <name>tcpConnect</name>
         <value>0x33df</value>
         <object_component_ref idref="oc-dd"/>
      </symbol>
      <symbol id="sm-58e">
         <name>tcpPortCount</name>
         <value>0x200016db</value>
         <object_component_ref idref="oc-201"/>
      </symbol>
      <symbol id="sm-58f">
         <name>sendTcpResponse</name>
         <value>0x2fa1</value>
         <object_component_ref idref="oc-dd"/>
      </symbol>
      <symbol id="sm-590">
         <name>setTcpPortList</name>
         <value>0x2edf</value>
         <object_component_ref idref="oc-dd"/>
      </symbol>
      <symbol id="sm-591">
         <name>isTcpSyn</name>
         <value>0x2c71</value>
         <object_component_ref idref="oc-dd"/>
      </symbol>
      <symbol id="sm-592">
         <name>processTcpArpResponse</name>
         <value>0x2ed5</value>
         <object_component_ref idref="oc-dd"/>
      </symbol>
      <symbol id="sm-593">
         <name>getTcpState</name>
         <value>0x2c31</value>
         <object_component_ref idref="oc-dd"/>
      </symbol>
      <symbol id="sm-594">
         <name>sendTcpPendingMessages</name>
         <value>0x2d09</value>
         <object_component_ref idref="oc-dd"/>
      </symbol>
      <symbol id="sm-595">
         <name>isTcpAck</name>
         <value>0x2cbd</value>
         <object_component_ref idref="oc-dd"/>
      </symbol>
      <symbol id="sm-596">
         <name>setTcpState</name>
         <value>0x2c15</value>
         <object_component_ref idref="oc-dd"/>
      </symbol>
      <symbol id="sm-597">
         <name>sendTcpMessage</name>
         <value>0x30a9</value>
         <object_component_ref idref="oc-dd"/>
      </symbol>
      <symbol id="sm-598">
         <name>processTcpResponse</name>
         <value>0x2d19</value>
         <object_component_ref idref="oc-dd"/>
      </symbol>
      <symbol id="sm-599">
         <name>isTcpPortOpen</name>
         <value>0x2f35</value>
         <object_component_ref idref="oc-dd"/>
      </symbol>
      <symbol id="sm-5da">
         <name>fn</name>
         <value>0x20001000</value>
      </symbol>
      <symbol id="sm-5db">
         <name>period</name>
         <value>0x20001190</value>
      </symbol>
      <symbol id="sm-5dc">
         <name>ticks</name>
         <value>0x20001320</value>
      </symbol>
      <symbol id="sm-5dd">
         <name>reload</name>
         <value>0x200015c8</value>
      </symbol>
      <symbol id="sm-5de">
         <name>initTimer</name>
         <value>0x5ef9</value>
         <object_component_ref idref="oc-d1"/>
      </symbol>
      <symbol id="sm-5df">
         <name>stopTimer</name>
         <value>0x60a5</value>
         <object_component_ref idref="oc-d1"/>
      </symbol>
      <symbol id="sm-5e0">
         <name>startOneshotTimer</name>
         <value>0x5f99</value>
         <object_component_ref idref="oc-d1"/>
      </symbol>
      <symbol id="sm-5e1">
         <name>restartTimer</name>
         <value>0x610b</value>
         <object_component_ref idref="oc-d1"/>
      </symbol>
      <symbol id="sm-5e2">
         <name>random32</name>
         <value>0x61f3</value>
         <object_component_ref idref="oc-d1"/>
      </symbol>
      <symbol id="sm-5e3">
         <name>tickIsr</name>
         <value>0x6179</value>
         <object_component_ref idref="oc-d1"/>
      </symbol>
      <symbol id="sm-5e4">
         <name>startPeriodicTimer</name>
         <value>0x601f</value>
         <object_component_ref idref="oc-d1"/>
      </symbol>
      <symbol id="sm-600">
         <name>ResetISR</name>
         <value>0x8b3b</value>
         <object_component_ref idref="oc-27"/>
      </symbol>
      <symbol id="sm-601">
         <name>g_pfnVectors</name>
         <value>0x0</value>
         <object_component_ref idref="oc-12"/>
      </symbol>
      <symbol id="sm-624">
         <name>getcUart0</name>
         <value>0x7b43</value>
         <object_component_ref idref="oc-86"/>
      </symbol>
      <symbol id="sm-625">
         <name>kbhitUart0</name>
         <value>0x7b57</value>
         <object_component_ref idref="oc-86"/>
      </symbol>
      <symbol id="sm-626">
         <name>setUart0BaudRate</name>
         <value>0x7ab7</value>
         <object_component_ref idref="oc-86"/>
      </symbol>
      <symbol id="sm-627">
         <name>putsUart0</name>
         <value>0x7b17</value>
         <object_component_ref idref="oc-86"/>
      </symbol>
      <symbol id="sm-628">
         <name>initUart0</name>
         <value>0x7a6d</value>
         <object_component_ref idref="oc-86"/>
      </symbol>
      <symbol id="sm-629">
         <name>putcUart0</name>
         <value>0x7afb</value>
         <object_component_ref idref="oc-86"/>
      </symbol>
      <symbol id="sm-643">
         <name>sendUdpMessage</name>
         <value>0x68d9</value>
         <object_component_ref idref="oc-f5"/>
      </symbol>
      <symbol id="sm-644">
         <name>getUdpData</name>
         <value>0x68ad</value>
         <object_component_ref idref="oc-f5"/>
      </symbol>
      <symbol id="sm-645">
         <name>isUdp</name>
         <value>0x6805</value>
         <object_component_ref idref="oc-f5"/>
      </symbol>
      <symbol id="sm-653">
         <name>waitMicrosecond</name>
         <value>0x89e5</value>
         <object_component_ref idref="oc-e3"/>
      </symbol>
      <symbol id="sm-682">
         <name>snprintf</name>
         <value>0x871d</value>
         <object_component_ref idref="oc-8c"/>
      </symbol>
      <symbol id="sm-6b9">
         <name>sscanf</name>
         <value>0x8875</value>
         <object_component_ref idref="oc-aa"/>
      </symbol>
      <symbol id="sm-6d4">
         <name>memcpy</name>
         <value>0x8087</value>
         <object_component_ref idref="oc-41"/>
      </symbol>
      <symbol id="sm-6d5">
         <name>__aeabi_memcpy</name>
         <value>0x8087</value>
         <object_component_ref idref="oc-41"/>
      </symbol>
      <symbol id="sm-6d6">
         <name>__aeabi_memcpy8</name>
         <value>0x8087</value>
         <object_component_ref idref="oc-41"/>
      </symbol>
      <symbol id="sm-6d7">
         <name>__aeabi_memcpy4</name>
         <value>0x8087</value>
         <object_component_ref idref="oc-41"/>
      </symbol>
      <symbol id="sm-6e6">
         <name>__aeabi_memset</name>
         <value>0x834b</value>
         <object_component_ref idref="oc-cc"/>
      </symbol>
      <symbol id="sm-6e7">
         <name>memset</name>
         <value>0x8351</value>
         <object_component_ref idref="oc-cc"/>
      </symbol>
      <symbol id="sm-6e8">
         <name>__aeabi_memset8</name>
         <value>0x834b</value>
         <object_component_ref idref="oc-cc"/>
      </symbol>
      <symbol id="sm-6e9">
         <name>__aeabi_memset4</name>
         <value>0x834b</value>
         <object_component_ref idref="oc-cc"/>
      </symbol>
      <symbol id="sm-6ea">
         <name>__aeabi_memclr8</name>
         <value>0x8349</value>
         <object_component_ref idref="oc-cc"/>
      </symbol>
      <symbol id="sm-6eb">
         <name>__aeabi_memclr4</name>
         <value>0x8349</value>
         <object_component_ref idref="oc-cc"/>
      </symbol>
      <symbol id="sm-6ec">
         <name>__aeabi_memclr</name>
         <value>0x8349</value>
         <object_component_ref idref="oc-cc"/>
      </symbol>
      <symbol id="sm-703">
         <name>__TI_zero_init</name>
         <value>0x8b2f</value>
         <object_component_ref idref="oc-53"/>
      </symbol>
      <symbol id="sm-71a">
         <name>__TI_decompress_none</name>
         <value>0x8b21</value>
         <object_component_ref idref="oc-1b"/>
      </symbol>
      <symbol id="sm-73d">
         <name>__TI_decompress_lzss</name>
         <value>0x8509</value>
         <object_component_ref idref="oc-15"/>
      </symbol>
      <symbol id="sm-748">
         <name>_ctypes_</name>
         <value>0x8b60</value>
         <object_component_ref idref="oc-19f"/>
      </symbol>
      <symbol id="sm-758">
         <name>memcmp</name>
         <value>0x899d</value>
         <object_component_ref idref="oc-197"/>
      </symbol>
      <symbol id="sm-76e">
         <name>rand</name>
         <value>0x88e1</value>
         <object_component_ref idref="oc-205"/>
      </symbol>
      <symbol id="sm-77d">
         <name>strcmp</name>
         <value>0x8a6f</value>
         <object_component_ref idref="oc-b6"/>
      </symbol>
      <symbol id="sm-795">
         <name>strtok</name>
         <value>0x87f5</value>
         <object_component_ref idref="oc-b0"/>
      </symbol>
      <symbol id="sm-7a4">
         <name>tolower</name>
         <value>0x8b11</value>
         <object_component_ref idref="oc-a4"/>
      </symbol>
      <symbol id="sm-7b7">
         <name>__stack</name>
         <value>0x20000000</value>
         <object_component_ref idref="oc-24"/>
      </symbol>
      <symbol id="sm-7b8">
         <name>_c_int00_noargs</name>
         <value>0x88ad</value>
         <object_component_ref idref="oc-5f"/>
      </symbol>
      <symbol id="sm-91d">
         <name>__TI_printfi</name>
         <value>0x3675</value>
         <object_component_ref idref="oc-155"/>
      </symbol>
      <symbol id="sm-9d3">
         <name>__TI_scanfi</name>
         <value>0x2101</value>
         <object_component_ref idref="oc-1a4"/>
      </symbol>
      <symbol id="sm-9ea">
         <name>__aeabi_dsub</name>
         <value>0x70f5</value>
         <object_component_ref idref="oc-3a7"/>
      </symbol>
      <symbol id="sm-9eb">
         <name>__aeabi_dadd</name>
         <value>0x70ff</value>
         <object_component_ref idref="oc-3a7"/>
      </symbol>
      <symbol id="sm-a0d">
         <name>__aeabi_cdcmpeq</name>
         <value>0x81b9</value>
         <object_component_ref idref="oc-284"/>
      </symbol>
      <symbol id="sm-a0e">
         <name>__aeabi_cdcmple</name>
         <value>0x81b9</value>
         <object_component_ref idref="oc-284"/>
      </symbol>
      <symbol id="sm-a0f">
         <name>__aeabi_cdrcmple</name>
         <value>0x823f</value>
         <object_component_ref idref="oc-392"/>
      </symbol>
      <symbol id="sm-a23">
         <name>__aeabi_ddiv</name>
         <value>0x7805</value>
         <object_component_ref idref="oc-38d"/>
      </symbol>
      <symbol id="sm-a2e">
         <name>__aeabi_dmul</name>
         <value>0x7ed9</value>
         <object_component_ref idref="oc-388"/>
      </symbol>
      <symbol id="sm-a38">
         <name>__aeabi_d2iz</name>
         <value>0x8769</value>
         <object_component_ref idref="oc-397"/>
      </symbol>
      <symbol id="sm-a44">
         <name>__aeabi_d2f</name>
         <value>0x8431</value>
         <object_component_ref idref="oc-30a"/>
      </symbol>
      <symbol id="sm-a4e">
         <name>__aeabi_i2d</name>
         <value>0x8945</value>
         <object_component_ref idref="oc-3a2"/>
      </symbol>
      <symbol id="sm-a5b">
         <name>__aeabi_uldivmod</name>
         <value>0x8123</value>
         <object_component_ref idref="oc-381"/>
      </symbol>
      <symbol id="sm-a83">
         <name>__TI_auto_init_nobinit_nopinit</name>
         <value>0x87b1</value>
         <object_component_ref idref="oc-235"/>
      </symbol>
      <symbol id="sm-a8d">
         <name>_system_pre_init</name>
         <value>0x8b59</value>
         <object_component_ref idref="oc-12b"/>
      </symbol>
      <symbol id="sm-a99">
         <name>C$$EXIT</name>
         <value>0x8b5d</value>
         <object_component_ref idref="oc-229"/>
      </symbol>
      <symbol id="sm-a9a">
         <name>abort</name>
         <value>0x8b5d</value>
         <object_component_ref idref="oc-229"/>
      </symbol>
      <symbol id="sm-aaf">
         <name>_nop</name>
         <value>0x40c3</value>
         <object_component_ref idref="oc-412"/>
      </symbol>
      <symbol id="sm-ab0">
         <name>_lock</name>
         <value>0x200016e8</value>
         <object_component_ref idref="oc-34e"/>
      </symbol>
      <symbol id="sm-ab1">
         <name>_unlock</name>
         <value>0x200016ec</value>
         <object_component_ref idref="oc-34e"/>
      </symbol>
      <symbol id="sm-ac0">
         <name>__TI_ltoa</name>
         <value>0x862b</value>
         <object_component_ref idref="oc-39c"/>
      </symbol>
      <symbol id="sm-ad7">
         <name>atoi</name>
         <value>0x86d1</value>
         <object_component_ref idref="oc-278"/>
      </symbol>
      <symbol id="sm-ae7">
         <name>memccpy</name>
         <value>0x8a09</value>
         <object_component_ref idref="oc-2a1"/>
      </symbol>
      <symbol id="sm-af7">
         <name>strchr</name>
         <value>0x8a9f</value>
         <object_component_ref idref="oc-321"/>
      </symbol>
      <symbol id="sm-b05">
         <name>strcpy</name>
         <value>0x8ab5</value>
         <object_component_ref idref="oc-2f2"/>
      </symbol>
      <symbol id="sm-b16">
         <name>strcspn</name>
         <value>0x89c1</value>
         <object_component_ref idref="oc-1c4"/>
      </symbol>
      <symbol id="sm-b24">
         <name>strlen</name>
         <value>0x8ac9</value>
         <object_component_ref idref="oc-272"/>
      </symbol>
      <symbol id="sm-b33">
         <name>strrchr</name>
         <value>0x8a87</value>
         <object_component_ref idref="oc-31b"/>
      </symbol>
      <symbol id="sm-b45">
         <name>strspn</name>
         <value>0x8973</value>
         <object_component_ref idref="oc-1be"/>
      </symbol>
      <symbol id="sm-ba5">
         <name>strtold</name>
         <value>0x5a99</value>
         <object_component_ref idref="oc-304"/>
      </symbol>
      <symbol id="sm-ba6">
         <name>strtod</name>
         <value>0x5a99</value>
         <object_component_ref idref="oc-304"/>
      </symbol>
      <symbol id="sm-bca">
         <name>strtol</name>
         <value>0x793d</value>
         <object_component_ref idref="oc-30f"/>
      </symbol>
      <symbol id="sm-bf0">
         <name>strtoll</name>
         <value>0x6d49</value>
         <object_component_ref idref="oc-315"/>
      </symbol>
      <symbol id="sm-c10">
         <name>strtoul</name>
         <value>0x7dc9</value>
         <object_component_ref idref="oc-2fe"/>
      </symbol>
      <symbol id="sm-c33">
         <name>strtoull</name>
         <value>0x756d</value>
         <object_component_ref idref="oc-2f8"/>
      </symbol>
      <symbol id="sm-c49">
         <name>__aeabi_errno_addr</name>
         <value>0x8b49</value>
         <object_component_ref idref="oc-2ad"/>
      </symbol>
      <symbol id="sm-c4a">
         <name>errno</name>
         <value>0x2000170c</value>
         <object_component_ref idref="oc-3dd"/>
      </symbol>
      <symbol id="sm-c63">
         <name>wcslen</name>
         <value>0x8aef</value>
         <object_component_ref idref="oc-2a7"/>
      </symbol>
      <symbol id="sm-c83">
         <name>frexpl</name>
         <value>0x8571</value>
         <object_component_ref idref="oc-3c7"/>
      </symbol>
      <symbol id="sm-c84">
         <name>frexp</name>
         <value>0x8571</value>
         <object_component_ref idref="oc-3c7"/>
      </symbol>
      <symbol id="sm-ca1">
         <name>scalbn</name>
         <value>0x7cb9</value>
         <object_component_ref idref="oc-3cd"/>
      </symbol>
      <symbol id="sm-ca2">
         <name>scalbnl</name>
         <value>0x7cb9</value>
         <object_component_ref idref="oc-3cd"/>
      </symbol>
      <symbol id="sm-ca3">
         <name>ldexpl</name>
         <value>0x7cb9</value>
         <object_component_ref idref="oc-3cd"/>
      </symbol>
      <symbol id="sm-ca4">
         <name>ldexp</name>
         <value>0x7cb9</value>
         <object_component_ref idref="oc-3cd"/>
      </symbol>
      <symbol id="sm-cae">
         <name>__aeabi_idiv0</name>
         <value>0x6ad7</value>
         <object_component_ref idref="oc-439"/>
      </symbol>
      <symbol id="sm-caf">
         <name>__aeabi_ldiv0</name>
         <value>0x6ad7</value>
         <object_component_ref idref="oc-439"/>
      </symbol>
      <symbol id="sm-cb8">
         <name>__aeabi_lmul</name>
         <value>0x8a57</value>
         <object_component_ref idref="oc-3f4"/>
      </symbol>
      <symbol id="sm-cc2">
         <name>copysign</name>
         <value>0x8a25</value>
         <object_component_ref idref="oc-452"/>
      </symbol>
      <symbol id="sm-cc3">
         <name>copysignl</name>
         <value>0x8a25</value>
         <object_component_ref idref="oc-452"/>
      </symbol>
      <symbol id="sm-cc4">
         <name>__TI_static_base__</name>
         <value>0x0</value>
      </symbol>
      <symbol id="sm-cc7">
         <name>__mpu_init</name>
         <value>0x0</value>
      </symbol>
      <symbol id="sm-cc8">
         <name>_system_post_cinit</name>
         <value>0x0</value>
      </symbol>
   </symbol_table>
   <title>Link successful</title>
</link_info>
