******************************************************************************
                  TI ARM Linker PC v20.2.7                     
******************************************************************************
>> Linked Sun Apr 12 00:29:57 2026

OUTPUT FILE NAME:   <IotProject1.out>
ENTRY POINT SYMBOL: "_c_int00_noargs"  address: 00007981


MEMORY CONFIGURATION

         name            origin    length      used     unused   attr    fill
----------------------  --------  ---------  --------  --------  ----  --------
  FLASH                 00000000   00040000  00007e4c  000381b4  R  X
  SRAM                  20000000   00008000  00001701  000068ff  RW X


SEGMENT ALLOCATION MAP

run origin  load origin   length   init length attrs members
----------  ----------- ---------- ----------- ----- -------
00000000    00000000    00007e50   00007e50    r-x
  00000000    00000000    0000026c   0000026c    r-- .intvecs
  0000026c    0000026c    000079b8   000079b8    r-x .text
  00007c28    00007c28    000001e0   000001e0    r-- .const
  00007e08    00007e08    00000048   00000048    r-- .cinit
20000000    20000000    00001701   00000000    rw-
  20000000    20000000    00001000   00000000    rw- .stack
  20001000    20001000    000006bc   00000000    rw- .bss
  200016bc    200016bc    00000045   00000000    rw- .data


SECTION ALLOCATION MAP

 output                                  attributes/
section   page    origin      length       input sections
--------  ----  ----------  ----------   ----------------
.intvecs   0    00000000    0000026c     
                  00000000    0000026c     tm4c123gh6pm_startup_ccs.obj (.intvecs)

.text      0    0000026c    000079b8     
                  0000026c    00000ef8     dhcp.obj (.text)
                  00001164    00000ed8     ethernet.obj (.text)
                  0000203c    00000b14     rtsv7M4_T_le_v4SPD16_eabi.lib : _scanfi.c.obj (.text:__TI_scanfi)
                  00002b50    00000a4e                                   : _printfi.c.obj (.text:__TI_printfi)
                  0000359e    00000002                                   : div0.asm.obj (.text)
                  000035a0    00000808     gpio.obj (.text)
                  00003da8    00000714     eth0.obj (.text)
                  000044bc    000004ac     ip.obj (.text)
                  00004968    00000460     rtsv7M4_T_le_v4SPD16_eabi.lib : strtod.c.obj (.text:strtod)
                  00004dc8    00000338     timer.obj (.text)
                  00005100    000002f4     arp.obj (.text)
                  000053f4    000002e0     socket.obj (.text)
                  000056d4    000002d2     udp.obj (.text)
                  000059a6    00000002     --HOLE-- [fill = 0]
                  000059a8    00000270     rtsv7M4_T_le_v4SPD16_eabi.lib : _printfi.c.obj (.text:_pconv_a)
                  00005c18    00000204     tcp.obj (.text)
                  00005e1c    000001dc     rtsv7M4_T_le_v4SPD16_eabi.lib : strtoll.c.obj (.text:strtoll)
                  00005ff8    000001d0                                   : _printfi.c.obj (.text:_pconv_g)
                  000061c8    000001b6                                   : fd_add_t2.asm.obj (.text)
                  0000637e    00000160     icmp.obj (.text)
                  000064de    00000002     --HOLE-- [fill = 0]
                  000064e0    00000160     spi0.obj (.text)
                  00006640    0000015c     rtsv7M4_T_le_v4SPD16_eabi.lib : strtoull.c.obj (.text:strtoull)
                  0000679c    0000013c                                   : _printfi.c.obj (.text:_pconv_e)
                  000068d8    00000136                                   : fd_div_t2.asm.obj (.text)
                  00006a0e    00000002     --HOLE-- [fill = 0]
                  00006a10    00000130                                   : strtol.c.obj (.text:strtol)
                  00006b40    00000128     uart0.obj (.text)
                  00006c68    00000124     rtsv7M4_T_le_v4SPD16_eabi.lib : _printfi.c.obj (.text:fcvt)
                  00006d8c    00000110                                   : s_scalbn.c.obj (.text:scalbn)
                  00006e9c    00000110                                   : strtoul.c.obj (.text:strtoul)
                  00006fac    000000fc                                   : fd_mul_t2.asm.obj (.text)
                  000070a8    000000b1                                   : _printfi.c.obj (.text:_ltostr)
                  00007159    00000001     --HOLE-- [fill = 0]
                  0000715a    0000009c                                   : memcpy_t2.asm.obj (.text)
                  000071f6    00000096                                   : ull_div_t2.asm.obj (.text)
                  0000728c    00000086                                   : fd_cmp_t2.asm.obj (.text:__aeabi_cdcmple)
                  00007312    00000086                                   : fd_cmp_t2.asm.obj (.text:__aeabi_cdrcmple)
                  00007398    00000084     eeprom.obj (.text)
                  0000741c    0000007a     rtsv7M4_T_le_v4SPD16_eabi.lib : memset_t2.asm.obj (.text)
                  00007496    0000006e                                   : _printfi.c.obj (.text:_mcpy)
                  00007504    0000006e                                   : fd_tos_t2.asm.obj (.text)
                  00007572    00000002     --HOLE-- [fill = 0]
                  00007574    00000068                                   : sscanf.c.obj (.text:_chkmbc)
                  000075dc    00000068                                   : copy_decompress_lzss.c.obj (.text:decompress:lzss:__TI_decompress_lzss)
                  00007644    00000064                                   : s_frexp.c.obj (.text:frexp)
                  000076a8    00000056                                   : _printfi.c.obj (.text:_pconv_f)
                  000076fe    00000054                                   : _ltoa.c.obj (.text:__TI_ltoa)
                  00007752    00000052                                   : _printfi.c.obj (.text:_ecpy)
                  000077a4    0000004c                                   : atoi.c.obj (.text:atoi)
                  000077f0    0000004c                                   : snprintf.c.obj (.text:snprintf)
                  0000783c    00000048                                   : fd_toi_t2.asm.obj (.text)
                  00007884    00000044                                   : autoinit.c.obj (.text:__TI_auto_init_nobinit_nopinit:__TI_auto_init_nobinit_nopinit)
                  000078c8    00000040                                   : strtok.c.obj (.text:strtok)
                  00007908    0000003e                                   : _printfi.c.obj (.text:_fcpy)
                  00007946    00000002     --HOLE-- [fill = 0]
                  00007948    00000038                                   : sscanf.c.obj (.text:sscanf)
                  00007980    00000034                                   : boot_cortex_m.c.obj (.text:_c_int00_noargs:_c_int00_noargs)
                  000079b4    00000030                                   : snprintf.c.obj (.text:_outs)
                  000079e4    0000002e                                   : i_tofd_t2.asm.obj (.text)
                  00007a12    0000002a                                   : strspn.c.obj (.text:strspn)
                  00007a3c    00000024                                   : memcmp.c.obj (.text:memcmp)
                  00007a60    00000024     mqtt.obj (.text)
                  00007a84    00000024     rtsv7M4_T_le_v4SPD16_eabi.lib : strcspn.c.obj (.text:strcspn)
                  00007aa8    00000024     wait.obj (.text)
                  00007acc    0000001c     rtsv7M4_T_le_v4SPD16_eabi.lib : memccpy.c.obj (.text:memccpy)
                  00007ae8    0000001a                                   : s_copysign.c.obj (.text:copysign)
                  00007b02    00000018                                   : snprintf.c.obj (.text:_outc)
                  00007b1a    00000018                                   : ll_mul_t2.asm.obj (.text)
                  00007b32    00000018                                   : strcmp.c.obj (.text:strcmp)
                  00007b4a    00000018                                   : strrchr.c.obj (.text:strrchr)
                  00007b62    00000016                                   : strchr.c.obj (.text:strchr)
                  00007b78    00000014                                   : strcpy.c.obj (.text:strcpy)
                  00007b8c    00000014                                   : strlen.c.obj (.text:strlen)
                  00007ba0    00000012                                   : sscanf.c.obj (.text:_inpchar)
                  00007bb2    00000012                                   : wcslen.c.obj (.text:wcslen)
                  00007bc4    00000010     clock.obj (.text)
                  00007bd4    00000010     rtsv7M4_T_le_v4SPD16_eabi.lib : tolower.c.obj (.text:tolower)
                  00007be4    0000000e                                   : copy_decompress_none.c.obj (.text:decompress:none:__TI_decompress_none)
                  00007bf2    0000000c                                   : copy_zero_init.c.obj (.text:decompress:ZI:__TI_zero_init)
                  00007bfe    0000000c     tm4c123gh6pm_startup_ccs.obj (.text)
                  00007c0a    00000002     --HOLE-- [fill = 0]
                  00007c0c    00000008     rtsv7M4_T_le_v4SPD16_eabi.lib : errno.c.obj (.text:__aeabi_errno_addr)
                  00007c14    00000008                                   : sscanf.c.obj (.text:_uninpchar)
                  00007c1c    00000004                                   : pre_init.c.obj (.text:_system_pre_init)
                  00007c20    00000004                                   : exit.c.obj (.text:abort:abort)

.const     0    00007c28    000001e0     
                  00007c28    00000101     rtsv7M4_T_le_v4SPD16_eabi.lib : ctype.c.obj (.const:.string:_ctypes_)
                  00007d29    00000004     dhcp.obj (.const:.string:$P$T0$1)
                  00007d2d    00000001     --HOLE-- [fill = 0]
                  00007d2e    00000002     ethernet.obj (.const:$P$T0$1)
                  00007d30    000000c8     rtsv7M4_T_le_v4SPD16_eabi.lib : strtod.c.obj (.const:$O1$$)
                  00007df8    00000010                                   : _scanfi.c.obj (.const:$O1$$)

.cinit     0    00007e08    00000048     
                  00007e08    0000001e     (.cinit..data.load) [load image, compression = lzss]
                  00007e26    00000002     --HOLE-- [fill = 0]
                  00007e28    0000000c     (__TI_handler_table)
                  00007e34    00000004     --HOLE-- [fill = 0]
                  00007e38    00000008     (.cinit..bss.load) [load image, compression = zero_init]
                  00007e40    00000010     (__TI_cinit_table)

.init_array 
*          0    00000000    00000000     UNINITIALIZED

.bss       0    20001000    000006bc     UNINITIALIZED
                  20001000    00000190     (.common:fn)
                  20001190    00000190     (.common:period)
                  20001320    00000190     (.common:ticks)
                  200014b0    00000118     (.common:sockets)
                  200015c8    00000064     (.common:reload)
                  2000162c    00000054     (.common:strInput)
                  20001680    0000001c     dhcp.obj (.bss:dhcpSocket)
                  2000169c    00000008     (.common:dhcpServerHwAddress)
                  200016a4    00000008     (.common:tcpPorts)
                  200016ac    00000004     (.common:dhcpOfferedIpAdd)
                  200016b0    00000004     (.common:dhcpServerIpAdd)
                  200016b4    00000004     (.common:tcpState)
                  200016b8    00000004     (.common:token)

.data      0    200016bc    00000045     UNINITIALIZED
                  200016bc    0000001e     dhcp.obj (.data)
                  200016da    00000006     eth0.obj (.data:hwAddress)
                  200016e0    00000004     ip.obj (.data:ipAddress)
                  200016e4    00000004     ip.obj (.data:ipDnsAddress)
                  200016e8    00000004     ip.obj (.data:ipGwAddress)
                  200016ec    00000004     ip.obj (.data:ipSubnetMask)
                  200016f0    00000004     ip.obj (.data:ipTimeServerAddress)
                  200016f4    00000004     rtsv7M4_T_le_v4SPD16_eabi.lib : errno.c.obj (.data)
                  200016f8    00000004                                   : strtok.c.obj (.data)
                  200016fc    00000003     eth0.obj (.data)
                  200016ff    00000001     ethernet.obj (.data)
                  20001700    00000001     tcp.obj (.data)

.stack     0    20000000    00001000     UNINITIALIZED
                  20000000    00000004     rtsv7M4_T_le_v4SPD16_eabi.lib : boot_cortex_m.c.obj (.stack)
                  20000004    00000ffc     --HOLE--

__llvm_prf_cnts 
*          0    20000000    00000000     UNINITIALIZED

MODULE SUMMARY

       Module                         code    ro data   rw data
       ------                         ----    -------   -------
    .\
       dhcp.obj                       3832    4         74     
       ethernet.obj                   3800    2         89     
       timer.obj                      824     0         1300   
       gpio.obj                       2056    0         0      
       eth0.obj                       1812    0         9      
       ip.obj                         1196    0         20     
       socket.obj                     736     0         280    
       arp.obj                        756     0         0      
       udp.obj                        722     0         0      
       tm4c123gh6pm_startup_ccs.obj   12      620       0      
       tcp.obj                        516     0         13     
       icmp.obj                       352     0         0      
       spi0.obj                       352     0         0      
       uart0.obj                      296     0         0      
       eeprom.obj                     132     0         0      
       mqtt.obj                       36      0         0      
       wait.obj                       36      0         0      
       clock.obj                      16      0         0      
    +--+------------------------------+-------+---------+---------+
       Total:                         17482   626       1785   
                                                               
    C:\ti\ccs1281\ccs\tools\compiler\ti-cgt-arm_20.2.7.LTS\lib\rtsv7M4_T_le_v4SPD16_eabi.lib
       _printfi.c.obj                 4851    0         0      
       _scanfi.c.obj                  2836    16        0      
       strtod.c.obj                   1120    200       0      
       strtoll.c.obj                  476     0         0      
       fd_add_t2.asm.obj              438     0         0      
       strtoull.c.obj                 348     0         0      
       fd_div_t2.asm.obj              310     0         0      
       strtol.c.obj                   304     0         0      
       s_scalbn.c.obj                 272     0         0      
       strtoul.c.obj                  272     0         0      
       fd_cmp_t2.asm.obj              268     0         0      
       ctype.c.obj                    0       257       0      
       fd_mul_t2.asm.obj              252     0         0      
       sscanf.c.obj                   186     0         0      
       memcpy_t2.asm.obj              156     0         0      
       ull_div_t2.asm.obj             150     0         0      
       snprintf.c.obj                 148     0         0      
       memset_t2.asm.obj              122     0         0      
       fd_tos_t2.asm.obj              110     0         0      
       copy_decompress_lzss.c.obj     104     0         0      
       s_frexp.c.obj                  100     0         0      
       _ltoa.c.obj                    84      0         0      
       atoi.c.obj                     76      0         0      
       fd_toi_t2.asm.obj              72      0         0      
       autoinit.c.obj                 68      0         0      
       strtok.c.obj                   64      0         4      
       boot_cortex_m.c.obj            52      0         0      
       i_tofd_t2.asm.obj              46      0         0      
       strspn.c.obj                   42      0         0      
       memcmp.c.obj                   36      0         0      
       strcspn.c.obj                  36      0         0      
       memccpy.c.obj                  28      0         0      
       s_copysign.c.obj               26      0         0      
       ll_mul_t2.asm.obj              24      0         0      
       strcmp.c.obj                   24      0         0      
       strrchr.c.obj                  24      0         0      
       strchr.c.obj                   22      0         0      
       strcpy.c.obj                   20      0         0      
       strlen.c.obj                   20      0         0      
       wcslen.c.obj                   18      0         0      
       tolower.c.obj                  16      0         0      
       copy_decompress_none.c.obj     14      0         0      
       copy_zero_init.c.obj           12      0         0      
       errno.c.obj                    8       0         4      
       exit.c.obj                     4       0         0      
       pre_init.c.obj                 4       0         0      
       div0.asm.obj                   2       0         0      
    +--+------------------------------+-------+---------+---------+
       Total:                         13665   473       8      
                                                               
       Stack:                         0       0         4096   
       Linker Generated:              0       66        0      
    +--+------------------------------+-------+---------+---------+
       Grand Total:                   31147   1165      5889   


LINKER GENERATED COPY TABLES

__TI_cinit_table @ 00007e40 records: 2, size/record: 8, table size: 16
	.data: load addr=00007e08, load size=0000001e bytes, run addr=200016bc, run size=00000045 bytes, compression=lzss
	.bss: load addr=00007e38, load size=00000008 bytes, run addr=20001000, run size=000006bc bytes, compression=zero_init


LINKER GENERATED HANDLER TABLE

__TI_handler_table @ 00007e28 records: 3, size/record: 4, table size: 12
	index: 0, handler: __TI_decompress_lzss
	index: 1, handler: __TI_decompress_none
	index: 2, handler: __TI_zero_init


GLOBAL SYMBOLS: SORTED ALPHABETICALLY BY Name 

address   name                          
-------   ----                          
00007c21  C$$EXIT                       
00007bff  ResetISR                      
00001f15  Timer4A_Handler               
20001000  __STACK_END                   
00001000  __STACK_SIZE                  
20000200  __STACK_TOP                   
00007e40  __TI_CINIT_Base               
00007e50  __TI_CINIT_Limit              
00007e28  __TI_Handler_Table_Base       
00007e34  __TI_Handler_Table_Limit      
00007885  __TI_auto_init_nobinit_nopinit
000075dd  __TI_decompress_lzss          
00007be5  __TI_decompress_none          
000076ff  __TI_ltoa                     
ffffffff  __TI_pprof_out_hndl           
00002b51  __TI_printfi                  
ffffffff  __TI_prof_data_size           
ffffffff  __TI_prof_data_start          
0000203d  __TI_scanfi                   
00000000  __TI_static_base__            
00007bf3  __TI_zero_init                
0000728d  __aeabi_cdcmpeq               
0000728d  __aeabi_cdcmple               
00007313  __aeabi_cdrcmple              
00007505  __aeabi_d2f                   
0000783d  __aeabi_d2iz                  
000061d3  __aeabi_dadd                  
000068d9  __aeabi_ddiv                  
00006fad  __aeabi_dmul                  
000061c9  __aeabi_dsub                  
00007c0d  __aeabi_errno_addr            
000079e5  __aeabi_i2d                   
0000359f  __aeabi_idiv0                 
0000359f  __aeabi_ldiv0                 
00007b1b  __aeabi_lmul                  
0000741d  __aeabi_memclr                
0000741d  __aeabi_memclr4               
0000741d  __aeabi_memclr8               
0000715b  __aeabi_memcpy                
0000715b  __aeabi_memcpy4               
0000715b  __aeabi_memcpy8               
0000741f  __aeabi_memset                
0000741f  __aeabi_memset4               
0000741f  __aeabi_memset8               
000071f7  __aeabi_uldivmod              
ffffffff  __binit__                     
ffffffff  __c_args__                    
UNDEFED   __mpu_init                    
20000000  __stack                       
20000000  __start___llvm_prf_cnts       
20000000  __stop___llvm_prf_cnts        
00007981  _c_int00_noargs               
00007c28  _ctypes_                      
UNDEFED   _system_post_cinit            
00007c1d  _system_pre_init              
00007c21  abort                         
200016c3  arpRequestSent                
000015bb  asciiToUint8                  
000077a5  atoi                          
ffffffff  binit                         
00004923  calcIpChecksum                
00000287  callbackDhcpGetNewAddressTimer
000003f3  callbackDhcpIpConflictWindow  
0000035d  callbackDhcpLeaseEndTimer     
0000030f  callbackDhcpT1HitTimer        
0000030d  callbackDhcpT1PeriodicTimer   
00000337  callbackDhcpT2HitTimer        
00000335  callbackDhcpT2PeriodicTimer   
00003e67  clearEtherReg                 
00003bf5  clearPinInterrupt             
00007a61  connectMqtt                   
00007ae9  copysign                      
00007ae9  copysignl                     
200016ff  count                         
00005497  deleteSocket                  
200016d9  dhcpEnabled                   
200016ac  dhcpOfferedIpAdd              
2000169c  dhcpServerHwAddress           
200016b0  dhcpServerIpAdd               
200016d8  dhcpState                     
00000fa5  disableDhcp                   
00003dbf  disableEtherCs                
00003bd1  disablePinInterrupt           
00003909  disablePinPulldown            
000038c1  disablePinPullup              
0000365d  disablePort                   
00007a63  disconnectMqtt                
200016c0  discoverNeeded                
000011a5  displayConnectionInfo         
00000f71  enableDhcp                    
00003da9  enableEtherCs                 
00003bad  enablePinInterrupt            
000038e5  enablePinPulldown             
00003893  enablePinPullup               
000035a1  enablePort                    
200016f4  errno                         
20001000  fn                            
00007645  frexp                         
00007645  frexpl                        
00000000  g_pfnVectors                  
0000046d  getDhcpLeaseSeconds           
000009dd  getDhcpOption                 
00000281  getDhcpState                  
000043c3  getEtherId                    
0000445d  getEtherMacAddress            
0000419d  getEtherPacket                
000045ed  getIpAddress                  
000048f1  getIpChecksum                 
00004749  getIpDnsAddress               
000046d5  getIpGatewayAddress           
00004835  getIpMqttBrokerAddress        
00004661  getIpSubnetMask               
000047bd  getIpTimeServerAddress        
00003c63  getPinValue                   
00003d19  getPortValue                  
000054ff  getSocketInfoFromArpResponse  
00005621  getSocketInfoFromTcpPacket    
00005577  getSocketInfoFromUdpPacket    
00005c35  getTcpState                   
0000577d  getUdpData                    
00006c17  getcUart0                     
00000b41  handleDhcpAck                 
00004397  htonl                         
00004373  htons                         
200016da  hwAddress                     
000043cf  incEtherId                    
00007399  initEeprom                    
00003fb3  initEther                     
00001165  initHw                        
000053f5  initSockets                   
000064e1  initSpi0                      
00007bc5  initSystemClockTo40Mhz        
00004dc9  initTimer                     
00006b41  initUart0                     
200016e0  ipAddress                     
200016c4  ipConflictDetected            
200016c5  ipConflictDetectionMode       
200016e4  ipDnsAddress                  
200016e8  ipGwAddress                   
200016ec  ipSubnetMask                  
200016f0  ipTimeServerAddress           
00005101  isArpRequest                  
000051a5  isArpResponse                 
00000adb  isDhcpAck                     
00000c05  isDhcpDiscoverNeeded          
00000fb3  isDhcpEnabled                 
00000467  isDhcpIpConflictDetectionMode 
00000a49  isDhcpOffer                   
00000c15  isDhcpReleaseNeeded           
00000c11  isDhcpRequestNeeded           
00000499  isDhcpResponse                
00004153  isEtherDataAvailable          
00004139  isEtherLinkUp                 
0000416d  isEtherOverflow               
000044bd  isIp                          
0000452d  isIpUnicast                   
0000458d  isIpValid                     
0000637f  isPingRequest                 
00005c49  isTcp                         
00005cc1  isTcpAck                      
00005d81  isTcpPortOpen                 
00005c75  isTcpSyn                      
000056d5  isUdp                         
00006c2b  kbhitUart0                    
00006d8d  ldexp                         
00006d8d  ldexpl                        
200016c8  leaseSeconds                  
200016cc  leaseT1                       
200016d4  leaseT2                       
00001d01  main                          
00007acd  memccpy                       
00007a3d  memcmp                        
0000715b  memcpy                        
00007425  memset                        
0000542d  newSocket                     
200016fc  nextPacketLsb                 
200016fd  nextPacketMsb                 
20001190  period                        
00000f39  processDhcpArpResponse        
00000de1  processDhcpResponse           
00001665  processShell                  
00005d21  processTcpArpResponse         
00005d17  processTcpResponse            
00007a65  publishMqtt                   
0000428d  putEtherPacket                
00006bcf  putcUart0                     
00006beb  putsUart0                     
000050c3  random32                      
000014fb  readConfiguration             
000073e1  readEeprom                    
00003f9b  readEtherMem                  
00003eef  readEtherPhy                  
00003e01  readEtherReg                  
00006619  readSpi0Data                  
00000333  rebindDhcp                    
000003b5  releaseDhcp                   
200016c2  releaseNeeded                 
200015c8  reload                        
000002a1  renewDhcp                     
200016d0  renewRequestSent              
00000439  requestDhcpIpConflictTest     
0000029f  requestDhcpNewAddress         
200016c1  requestNeeded                 
00004fdb  restartTimer                  
00006d8d  scalbn                        
00006d8d  scalbnl                       
000037c7  selectPinAnalogInput          
00003779  selectPinDigitalInput         
00003ae3  selectPinInterruptBothEdges   
00003a93  selectPinInterruptFallingEdge 
00003b39  selectPinInterruptHighLevel   
00003b73  selectPinInterruptLowLevel    
00003a43  selectPinInterruptRisingEdge  
0000372b  selectPinOpenDrainOutput      
000036dd  selectPinPushPullOutput       
000052d7  sendArpRequest                
000051f9  sendArpResponse               
00000655  sendDhcpMessage               
00000c55  sendDhcpPendingMessages       
000063c3  sendPingRequest               
000063cf  sendPingResponse              
00005dfd  sendTcpMessage                
00005d0d  sendTcpPendingMessages        
00005ded  sendTcpResponse               
000057a9  sendUdpMessage                
200016fe  sequenceId                    
0000026d  setDhcpState                  
00003e9b  setEtherBank                  
000043d9  setEtherMacAddress            
00003e33  setEtherReg                   
000045b3  setIpAddress                  
0000470f  setIpDnsAddress               
0000469b  setIpGatewayAddress           
000047f7  setIpMqttBrokerAddress        
00004627  setIpSubnetMask               
00004783  setIpTimeServerAddress        
00003931  setPinAuxFunction             
00003817  setPinCommitControl           
00003c19  setPinValue                   
00003ca1  setPortValue                  
0000657d  setSpi0BaudRate               
000065b3  setSpi0Mode                   
00005d2b  setTcpPortList                
00005c19  setTcpState                   
00006b8b  setUart0BaudRate              
000077f1  snprintf                      
200014b0  sockets                       
00007949  sscanf                        
00003f89  startEtherMemRead             
00003f5b  startEtherMemWrite            
00004e69  startOneshotTimer             
00004eef  startPeriodicTimer            
00003fab  stopEtherMemRead              
00003f81  stopEtherMemWrite             
00004f75  stopTimer                     
2000162c  strInput                      
00007b63  strchr                        
00007b33  strcmp                        
00007b79  strcpy                        
00007a85  strcspn                       
00007b8d  strlen                        
00007b4b  strrchr                       
00007a13  strspn                        
00004969  strtod                        
000078c9  strtok                        
00006a11  strtol                        
00004969  strtold                       
00005e1d  strtoll                       
00006e9d  strtoul                       
00006641  strtoull                      
00007a71  subscribeMqtt                 
0000487d  sumIpWords                    
20001700  tcpPortCount                  
200016a4  tcpPorts                      
200016b4  tcpState                      
00005049  tickIsr                       
20001320  ticks                         
00003c3f  togglePinValue                
200016b8  token                         
00007bd5  tolower                       
00007a7b  unsubscribeMqtt               
00007aa9  waitMicrosecond               
00007bb3  wcslen                        
000073af  writeEeprom                   
00003f6d  writeEtherMem                 
00003eb7  writeEtherPhy                 
00003dcd  writeEtherReg                 
00006601  writeSpi0Data                 
200016bc  xid                           


GLOBAL SYMBOLS: SORTED BY Symbol Address 

address   name                          
-------   ----                          
00000000  __TI_static_base__            
00000000  g_pfnVectors                  
0000026d  setDhcpState                  
00000281  getDhcpState                  
00000287  callbackDhcpGetNewAddressTimer
0000029f  requestDhcpNewAddress         
000002a1  renewDhcp                     
0000030d  callbackDhcpT1PeriodicTimer   
0000030f  callbackDhcpT1HitTimer        
00000333  rebindDhcp                    
00000335  callbackDhcpT2PeriodicTimer   
00000337  callbackDhcpT2HitTimer        
0000035d  callbackDhcpLeaseEndTimer     
000003b5  releaseDhcp                   
000003f3  callbackDhcpIpConflictWindow  
00000439  requestDhcpIpConflictTest     
00000467  isDhcpIpConflictDetectionMode 
0000046d  getDhcpLeaseSeconds           
00000499  isDhcpResponse                
00000655  sendDhcpMessage               
000009dd  getDhcpOption                 
00000a49  isDhcpOffer                   
00000adb  isDhcpAck                     
00000b41  handleDhcpAck                 
00000c05  isDhcpDiscoverNeeded          
00000c11  isDhcpRequestNeeded           
00000c15  isDhcpReleaseNeeded           
00000c55  sendDhcpPendingMessages       
00000de1  processDhcpResponse           
00000f39  processDhcpArpResponse        
00000f71  enableDhcp                    
00000fa5  disableDhcp                   
00000fb3  isDhcpEnabled                 
00001000  __STACK_SIZE                  
00001165  initHw                        
000011a5  displayConnectionInfo         
000014fb  readConfiguration             
000015bb  asciiToUint8                  
00001665  processShell                  
00001d01  main                          
00001f15  Timer4A_Handler               
0000203d  __TI_scanfi                   
00002b51  __TI_printfi                  
0000359f  __aeabi_idiv0                 
0000359f  __aeabi_ldiv0                 
000035a1  enablePort                    
0000365d  disablePort                   
000036dd  selectPinPushPullOutput       
0000372b  selectPinOpenDrainOutput      
00003779  selectPinDigitalInput         
000037c7  selectPinAnalogInput          
00003817  setPinCommitControl           
00003893  enablePinPullup               
000038c1  disablePinPullup              
000038e5  enablePinPulldown             
00003909  disablePinPulldown            
00003931  setPinAuxFunction             
00003a43  selectPinInterruptRisingEdge  
00003a93  selectPinInterruptFallingEdge 
00003ae3  selectPinInterruptBothEdges   
00003b39  selectPinInterruptHighLevel   
00003b73  selectPinInterruptLowLevel    
00003bad  enablePinInterrupt            
00003bd1  disablePinInterrupt           
00003bf5  clearPinInterrupt             
00003c19  setPinValue                   
00003c3f  togglePinValue                
00003c63  getPinValue                   
00003ca1  setPortValue                  
00003d19  getPortValue                  
00003da9  enableEtherCs                 
00003dbf  disableEtherCs                
00003dcd  writeEtherReg                 
00003e01  readEtherReg                  
00003e33  setEtherReg                   
00003e67  clearEtherReg                 
00003e9b  setEtherBank                  
00003eb7  writeEtherPhy                 
00003eef  readEtherPhy                  
00003f5b  startEtherMemWrite            
00003f6d  writeEtherMem                 
00003f81  stopEtherMemWrite             
00003f89  startEtherMemRead             
00003f9b  readEtherMem                  
00003fab  stopEtherMemRead              
00003fb3  initEther                     
00004139  isEtherLinkUp                 
00004153  isEtherDataAvailable          
0000416d  isEtherOverflow               
0000419d  getEtherPacket                
0000428d  putEtherPacket                
00004373  htons                         
00004397  htonl                         
000043c3  getEtherId                    
000043cf  incEtherId                    
000043d9  setEtherMacAddress            
0000445d  getEtherMacAddress            
000044bd  isIp                          
0000452d  isIpUnicast                   
0000458d  isIpValid                     
000045b3  setIpAddress                  
000045ed  getIpAddress                  
00004627  setIpSubnetMask               
00004661  getIpSubnetMask               
0000469b  setIpGatewayAddress           
000046d5  getIpGatewayAddress           
0000470f  setIpDnsAddress               
00004749  getIpDnsAddress               
00004783  setIpTimeServerAddress        
000047bd  getIpTimeServerAddress        
000047f7  setIpMqttBrokerAddress        
00004835  getIpMqttBrokerAddress        
0000487d  sumIpWords                    
000048f1  getIpChecksum                 
00004923  calcIpChecksum                
00004969  strtod                        
00004969  strtold                       
00004dc9  initTimer                     
00004e69  startOneshotTimer             
00004eef  startPeriodicTimer            
00004f75  stopTimer                     
00004fdb  restartTimer                  
00005049  tickIsr                       
000050c3  random32                      
00005101  isArpRequest                  
000051a5  isArpResponse                 
000051f9  sendArpResponse               
000052d7  sendArpRequest                
000053f5  initSockets                   
0000542d  newSocket                     
00005497  deleteSocket                  
000054ff  getSocketInfoFromArpResponse  
00005577  getSocketInfoFromUdpPacket    
00005621  getSocketInfoFromTcpPacket    
000056d5  isUdp                         
0000577d  getUdpData                    
000057a9  sendUdpMessage                
00005c19  setTcpState                   
00005c35  getTcpState                   
00005c49  isTcp                         
00005c75  isTcpSyn                      
00005cc1  isTcpAck                      
00005d0d  sendTcpPendingMessages        
00005d17  processTcpResponse            
00005d21  processTcpArpResponse         
00005d2b  setTcpPortList                
00005d81  isTcpPortOpen                 
00005ded  sendTcpResponse               
00005dfd  sendTcpMessage                
00005e1d  strtoll                       
000061c9  __aeabi_dsub                  
000061d3  __aeabi_dadd                  
0000637f  isPingRequest                 
000063c3  sendPingRequest               
000063cf  sendPingResponse              
000064e1  initSpi0                      
0000657d  setSpi0BaudRate               
000065b3  setSpi0Mode                   
00006601  writeSpi0Data                 
00006619  readSpi0Data                  
00006641  strtoull                      
000068d9  __aeabi_ddiv                  
00006a11  strtol                        
00006b41  initUart0                     
00006b8b  setUart0BaudRate              
00006bcf  putcUart0                     
00006beb  putsUart0                     
00006c17  getcUart0                     
00006c2b  kbhitUart0                    
00006d8d  ldexp                         
00006d8d  ldexpl                        
00006d8d  scalbn                        
00006d8d  scalbnl                       
00006e9d  strtoul                       
00006fad  __aeabi_dmul                  
0000715b  __aeabi_memcpy                
0000715b  __aeabi_memcpy4               
0000715b  __aeabi_memcpy8               
0000715b  memcpy                        
000071f7  __aeabi_uldivmod              
0000728d  __aeabi_cdcmpeq               
0000728d  __aeabi_cdcmple               
00007313  __aeabi_cdrcmple              
00007399  initEeprom                    
000073af  writeEeprom                   
000073e1  readEeprom                    
0000741d  __aeabi_memclr                
0000741d  __aeabi_memclr4               
0000741d  __aeabi_memclr8               
0000741f  __aeabi_memset                
0000741f  __aeabi_memset4               
0000741f  __aeabi_memset8               
00007425  memset                        
00007505  __aeabi_d2f                   
000075dd  __TI_decompress_lzss          
00007645  frexp                         
00007645  frexpl                        
000076ff  __TI_ltoa                     
000077a5  atoi                          
000077f1  snprintf                      
0000783d  __aeabi_d2iz                  
00007885  __TI_auto_init_nobinit_nopinit
000078c9  strtok                        
00007949  sscanf                        
00007981  _c_int00_noargs               
000079e5  __aeabi_i2d                   
00007a13  strspn                        
00007a3d  memcmp                        
00007a61  connectMqtt                   
00007a63  disconnectMqtt                
00007a65  publishMqtt                   
00007a71  subscribeMqtt                 
00007a7b  unsubscribeMqtt               
00007a85  strcspn                       
00007aa9  waitMicrosecond               
00007acd  memccpy                       
00007ae9  copysign                      
00007ae9  copysignl                     
00007b1b  __aeabi_lmul                  
00007b33  strcmp                        
00007b4b  strrchr                       
00007b63  strchr                        
00007b79  strcpy                        
00007b8d  strlen                        
00007bb3  wcslen                        
00007bc5  initSystemClockTo40Mhz        
00007bd5  tolower                       
00007be5  __TI_decompress_none          
00007bf3  __TI_zero_init                
00007bff  ResetISR                      
00007c0d  __aeabi_errno_addr            
00007c1d  _system_pre_init              
00007c21  C$$EXIT                       
00007c21  abort                         
00007c28  _ctypes_                      
00007e28  __TI_Handler_Table_Base       
00007e34  __TI_Handler_Table_Limit      
00007e40  __TI_CINIT_Base               
00007e50  __TI_CINIT_Limit              
20000000  __stack                       
20000000  __start___llvm_prf_cnts       
20000000  __stop___llvm_prf_cnts        
20000200  __STACK_TOP                   
20001000  __STACK_END                   
20001000  fn                            
20001190  period                        
20001320  ticks                         
200014b0  sockets                       
200015c8  reload                        
2000162c  strInput                      
2000169c  dhcpServerHwAddress           
200016a4  tcpPorts                      
200016ac  dhcpOfferedIpAdd              
200016b0  dhcpServerIpAdd               
200016b4  tcpState                      
200016b8  token                         
200016bc  xid                           
200016c0  discoverNeeded                
200016c1  requestNeeded                 
200016c2  releaseNeeded                 
200016c3  arpRequestSent                
200016c4  ipConflictDetected            
200016c5  ipConflictDetectionMode       
200016c8  leaseSeconds                  
200016cc  leaseT1                       
200016d0  renewRequestSent              
200016d4  leaseT2                       
200016d8  dhcpState                     
200016d9  dhcpEnabled                   
200016da  hwAddress                     
200016e0  ipAddress                     
200016e4  ipDnsAddress                  
200016e8  ipGwAddress                   
200016ec  ipSubnetMask                  
200016f0  ipTimeServerAddress           
200016f4  errno                         
200016fc  nextPacketLsb                 
200016fd  nextPacketMsb                 
200016fe  sequenceId                    
200016ff  count                         
20001700  tcpPortCount                  
ffffffff  __TI_pprof_out_hndl           
ffffffff  __TI_prof_data_size           
ffffffff  __TI_prof_data_start          
ffffffff  __binit__                     
ffffffff  __c_args__                    
ffffffff  binit                         
UNDEFED   __mpu_init                    
UNDEFED   _system_post_cinit            

[289 symbols]
