******************************************************************************
                  TI ARM Linker PC v20.2.7                     
******************************************************************************
>> Linked Sat Apr 25 16:17:21 2026

OUTPUT FILE NAME:   <IotProject1.out>
ENTRY POINT SYMBOL: "_c_int00_noargs"  address: 00008fad


MEMORY CONFIGURATION

         name            origin    length      used     unused   attr    fill
----------------------  --------  ---------  --------  --------  ----  --------
  FLASH                 00000000   00040000  000094b8  00036b48  R  X
  SRAM                  20000000   00008000  00001843  000067bd  RW X


SEGMENT ALLOCATION MAP

run origin  load origin   length   init length attrs members
----------  ----------- ---------- ----------- ----- -------
00000000    00000000    000094b8   000094b8    r-x
  00000000    00000000    0000026c   0000026c    r-- .intvecs
  0000026c    0000026c    00009024   00009024    r-x .text
  00009290    00009290    000001e0   000001e0    r-- .const
  00009470    00009470    00000048   00000048    r-- .cinit
20000000    20000000    00001843   00000000    rw-
  20000000    20000000    00001000   00000000    rw- .stack
  20001000    20001000    000007e4   00000000    rw- .bss
  200017e4    200017e4    0000005f   00000000    rw- .data


SECTION ALLOCATION MAP

 output                                  attributes/
section   page    origin      length       input sections
--------  ----  ----------  ----------   ----------------
.intvecs   0    00000000    0000026c     
                  00000000    0000026c     tm4c123gh6pm_startup_ccs.obj (.intvecs)

.text      0    0000026c    00009024     
                  0000026c    00000f9c     ethernet.obj (.text)
                  00001208    00000ef8     dhcp.obj (.text)
                  00002100    00000b90     mqtt.obj (.text)
                  00002c90    00000b28     tcp.obj (.text)
                  000037b8    00000b14     rtsv7M4_T_le_v4SPD16_eabi.lib : _scanfi.c.obj (.text:__TI_scanfi)
                  000042cc    00000a4e                                   : _printfi.c.obj (.text:__TI_printfi)
                  00004d1a    00000002                                   : _lock.c.obj (.text:_nop)
                  00004d1c    00000808     gpio.obj (.text)
                  00005524    00000714     eth0.obj (.text)
                  00005c38    000004ac     ip.obj (.text)
                  000060e4    00000460     rtsv7M4_T_le_v4SPD16_eabi.lib : strtod.c.obj (.text:strtod)
                  00006544    00000338     timer.obj (.text)
                  0000687c    000002f4     arp.obj (.text)
                  00006b70    000002e0     socket.obj (.text)
                  00006e50    000002d2     udp.obj (.text)
                  00007122    00000002     rtsv7M4_T_le_v4SPD16_eabi.lib : div0.asm.obj (.text)
                  00007124    00000270                                   : _printfi.c.obj (.text:_pconv_a)
                  00007394    000001dc                                   : strtoll.c.obj (.text:strtoll)
                  00007570    000001d0                                   : _printfi.c.obj (.text:_pconv_g)
                  00007740    000001b6                                   : fd_add_t2.asm.obj (.text)
                  000078f6    00000160     icmp.obj (.text)
                  00007a56    00000002     --HOLE-- [fill = 0]
                  00007a58    00000160     spi0.obj (.text)
                  00007bb8    0000015c     rtsv7M4_T_le_v4SPD16_eabi.lib : strtoull.c.obj (.text:strtoull)
                  00007d14    0000013c                                   : _printfi.c.obj (.text:_pconv_e)
                  00007e50    00000136                                   : fd_div_t2.asm.obj (.text)
                  00007f86    00000002     --HOLE-- [fill = 0]
                  00007f88    00000130                                   : strtol.c.obj (.text:strtol)
                  000080b8    00000128     uart0.obj (.text)
                  000081e0    00000124     rtsv7M4_T_le_v4SPD16_eabi.lib : _printfi.c.obj (.text:fcvt)
                  00008304    00000110                                   : s_scalbn.c.obj (.text:scalbn)
                  00008414    00000110                                   : strtoul.c.obj (.text:strtoul)
                  00008524    000000fc                                   : fd_mul_t2.asm.obj (.text)
                  00008620    000000b1                                   : _printfi.c.obj (.text:_ltostr)
                  000086d1    00000001     --HOLE-- [fill = 0]
                  000086d2    0000009c                                   : memcpy_t2.asm.obj (.text)
                  0000876e    00000096                                   : ull_div_t2.asm.obj (.text)
                  00008804    00000086                                   : fd_cmp_t2.asm.obj (.text:__aeabi_cdcmple)
                  0000888a    00000086                                   : fd_cmp_t2.asm.obj (.text:__aeabi_cdrcmple)
                  00008910    00000084     eeprom.obj (.text)
                  00008994    0000007a     rtsv7M4_T_le_v4SPD16_eabi.lib : memset_t2.asm.obj (.text)
                  00008a0e    0000006e                                   : _printfi.c.obj (.text:_mcpy)
                  00008a7c    0000006e                                   : fd_tos_t2.asm.obj (.text)
                  00008aea    00000002     --HOLE-- [fill = 0]
                  00008aec    00000068                                   : sscanf.c.obj (.text:_chkmbc)
                  00008b54    00000068                                   : copy_decompress_lzss.c.obj (.text:decompress:lzss:__TI_decompress_lzss)
                  00008bbc    00000064                                   : s_frexp.c.obj (.text:frexp)
                  00008c20    00000056                                   : _printfi.c.obj (.text:_pconv_f)
                  00008c76    00000054                                   : _ltoa.c.obj (.text:__TI_ltoa)
                  00008cca    00000052                                   : _printfi.c.obj (.text:_ecpy)
                  00008d1c    0000004c                                   : atoi.c.obj (.text:atoi)
                  00008d68    0000004c                                   : snprintf.c.obj (.text:snprintf)
                  00008db4    00000048                                   : hosttime.c.obj (.text:HOSTtime)
                  00008dfc    00000048                                   : fd_toi_t2.asm.obj (.text)
                  00008e44    00000044                                   : autoinit.c.obj (.text:__TI_auto_init_nobinit_nopinit:__TI_auto_init_nobinit_nopinit)
                  00008e88    00000040                                   : strtok.c.obj (.text:strtok)
                  00008ec8    0000003e                                   : _printfi.c.obj (.text:_fcpy)
                  00008f06    00000002     --HOLE-- [fill = 0]
                  00008f08    00000038                                   : trgmsg.c.obj (.text:__TI_writemsg)
                  00008f40    00000038                                   : sscanf.c.obj (.text:sscanf)
                  00008f78    00000034                                   : trgmsg.c.obj (.text:__TI_readmsg)
                  00008fac    00000034                                   : boot_cortex_m.c.obj (.text:_c_int00_noargs:_c_int00_noargs)
                  00008fe0    00000034                                   : rand.c.obj (.text:rand)
                  00009014    00000030                                   : snprintf.c.obj (.text:_outs)
                  00009044    0000002e                                   : i_tofd_t2.asm.obj (.text)
                  00009072    0000002a                                   : strspn.c.obj (.text:strspn)
                  0000909c    00000024                                   : memcmp.c.obj (.text:memcmp)
                  000090c0    00000024                                   : rand.c.obj (.text:srand)
                  000090e4    00000024                                   : strcspn.c.obj (.text:strcspn)
                  00009108    00000024     wait.obj (.text)
                  0000912c    0000001c     rtsv7M4_T_le_v4SPD16_eabi.lib : memccpy.c.obj (.text:memccpy)
                  00009148    0000001a                                   : s_copysign.c.obj (.text:copysign)
                  00009162    00000018                                   : snprintf.c.obj (.text:_outc)
                  0000917a    00000018                                   : ll_mul_t2.asm.obj (.text)
                  00009192    00000018                                   : strcmp.c.obj (.text:strcmp)
                  000091aa    00000018                                   : strrchr.c.obj (.text:strrchr)
                  000091c2    00000016                                   : strchr.c.obj (.text:strchr)
                  000091d8    00000014                                   : strcpy.c.obj (.text:strcpy)
                  000091ec    00000014                                   : strlen.c.obj (.text:strlen)
                  00009200    00000012                                   : sscanf.c.obj (.text:_inpchar)
                  00009212    00000012                                   : wcslen.c.obj (.text:wcslen)
                  00009224    00000010     clock.obj (.text)
                  00009234    00000010     rtsv7M4_T_le_v4SPD16_eabi.lib : tolower.c.obj (.text:tolower)
                  00009244    0000000e                                   : time.c.obj (.text:__time32)
                  00009252    0000000e                                   : copy_decompress_none.c.obj (.text:decompress:none:__TI_decompress_none)
                  00009260    0000000c                                   : copy_zero_init.c.obj (.text:decompress:ZI:__TI_zero_init)
                  0000926c    0000000c     tm4c123gh6pm_startup_ccs.obj (.text)
                  00009278    00000008     rtsv7M4_T_le_v4SPD16_eabi.lib : errno.c.obj (.text:__aeabi_errno_addr)
                  00009280    00000008                                   : sscanf.c.obj (.text:_uninpchar)
                  00009288    00000004                                   : pre_init.c.obj (.text:_system_pre_init)
                  0000928c    00000004                                   : exit.c.obj (.text:abort:abort)

.const     0    00009290    000001e0     
                  00009290    00000101     rtsv7M4_T_le_v4SPD16_eabi.lib : ctype.c.obj (.const:.string:_ctypes_)
                  00009391    00000004     dhcp.obj (.const:.string:$P$T0$1)
                  00009395    00000001     --HOLE-- [fill = 0]
                  00009396    00000002     ethernet.obj (.const:$P$T0$1)
                  00009398    000000c8     rtsv7M4_T_le_v4SPD16_eabi.lib : strtod.c.obj (.const:$O1$$)
                  00009460    00000010                                   : _scanfi.c.obj (.const:$O1$$)

.cinit     0    00009470    00000048     
                  00009470    00000022     (.cinit..data.load) [load image, compression = lzss]
                  00009492    00000002     --HOLE-- [fill = 0]
                  00009494    0000000c     (__TI_handler_table)
                  000094a0    00000008     (.cinit..bss.load) [load image, compression = zero_init]
                  000094a8    00000010     (__TI_cinit_table)

.init_array 
*          0    00000000    00000000     UNINITIALIZED

.bss       0    20001000    000007e4     UNINITIALIZED
                  20001000    00000190     (.common:fn)
                  20001190    00000190     (.common:period)
                  20001320    00000190     (.common:ticks)
                  200014b0    00000120     rtsv7M4_T_le_v4SPD16_eabi.lib : trgmsg.c.obj (.bss:_CIOBUF_)
                  200015d0    00000118     (.common:sockets)
                  200016e8    00000064     (.common:reload)
                  2000174c    00000054     (.common:strInput)
                  200017a0    0000001c     dhcp.obj (.bss:dhcpSocket)
                  200017bc    00000008     (.common:dhcpServerHwAddress)
                  200017c4    00000008     (.common:parmbuf)
                  200017cc    00000008     (.common:tcpPorts)
                  200017d4    00000004     (.common:dhcpOfferedIpAdd)
                  200017d8    00000004     (.common:dhcpServerIpAdd)
                  200017dc    00000004     (.common:tcpState)
                  200017e0    00000004     (.common:token)

.data      0    200017e4    0000005f     UNINITIALIZED
                  200017e4    0000001e     dhcp.obj (.data)
                  20001802    00000001     ethernet.obj (.data)
                  20001803    00000001     tcp.obj (.data)
                  20001804    0000000a     mqtt.obj (.data)
                  2000180e    00000002     --HOLE--
                  20001810    00000008     rtsv7M4_T_le_v4SPD16_eabi.lib : _lock.c.obj (.data:$O1$$)
                  20001818    00000006     eth0.obj (.data:hwAddress)
                  2000181e    00000004     ip.obj (.data:ipAddress)
                  20001822    00000004     ip.obj (.data:ipDnsAddress)
                  20001826    00000004     ip.obj (.data:ipGwAddress)
                  2000182a    00000004     ip.obj (.data:ipSubnetMask)
                  2000182e    00000004     ip.obj (.data:ipTimeServerAddress)
                  20001832    00000002     --HOLE--
                  20001834    00000004     rtsv7M4_T_le_v4SPD16_eabi.lib : errno.c.obj (.data)
                  20001838    00000004                                   : rand.c.obj (.data)
                  2000183c    00000004                                   : strtok.c.obj (.data)
                  20001840    00000003     eth0.obj (.data)

.stack     0    20000000    00001000     UNINITIALIZED
                  20000000    00000004     rtsv7M4_T_le_v4SPD16_eabi.lib : boot_cortex_m.c.obj (.stack)
                  20000004    00000ffc     --HOLE--

__llvm_prf_cnts 
*          0    20000000    00000000     UNINITIALIZED

MODULE SUMMARY

       Module                         code    ro data   rw data
       ------                         ----    -------   -------
    .\
       ethernet.obj                   3996    2         89     
       dhcp.obj                       3832    4         74     
       mqtt.obj                       2960    0         10     
       tcp.obj                        2856    0         13     
       timer.obj                      824     0         1300   
       gpio.obj                       2056    0         0      
       eth0.obj                       1812    0         9      
       ip.obj                         1196    0         20     
       socket.obj                     736     0         280    
       arp.obj                        756     0         0      
       udp.obj                        722     0         0      
       tm4c123gh6pm_startup_ccs.obj   12      620       0      
       icmp.obj                       352     0         0      
       spi0.obj                       352     0         0      
       uart0.obj                      296     0         0      
       eeprom.obj                     132     0         0      
       wait.obj                       36      0         0      
       clock.obj                      16      0         0      
    +--+------------------------------+-------+---------+---------+
       Total:                         22942   626       1795   
                                                               
    C:\ti\ccs1281\ccs\tools\compiler\ti-cgt-arm_20.2.7.LTS\lib\rtsv7M4_T_le_v4SPD16_eabi.lib
       _printfi.c.obj                 4851    0         0      
       _scanfi.c.obj                  2836    16        0      
       strtod.c.obj                   1120    200       0      
       strtoll.c.obj                  476     0         0      
       fd_add_t2.asm.obj              438     0         0      
       trgmsg.c.obj                   108     0         288    
       strtoull.c.obj                 348     0         0      
       fd_div_t2.asm.obj              310     0         0      
       strtol.c.obj                   304     0         0      
       s_scalbn.c.obj                 272     0         0      
       strtoul.c.obj                  272     0         0      
       fd_cmp_t2.asm.obj              268     0         0      
       ctype.c.obj                    0       257       0      
       fd_mul_t2.asm.obj              252     0         0      
       sscanf.c.obj                   186     0         0      
       memcpy_t2.asm.obj              156     0         0      
       ull_div_t2.asm.obj             150     0         0      
       snprintf.c.obj                 148     0         0      
       memset_t2.asm.obj              122     0         0      
       fd_tos_t2.asm.obj              110     0         0      
       copy_decompress_lzss.c.obj     104     0         0      
       s_frexp.c.obj                  100     0         0      
       rand.c.obj                     88      0         4      
       _ltoa.c.obj                    84      0         0      
       atoi.c.obj                     76      0         0      
       fd_toi_t2.asm.obj              72      0         0      
       hosttime.c.obj                 72      0         0      
       autoinit.c.obj                 68      0         0      
       strtok.c.obj                   64      0         4      
       boot_cortex_m.c.obj            52      0         0      
       i_tofd_t2.asm.obj              46      0         0      
       strspn.c.obj                   42      0         0      
       memcmp.c.obj                   36      0         0      
       strcspn.c.obj                  36      0         0      
       memccpy.c.obj                  28      0         0      
       s_copysign.c.obj               26      0         0      
       ll_mul_t2.asm.obj              24      0         0      
       strcmp.c.obj                   24      0         0      
       strrchr.c.obj                  24      0         0      
       strchr.c.obj                   22      0         0      
       strcpy.c.obj                   20      0         0      
       strlen.c.obj                   20      0         0      
       wcslen.c.obj                   18      0         0      
       tolower.c.obj                  16      0         0      
       copy_decompress_none.c.obj     14      0         0      
       time.c.obj                     14      0         0      
       copy_zero_init.c.obj           12      0         0      
       errno.c.obj                    8       0         4      
       _lock.c.obj                    2       0         8      
       hostopen.c.obj                 0       0         8      
       exit.c.obj                     4       0         0      
       pre_init.c.obj                 4       0         0      
       div0.asm.obj                   2       0         0      
    +--+------------------------------+-------+---------+---------+
       Total:                         13949   473       316    
                                                               
       Stack:                         0       0         4096   
       Linker Generated:              0       70        0      
    +--+------------------------------+-------+---------+---------+
       Grand Total:                   36891   1169      6207   


LINKER GENERATED COPY TABLES

__TI_cinit_table @ 000094a8 records: 2, size/record: 8, table size: 16
	.data: load addr=00009470, load size=00000022 bytes, run addr=200017e4, run size=0000005f bytes, compression=lzss
	.bss: load addr=000094a0, load size=00000008 bytes, run addr=20001000, run size=000007e4 bytes, compression=zero_init


LINKER GENERATED HANDLER TABLE

__TI_handler_table @ 00009494 records: 3, size/record: 4, table size: 12
	index: 0, handler: __TI_decompress_lzss
	index: 1, handler: __TI_decompress_none
	index: 2, handler: __TI_zero_init


GLOBAL SYMBOLS: SORTED ALPHABETICALLY BY Name 

address   name                          
-------   ----                          
0000928d  C$$EXIT                       
00008f37  C$$IO$$                       
00008db5  HOSTtime                      
0000926d  ResetISR                      
000010b5  Timer4A_Handler               
200014b0  __CIOBUF_                     
20001000  __STACK_END                   
00001000  __STACK_SIZE                  
20000200  __STACK_TOP                   
000094a8  __TI_CINIT_Base               
000094b8  __TI_CINIT_Limit              
00009494  __TI_Handler_Table_Base       
000094a0  __TI_Handler_Table_Limit      
00008e45  __TI_auto_init_nobinit_nopinit
00008b55  __TI_decompress_lzss          
00009253  __TI_decompress_none          
00008c77  __TI_ltoa                     
ffffffff  __TI_pprof_out_hndl           
000042cd  __TI_printfi                  
ffffffff  __TI_prof_data_size           
ffffffff  __TI_prof_data_start          
00008f79  __TI_readmsg                  
000037b9  __TI_scanfi                   
00000000  __TI_static_base__            
00008f09  __TI_writemsg                 
00009261  __TI_zero_init                
00008805  __aeabi_cdcmpeq               
00008805  __aeabi_cdcmple               
0000888b  __aeabi_cdrcmple              
00008a7d  __aeabi_d2f                   
00008dfd  __aeabi_d2iz                  
0000774b  __aeabi_dadd                  
00007e51  __aeabi_ddiv                  
00008525  __aeabi_dmul                  
00007741  __aeabi_dsub                  
00009279  __aeabi_errno_addr            
00009045  __aeabi_i2d                   
00007123  __aeabi_idiv0                 
00007123  __aeabi_ldiv0                 
0000917b  __aeabi_lmul                  
00008995  __aeabi_memclr                
00008995  __aeabi_memclr4               
00008995  __aeabi_memclr8               
000086d3  __aeabi_memcpy                
000086d3  __aeabi_memcpy4               
000086d3  __aeabi_memcpy8               
00008997  __aeabi_memset                
00008997  __aeabi_memset4               
00008997  __aeabi_memset8               
0000876f  __aeabi_uldivmod              
ffffffff  __binit__                     
ffffffff  __c_args__                    
UNDEFED   __mpu_init                    
20000000  __stack                       
20000000  __start___llvm_prf_cnts       
20000000  __stop___llvm_prf_cnts        
00009245  __time32                      
00008fad  _c_int00_noargs               
00009290  _ctypes_                      
20001810  _lock                         
00004d1b  _nop                          
UNDEFED   _system_post_cinit            
00009289  _system_pre_init              
20001814  _unlock                       
0000928d  abort                         
200017eb  arpRequestSent                
000006c3  asciiToUint8                  
00008d1d  atoi                          
ffffffff  binit                         
0000609f  calcIpChecksum                
00001223  callbackDhcpGetNewAddressTimer
0000138f  callbackDhcpIpConflictWindow  
000012f9  callbackDhcpLeaseEndTimer     
000012ab  callbackDhcpT1HitTimer        
000012a9  callbackDhcpT1PeriodicTimer   
000012d3  callbackDhcpT2HitTimer        
000012d1  callbackDhcpT2PeriodicTimer   
000055e3  clearEtherReg                 
00005371  clearPinInterrupt             
00002319  connectMqtt                   
00009149  copysign                      
00009149  copysignl                     
20001802  count                         
00006c13  deleteSocket                  
20001801  dhcpEnabled                   
200017d4  dhcpOfferedIpAdd              
200017bc  dhcpServerHwAddress           
200017d8  dhcpServerIpAdd               
20001800  dhcpState                     
00001f41  disableDhcp                   
0000553b  disableEtherCs                
0000534d  disablePinInterrupt           
00005085  disablePinPulldown            
0000503d  disablePinPullup              
00004dd9  disablePort                   
00002663  disconnectMqtt                
200017e8  discoverNeeded                
000002ad  displayConnectionInfo         
00001f0d  enableDhcp                    
00005525  enableEtherCs                 
00005329  enablePinInterrupt            
00005061  enablePinPulldown             
0000500f  enablePinPullup               
00004d1d  enablePort                    
20001834  errno                         
20001000  fn                            
00008bbd  frexp                         
00008bbd  frexpl                        
00000000  g_pfnVectors                  
00001409  getDhcpLeaseSeconds           
00001979  getDhcpOption                 
0000121d  getDhcpState                  
00005b3f  getEtherId                    
00005bd9  getEtherMacAddress            
00005919  getEtherPacket                
00005d69  getIpAddress                  
0000606d  getIpChecksum                 
00005ec5  getIpDnsAddress               
00005e51  getIpGatewayAddress           
00005fb1  getIpMqttBrokerAddress        
00005ddd  getIpSubnetMask               
00005f39  getIpTimeServerAddress        
000053df  getPinValue                   
00005495  getPortValue                  
00006c7b  getSocketInfoFromArpResponse  
00006d9d  getSocketInfoFromTcpPacket    
00006cf3  getSocketInfoFromUdpPacket    
00002cad  getTcpState                   
00006ef9  getUdpData                    
0000818f  getcUart0                     
00001add  handleDhcpAck                 
00005b13  htonl                         
00005aef  htons                         
20001818  hwAddress                     
00005b4b  incEtherId                    
00008911  initEeprom                    
0000572f  initEther                     
0000026d  initHw                        
00006b71  initSockets                   
00007a59  initSpi0                      
00009225  initSystemClockTo40Mhz        
00006545  initTimer                     
000080b9  initUart0                     
2000181e  ipAddress                     
200017ec  ipConflictDetected            
200017ed  ipConflictDetectionMode       
20001822  ipDnsAddress                  
20001826  ipGwAddress                   
2000182a  ipSubnetMask                  
2000182e  ipTimeServerAddress           
0000687d  isArpRequest                  
00006921  isArpResponse                 
00001a77  isDhcpAck                     
00001ba1  isDhcpDiscoverNeeded          
00001f4f  isDhcpEnabled                 
00001403  isDhcpIpConflictDetectionMode 
000019e5  isDhcpOffer                   
00001bb1  isDhcpReleaseNeeded           
00001bad  isDhcpRequestNeeded           
00001435  isDhcpResponse                
000058cf  isEtherDataAvailable          
000058b5  isEtherLinkUp                 
000058e9  isEtherOverflow               
00005c39  isIp                          
00005ca9  isIpUnicast                   
00005d09  isIpValid                     
000078f7  isPingRequest                 
00002cc1  isTcp                         
00002d39  isTcpAck                      
00003079  isTcpPortOpen                 
00002ced  isTcpSyn                      
00006e51  isUdp                         
000081a3  kbhitUart0                    
00008305  ldexp                         
00008305  ldexpl                        
200017f0  leaseSeconds                  
200017f4  leaseT1                       
200017fc  leaseT2                       
00000e4d  main                          
0000912d  memccpy                       
0000909d  memcmp                        
000086d3  memcpy                        
0000899d  memset                        
2000180d  mqttConnectSent               
2000180c  mqttConnected                 
20001808  mqttSocket                    
20001804  mqttState                     
00002101  mqtt_ping                     
00006ba9  newSocket                     
20001840  nextPacketLsb                 
20001841  nextPacketMsb                 
200017c4  parmbuf                       
20001190  period                        
00001ed5  processDhcpArpResponse        
00001d7d  processDhcpResponse           
0000076d  processShell                  
00002fdb  processTcpArpResponse         
00002d95  processTcpResponse            
0000267d  publishMqtt                   
00005a09  putEtherPacket                
00008147  putcUart0                     
00008163  putsUart0                     
00008fe1  rand                          
0000683f  random32                      
00000603  readConfiguration             
00008959  readEeprom                    
00005717  readEtherMem                  
0000566b  readEtherPhy                  
0000557d  readEtherReg                  
00007b91  readSpi0Data                  
000012cf  rebindDhcp                    
00001351  releaseDhcp                   
200017ea  releaseNeeded                 
200016e8  reload                        
0000123d  renewDhcp                     
200017f8  renewRequestSent              
000013d5  requestDhcpIpConflictTest     
0000123b  requestDhcpNewAddress         
200017e9  requestNeeded                 
00006757  restartTimer                  
00008305  scalbn                        
00008305  scalbnl                       
00004f43  selectPinAnalogInput          
00004ef5  selectPinDigitalInput         
0000525f  selectPinInterruptBothEdges   
0000520f  selectPinInterruptFallingEdge 
000052b5  selectPinInterruptHighLevel   
000052ef  selectPinInterruptLowLevel    
000051bf  selectPinInterruptRisingEdge  
00004ea7  selectPinOpenDrainOutput      
00004e59  selectPinPushPullOutput       
00006a53  sendArpRequest                
00006975  sendArpResponse               
000015f1  sendDhcpMessage               
00001bf1  sendDhcpPendingMessages       
0000793b  sendPingRequest               
00007947  sendPingResponse              
000031e1  sendTcpMessage                
00002d85  sendTcpPendingMessages        
000030e9  sendTcpResponse               
00006f25  sendUdpMessage                
20001842  sequenceId                    
00001209  setDhcpState                  
00005617  setEtherBank                  
00005b55  setEtherMacAddress            
000055af  setEtherReg                   
00005d2f  setIpAddress                  
00005e8b  setIpDnsAddress               
00005e17  setIpGatewayAddress           
00005f73  setIpMqttBrokerAddress        
00005da3  setIpSubnetMask               
00005eff  setIpTimeServerAddress        
000050ad  setPinAuxFunction             
00004f93  setPinCommitControl           
00005395  setPinValue                   
0000541d  setPortValue                  
00007af5  setSpi0BaudRate               
00007b2b  setSpi0Mode                   
00002fe9  setTcpPortList                
00002c91  setTcpState                   
00008103  setUart0BaudRate              
00008d69  snprintf                      
200015d0  sockets                       
000090c1  srand                         
00008f41  sscanf                        
00005705  startEtherMemRead             
000056d7  startEtherMemWrite            
000065e5  startOneshotTimer             
0000666b  startPeriodicTimer            
00005727  stopEtherMemRead              
000056fd  stopEtherMemWrite             
000066f1  stopTimer                     
2000174c  strInput                      
000091c3  strchr                        
00009193  strcmp                        
000091d9  strcpy                        
000090e5  strcspn                       
000091ed  strlen                        
000091ab  strrchr                       
00009073  strspn                        
000060e5  strtod                        
00008e89  strtok                        
00007f89  strtol                        
000060e5  strtold                       
00007395  strtoll                       
00008415  strtoul                       
00007bb9  strtoull                      
00002971  subscribeMqtt                 
00005ff9  sumIpWords                    
00003517  tcpConnect                    
20001803  tcpPortCount                  
200017cc  tcpPorts                      
200017dc  tcpState                      
000067c5  tickIsr                       
20001320  ticks                         
00009245  time                          
000053bb  togglePinValue                
200017e0  token                         
00009235  tolower                       
00002c53  unsubscribeMqtt               
00009109  waitMicrosecond               
00009213  wcslen                        
00008927  writeEeprom                   
000056e9  writeEtherMem                 
00005633  writeEtherPhy                 
00005549  writeEtherReg                 
00007b79  writeSpi0Data                 
200017e4  xid                           


GLOBAL SYMBOLS: SORTED BY Symbol Address 

address   name                          
-------   ----                          
00000000  __TI_static_base__            
00000000  g_pfnVectors                  
0000026d  initHw                        
000002ad  displayConnectionInfo         
00000603  readConfiguration             
000006c3  asciiToUint8                  
0000076d  processShell                  
00000e4d  main                          
00001000  __STACK_SIZE                  
000010b5  Timer4A_Handler               
00001209  setDhcpState                  
0000121d  getDhcpState                  
00001223  callbackDhcpGetNewAddressTimer
0000123b  requestDhcpNewAddress         
0000123d  renewDhcp                     
000012a9  callbackDhcpT1PeriodicTimer   
000012ab  callbackDhcpT1HitTimer        
000012cf  rebindDhcp                    
000012d1  callbackDhcpT2PeriodicTimer   
000012d3  callbackDhcpT2HitTimer        
000012f9  callbackDhcpLeaseEndTimer     
00001351  releaseDhcp                   
0000138f  callbackDhcpIpConflictWindow  
000013d5  requestDhcpIpConflictTest     
00001403  isDhcpIpConflictDetectionMode 
00001409  getDhcpLeaseSeconds           
00001435  isDhcpResponse                
000015f1  sendDhcpMessage               
00001979  getDhcpOption                 
000019e5  isDhcpOffer                   
00001a77  isDhcpAck                     
00001add  handleDhcpAck                 
00001ba1  isDhcpDiscoverNeeded          
00001bad  isDhcpRequestNeeded           
00001bb1  isDhcpReleaseNeeded           
00001bf1  sendDhcpPendingMessages       
00001d7d  processDhcpResponse           
00001ed5  processDhcpArpResponse        
00001f0d  enableDhcp                    
00001f41  disableDhcp                   
00001f4f  isDhcpEnabled                 
00002101  mqtt_ping                     
00002319  connectMqtt                   
00002663  disconnectMqtt                
0000267d  publishMqtt                   
00002971  subscribeMqtt                 
00002c53  unsubscribeMqtt               
00002c91  setTcpState                   
00002cad  getTcpState                   
00002cc1  isTcp                         
00002ced  isTcpSyn                      
00002d39  isTcpAck                      
00002d85  sendTcpPendingMessages        
00002d95  processTcpResponse            
00002fdb  processTcpArpResponse         
00002fe9  setTcpPortList                
00003079  isTcpPortOpen                 
000030e9  sendTcpResponse               
000031e1  sendTcpMessage                
00003517  tcpConnect                    
000037b9  __TI_scanfi                   
000042cd  __TI_printfi                  
00004d1b  _nop                          
00004d1d  enablePort                    
00004dd9  disablePort                   
00004e59  selectPinPushPullOutput       
00004ea7  selectPinOpenDrainOutput      
00004ef5  selectPinDigitalInput         
00004f43  selectPinAnalogInput          
00004f93  setPinCommitControl           
0000500f  enablePinPullup               
0000503d  disablePinPullup              
00005061  enablePinPulldown             
00005085  disablePinPulldown            
000050ad  setPinAuxFunction             
000051bf  selectPinInterruptRisingEdge  
0000520f  selectPinInterruptFallingEdge 
0000525f  selectPinInterruptBothEdges   
000052b5  selectPinInterruptHighLevel   
000052ef  selectPinInterruptLowLevel    
00005329  enablePinInterrupt            
0000534d  disablePinInterrupt           
00005371  clearPinInterrupt             
00005395  setPinValue                   
000053bb  togglePinValue                
000053df  getPinValue                   
0000541d  setPortValue                  
00005495  getPortValue                  
00005525  enableEtherCs                 
0000553b  disableEtherCs                
00005549  writeEtherReg                 
0000557d  readEtherReg                  
000055af  setEtherReg                   
000055e3  clearEtherReg                 
00005617  setEtherBank                  
00005633  writeEtherPhy                 
0000566b  readEtherPhy                  
000056d7  startEtherMemWrite            
000056e9  writeEtherMem                 
000056fd  stopEtherMemWrite             
00005705  startEtherMemRead             
00005717  readEtherMem                  
00005727  stopEtherMemRead              
0000572f  initEther                     
000058b5  isEtherLinkUp                 
000058cf  isEtherDataAvailable          
000058e9  isEtherOverflow               
00005919  getEtherPacket                
00005a09  putEtherPacket                
00005aef  htons                         
00005b13  htonl                         
00005b3f  getEtherId                    
00005b4b  incEtherId                    
00005b55  setEtherMacAddress            
00005bd9  getEtherMacAddress            
00005c39  isIp                          
00005ca9  isIpUnicast                   
00005d09  isIpValid                     
00005d2f  setIpAddress                  
00005d69  getIpAddress                  
00005da3  setIpSubnetMask               
00005ddd  getIpSubnetMask               
00005e17  setIpGatewayAddress           
00005e51  getIpGatewayAddress           
00005e8b  setIpDnsAddress               
00005ec5  getIpDnsAddress               
00005eff  setIpTimeServerAddress        
00005f39  getIpTimeServerAddress        
00005f73  setIpMqttBrokerAddress        
00005fb1  getIpMqttBrokerAddress        
00005ff9  sumIpWords                    
0000606d  getIpChecksum                 
0000609f  calcIpChecksum                
000060e5  strtod                        
000060e5  strtold                       
00006545  initTimer                     
000065e5  startOneshotTimer             
0000666b  startPeriodicTimer            
000066f1  stopTimer                     
00006757  restartTimer                  
000067c5  tickIsr                       
0000683f  random32                      
0000687d  isArpRequest                  
00006921  isArpResponse                 
00006975  sendArpResponse               
00006a53  sendArpRequest                
00006b71  initSockets                   
00006ba9  newSocket                     
00006c13  deleteSocket                  
00006c7b  getSocketInfoFromArpResponse  
00006cf3  getSocketInfoFromUdpPacket    
00006d9d  getSocketInfoFromTcpPacket    
00006e51  isUdp                         
00006ef9  getUdpData                    
00006f25  sendUdpMessage                
00007123  __aeabi_idiv0                 
00007123  __aeabi_ldiv0                 
00007395  strtoll                       
00007741  __aeabi_dsub                  
0000774b  __aeabi_dadd                  
000078f7  isPingRequest                 
0000793b  sendPingRequest               
00007947  sendPingResponse              
00007a59  initSpi0                      
00007af5  setSpi0BaudRate               
00007b2b  setSpi0Mode                   
00007b79  writeSpi0Data                 
00007b91  readSpi0Data                  
00007bb9  strtoull                      
00007e51  __aeabi_ddiv                  
00007f89  strtol                        
000080b9  initUart0                     
00008103  setUart0BaudRate              
00008147  putcUart0                     
00008163  putsUart0                     
0000818f  getcUart0                     
000081a3  kbhitUart0                    
00008305  ldexp                         
00008305  ldexpl                        
00008305  scalbn                        
00008305  scalbnl                       
00008415  strtoul                       
00008525  __aeabi_dmul                  
000086d3  __aeabi_memcpy                
000086d3  __aeabi_memcpy4               
000086d3  __aeabi_memcpy8               
000086d3  memcpy                        
0000876f  __aeabi_uldivmod              
00008805  __aeabi_cdcmpeq               
00008805  __aeabi_cdcmple               
0000888b  __aeabi_cdrcmple              
00008911  initEeprom                    
00008927  writeEeprom                   
00008959  readEeprom                    
00008995  __aeabi_memclr                
00008995  __aeabi_memclr4               
00008995  __aeabi_memclr8               
00008997  __aeabi_memset                
00008997  __aeabi_memset4               
00008997  __aeabi_memset8               
0000899d  memset                        
00008a7d  __aeabi_d2f                   
00008b55  __TI_decompress_lzss          
00008bbd  frexp                         
00008bbd  frexpl                        
00008c77  __TI_ltoa                     
00008d1d  atoi                          
00008d69  snprintf                      
00008db5  HOSTtime                      
00008dfd  __aeabi_d2iz                  
00008e45  __TI_auto_init_nobinit_nopinit
00008e89  strtok                        
00008f09  __TI_writemsg                 
00008f37  C$$IO$$                       
00008f41  sscanf                        
00008f79  __TI_readmsg                  
00008fad  _c_int00_noargs               
00008fe1  rand                          
00009045  __aeabi_i2d                   
00009073  strspn                        
0000909d  memcmp                        
000090c1  srand                         
000090e5  strcspn                       
00009109  waitMicrosecond               
0000912d  memccpy                       
00009149  copysign                      
00009149  copysignl                     
0000917b  __aeabi_lmul                  
00009193  strcmp                        
000091ab  strrchr                       
000091c3  strchr                        
000091d9  strcpy                        
000091ed  strlen                        
00009213  wcslen                        
00009225  initSystemClockTo40Mhz        
00009235  tolower                       
00009245  __time32                      
00009245  time                          
00009253  __TI_decompress_none          
00009261  __TI_zero_init                
0000926d  ResetISR                      
00009279  __aeabi_errno_addr            
00009289  _system_pre_init              
0000928d  C$$EXIT                       
0000928d  abort                         
00009290  _ctypes_                      
00009494  __TI_Handler_Table_Base       
000094a0  __TI_Handler_Table_Limit      
000094a8  __TI_CINIT_Base               
000094b8  __TI_CINIT_Limit              
20000000  __stack                       
20000000  __start___llvm_prf_cnts       
20000000  __stop___llvm_prf_cnts        
20000200  __STACK_TOP                   
20001000  __STACK_END                   
20001000  fn                            
20001190  period                        
20001320  ticks                         
200014b0  __CIOBUF_                     
200015d0  sockets                       
200016e8  reload                        
2000174c  strInput                      
200017bc  dhcpServerHwAddress           
200017c4  parmbuf                       
200017cc  tcpPorts                      
200017d4  dhcpOfferedIpAdd              
200017d8  dhcpServerIpAdd               
200017dc  tcpState                      
200017e0  token                         
200017e4  xid                           
200017e8  discoverNeeded                
200017e9  requestNeeded                 
200017ea  releaseNeeded                 
200017eb  arpRequestSent                
200017ec  ipConflictDetected            
200017ed  ipConflictDetectionMode       
200017f0  leaseSeconds                  
200017f4  leaseT1                       
200017f8  renewRequestSent              
200017fc  leaseT2                       
20001800  dhcpState                     
20001801  dhcpEnabled                   
20001802  count                         
20001803  tcpPortCount                  
20001804  mqttState                     
20001808  mqttSocket                    
2000180c  mqttConnected                 
2000180d  mqttConnectSent               
20001810  _lock                         
20001814  _unlock                       
20001818  hwAddress                     
2000181e  ipAddress                     
20001822  ipDnsAddress                  
20001826  ipGwAddress                   
2000182a  ipSubnetMask                  
2000182e  ipTimeServerAddress           
20001834  errno                         
20001840  nextPacketLsb                 
20001841  nextPacketMsb                 
20001842  sequenceId                    
ffffffff  __TI_pprof_out_hndl           
ffffffff  __TI_prof_data_size           
ffffffff  __TI_prof_data_start          
ffffffff  __binit__                     
ffffffff  __c_args__                    
ffffffff  binit                         
UNDEFED   __mpu_init                    
UNDEFED   _system_post_cinit            

[308 symbols]
