******************************************************************************
                  TI ARM Linker PC v20.2.7                     
******************************************************************************
>> Linked Mon Apr 13 14:45:23 2026

OUTPUT FILE NAME:   <IotProject1.out>
ENTRY POINT SYMBOL: "_c_int00_noargs"  address: 00007a9d


MEMORY CONFIGURATION

         name            origin    length      used     unused   attr    fill
----------------------  --------  ---------  --------  --------  ----  --------
  FLASH                 00000000   00040000  00007f68  00038098  R  X
  SRAM                  20000000   00008000  00001701  000068ff  RW X


SEGMENT ALLOCATION MAP

run origin  load origin   length   init length attrs members
----------  ----------- ---------- ----------- ----- -------
00000000    00000000    00007f68   00007f68    r-x
  00000000    00000000    0000026c   0000026c    r-- .intvecs
  0000026c    0000026c    00007ad4   00007ad4    r-x .text
  00007d40    00007d40    000001e0   000001e0    r-- .const
  00007f20    00007f20    00000048   00000048    r-- .cinit
20000000    20000000    00001701   00000000    rw-
  20000000    20000000    00001000   00000000    rw- .stack
  20001000    20001000    000006bc   00000000    rw- .bss
  200016bc    200016bc    00000045   00000000    rw- .data


SECTION ALLOCATION MAP

 output                                  attributes/
section   page    origin      length       input sections
--------  ----  ----------  ----------   ----------------
.intvecs   0    00000000    0000026c     
                  00000000    0000026c     tm4c123gh6pm_startup_ccs.obj (.intvecs)

.text      0    0000026c    00007ad4     
                  0000026c    00000ef8     dhcp.obj (.text)
                  00001164    00000ed8     ethernet.obj (.text)
                  0000203c    00000b14     rtsv7M4_T_le_v4SPD16_eabi.lib : _scanfi.c.obj (.text:__TI_scanfi)
                  00002b50    00000a4e                                   : _printfi.c.obj (.text:__TI_printfi)
                  0000359e    00000002                                   : div0.asm.obj (.text)
                  000035a0    00000808     gpio.obj (.text)
                  00003da8    00000714     eth0.obj (.text)
                  000044bc    000004ac     ip.obj (.text)
                  00004968    00000460     rtsv7M4_T_le_v4SPD16_eabi.lib : strtod.c.obj (.text:strtod)
                  00004dc8    00000338     timer.obj (.text)
                  00005100    00000320     tcp.obj (.text)
                  00005420    000002f4     arp.obj (.text)
                  00005714    000002e0     socket.obj (.text)
                  000059f4    000002d2     udp.obj (.text)
                  00005cc6    00000002     --HOLE-- [fill = 0]
                  00005cc8    00000270     rtsv7M4_T_le_v4SPD16_eabi.lib : _printfi.c.obj (.text:_pconv_a)
                  00005f38    000001dc                                   : strtoll.c.obj (.text:strtoll)
                  00006114    000001d0                                   : _printfi.c.obj (.text:_pconv_g)
                  000062e4    000001b6                                   : fd_add_t2.asm.obj (.text)
                  0000649a    00000160     icmp.obj (.text)
                  000065fa    00000002     --HOLE-- [fill = 0]
                  000065fc    00000160     spi0.obj (.text)
                  0000675c    0000015c     rtsv7M4_T_le_v4SPD16_eabi.lib : strtoull.c.obj (.text:strtoull)
                  000068b8    0000013c                                   : _printfi.c.obj (.text:_pconv_e)
                  000069f4    00000136                                   : fd_div_t2.asm.obj (.text)
                  00006b2a    00000002     --HOLE-- [fill = 0]
                  00006b2c    00000130                                   : strtol.c.obj (.text:strtol)
                  00006c5c    00000128     uart0.obj (.text)
                  00006d84    00000124     rtsv7M4_T_le_v4SPD16_eabi.lib : _printfi.c.obj (.text:fcvt)
                  00006ea8    00000110                                   : s_scalbn.c.obj (.text:scalbn)
                  00006fb8    00000110                                   : strtoul.c.obj (.text:strtoul)
                  000070c8    000000fc                                   : fd_mul_t2.asm.obj (.text)
                  000071c4    000000b1                                   : _printfi.c.obj (.text:_ltostr)
                  00007275    00000001     --HOLE-- [fill = 0]
                  00007276    0000009c                                   : memcpy_t2.asm.obj (.text)
                  00007312    00000096                                   : ull_div_t2.asm.obj (.text)
                  000073a8    00000086                                   : fd_cmp_t2.asm.obj (.text:__aeabi_cdcmple)
                  0000742e    00000086                                   : fd_cmp_t2.asm.obj (.text:__aeabi_cdrcmple)
                  000074b4    00000084     eeprom.obj (.text)
                  00007538    0000007a     rtsv7M4_T_le_v4SPD16_eabi.lib : memset_t2.asm.obj (.text)
                  000075b2    0000006e                                   : _printfi.c.obj (.text:_mcpy)
                  00007620    0000006e                                   : fd_tos_t2.asm.obj (.text)
                  0000768e    00000002     --HOLE-- [fill = 0]
                  00007690    00000068                                   : sscanf.c.obj (.text:_chkmbc)
                  000076f8    00000068                                   : copy_decompress_lzss.c.obj (.text:decompress:lzss:__TI_decompress_lzss)
                  00007760    00000064                                   : s_frexp.c.obj (.text:frexp)
                  000077c4    00000056                                   : _printfi.c.obj (.text:_pconv_f)
                  0000781a    00000054                                   : _ltoa.c.obj (.text:__TI_ltoa)
                  0000786e    00000052                                   : _printfi.c.obj (.text:_ecpy)
                  000078c0    0000004c                                   : atoi.c.obj (.text:atoi)
                  0000790c    0000004c                                   : snprintf.c.obj (.text:snprintf)
                  00007958    00000048                                   : fd_toi_t2.asm.obj (.text)
                  000079a0    00000044                                   : autoinit.c.obj (.text:__TI_auto_init_nobinit_nopinit:__TI_auto_init_nobinit_nopinit)
                  000079e4    00000040                                   : strtok.c.obj (.text:strtok)
                  00007a24    0000003e                                   : _printfi.c.obj (.text:_fcpy)
                  00007a62    00000002     --HOLE-- [fill = 0]
                  00007a64    00000038                                   : sscanf.c.obj (.text:sscanf)
                  00007a9c    00000034                                   : boot_cortex_m.c.obj (.text:_c_int00_noargs:_c_int00_noargs)
                  00007ad0    00000030                                   : snprintf.c.obj (.text:_outs)
                  00007b00    0000002e                                   : i_tofd_t2.asm.obj (.text)
                  00007b2e    0000002a                                   : strspn.c.obj (.text:strspn)
                  00007b58    00000024                                   : memcmp.c.obj (.text:memcmp)
                  00007b7c    00000024     mqtt.obj (.text)
                  00007ba0    00000024     rtsv7M4_T_le_v4SPD16_eabi.lib : strcspn.c.obj (.text:strcspn)
                  00007bc4    00000024     wait.obj (.text)
                  00007be8    0000001c     rtsv7M4_T_le_v4SPD16_eabi.lib : memccpy.c.obj (.text:memccpy)
                  00007c04    0000001a                                   : s_copysign.c.obj (.text:copysign)
                  00007c1e    00000018                                   : snprintf.c.obj (.text:_outc)
                  00007c36    00000018                                   : ll_mul_t2.asm.obj (.text)
                  00007c4e    00000018                                   : strcmp.c.obj (.text:strcmp)
                  00007c66    00000018                                   : strrchr.c.obj (.text:strrchr)
                  00007c7e    00000016                                   : strchr.c.obj (.text:strchr)
                  00007c94    00000014                                   : strcpy.c.obj (.text:strcpy)
                  00007ca8    00000014                                   : strlen.c.obj (.text:strlen)
                  00007cbc    00000012                                   : sscanf.c.obj (.text:_inpchar)
                  00007cce    00000012                                   : wcslen.c.obj (.text:wcslen)
                  00007ce0    00000010     clock.obj (.text)
                  00007cf0    00000010     rtsv7M4_T_le_v4SPD16_eabi.lib : tolower.c.obj (.text:tolower)
                  00007d00    0000000e                                   : copy_decompress_none.c.obj (.text:decompress:none:__TI_decompress_none)
                  00007d0e    0000000c                                   : copy_zero_init.c.obj (.text:decompress:ZI:__TI_zero_init)
                  00007d1a    0000000c     tm4c123gh6pm_startup_ccs.obj (.text)
                  00007d26    00000002     --HOLE-- [fill = 0]
                  00007d28    00000008     rtsv7M4_T_le_v4SPD16_eabi.lib : errno.c.obj (.text:__aeabi_errno_addr)
                  00007d30    00000008                                   : sscanf.c.obj (.text:_uninpchar)
                  00007d38    00000004                                   : pre_init.c.obj (.text:_system_pre_init)
                  00007d3c    00000004                                   : exit.c.obj (.text:abort:abort)

.const     0    00007d40    000001e0     
                  00007d40    00000101     rtsv7M4_T_le_v4SPD16_eabi.lib : ctype.c.obj (.const:.string:_ctypes_)
                  00007e41    00000004     dhcp.obj (.const:.string:$P$T0$1)
                  00007e45    00000001     --HOLE-- [fill = 0]
                  00007e46    00000002     ethernet.obj (.const:$P$T0$1)
                  00007e48    000000c8     rtsv7M4_T_le_v4SPD16_eabi.lib : strtod.c.obj (.const:$O1$$)
                  00007f10    00000010                                   : _scanfi.c.obj (.const:$O1$$)

.cinit     0    00007f20    00000048     
                  00007f20    0000001e     (.cinit..data.load) [load image, compression = lzss]
                  00007f3e    00000002     --HOLE-- [fill = 0]
                  00007f40    0000000c     (__TI_handler_table)
                  00007f4c    00000004     --HOLE-- [fill = 0]
                  00007f50    00000008     (.cinit..bss.load) [load image, compression = zero_init]
                  00007f58    00000010     (__TI_cinit_table)

.init_array 
*          0    00000000    00000000     UNINITIALIZED

.bss       0    20001000    000006bc     UNINITIALIZED
                  20001000    00000190     (.common:fn)
                  20001190    00000190     (.common:period)
                  20001320    00000190     (.common:ticks)
                  200014b0    00000118     (.common:sockets)
                  200015c8    00000064     (.common:reload)
                  2000162c    00000054     (.common:strInput)
                  20001680    0000001c     dhcp.obj (.bss:dhcpSocket)
                  2000169c    00000008     (.common:dhcpServerHwAddress)
                  200016a4    00000008     (.common:tcpPorts)
                  200016ac    00000004     (.common:dhcpOfferedIpAdd)
                  200016b0    00000004     (.common:dhcpServerIpAdd)
                  200016b4    00000004     (.common:tcpState)
                  200016b8    00000004     (.common:token)

.data      0    200016bc    00000045     UNINITIALIZED
                  200016bc    0000001e     dhcp.obj (.data)
                  200016da    00000006     eth0.obj (.data:hwAddress)
                  200016e0    00000004     ip.obj (.data:ipAddress)
                  200016e4    00000004     ip.obj (.data:ipDnsAddress)
                  200016e8    00000004     ip.obj (.data:ipGwAddress)
                  200016ec    00000004     ip.obj (.data:ipSubnetMask)
                  200016f0    00000004     ip.obj (.data:ipTimeServerAddress)
                  200016f4    00000004     rtsv7M4_T_le_v4SPD16_eabi.lib : errno.c.obj (.data)
                  200016f8    00000004                                   : strtok.c.obj (.data)
                  200016fc    00000003     eth0.obj (.data)
                  200016ff    00000001     ethernet.obj (.data)
                  20001700    00000001     tcp.obj (.data)

.stack     0    20000000    00001000     UNINITIALIZED
                  20000000    00000004     rtsv7M4_T_le_v4SPD16_eabi.lib : boot_cortex_m.c.obj (.stack)
                  20000004    00000ffc     --HOLE--

__llvm_prf_cnts 
*          0    20000000    00000000     UNINITIALIZED

MODULE SUMMARY

       Module                         code    ro data   rw data
       ------                         ----    -------   -------
    .\
       dhcp.obj                       3832    4         74     
       ethernet.obj                   3800    2         89     
       timer.obj                      824     0         1300   
       gpio.obj                       2056    0         0      
       eth0.obj                       1812    0         9      
       ip.obj                         1196    0         20     
       socket.obj                     736     0         280    
       tcp.obj                        800     0         13     
       arp.obj                        756     0         0      
       udp.obj                        722     0         0      
       tm4c123gh6pm_startup_ccs.obj   12      620       0      
       icmp.obj                       352     0         0      
       spi0.obj                       352     0         0      
       uart0.obj                      296     0         0      
       eeprom.obj                     132     0         0      
       mqtt.obj                       36      0         0      
       wait.obj                       36      0         0      
       clock.obj                      16      0         0      
    +--+------------------------------+-------+---------+---------+
       Total:                         17766   626       1785   
                                                               
    C:\ti\ccs1281\ccs\tools\compiler\ti-cgt-arm_20.2.7.LTS\lib\rtsv7M4_T_le_v4SPD16_eabi.lib
       _printfi.c.obj                 4851    0         0      
       _scanfi.c.obj                  2836    16        0      
       strtod.c.obj                   1120    200       0      
       strtoll.c.obj                  476     0         0      
       fd_add_t2.asm.obj              438     0         0      
       strtoull.c.obj                 348     0         0      
       fd_div_t2.asm.obj              310     0         0      
       strtol.c.obj                   304     0         0      
       s_scalbn.c.obj                 272     0         0      
       strtoul.c.obj                  272     0         0      
       fd_cmp_t2.asm.obj              268     0         0      
       ctype.c.obj                    0       257       0      
       fd_mul_t2.asm.obj              252     0         0      
       sscanf.c.obj                   186     0         0      
       memcpy_t2.asm.obj              156     0         0      
       ull_div_t2.asm.obj             150     0         0      
       snprintf.c.obj                 148     0         0      
       memset_t2.asm.obj              122     0         0      
       fd_tos_t2.asm.obj              110     0         0      
       copy_decompress_lzss.c.obj     104     0         0      
       s_frexp.c.obj                  100     0         0      
       _ltoa.c.obj                    84      0         0      
       atoi.c.obj                     76      0         0      
       fd_toi_t2.asm.obj              72      0         0      
       autoinit.c.obj                 68      0         0      
       strtok.c.obj                   64      0         4      
       boot_cortex_m.c.obj            52      0         0      
       i_tofd_t2.asm.obj              46      0         0      
       strspn.c.obj                   42      0         0      
       memcmp.c.obj                   36      0         0      
       strcspn.c.obj                  36      0         0      
       memccpy.c.obj                  28      0         0      
       s_copysign.c.obj               26      0         0      
       ll_mul_t2.asm.obj              24      0         0      
       strcmp.c.obj                   24      0         0      
       strrchr.c.obj                  24      0         0      
       strchr.c.obj                   22      0         0      
       strcpy.c.obj                   20      0         0      
       strlen.c.obj                   20      0         0      
       wcslen.c.obj                   18      0         0      
       tolower.c.obj                  16      0         0      
       copy_decompress_none.c.obj     14      0         0      
       copy_zero_init.c.obj           12      0         0      
       errno.c.obj                    8       0         4      
       exit.c.obj                     4       0         0      
       pre_init.c.obj                 4       0         0      
       div0.asm.obj                   2       0         0      
    +--+------------------------------+-------+---------+---------+
       Total:                         13665   473       8      
                                                               
       Stack:                         0       0         4096   
       Linker Generated:              0       66        0      
    +--+------------------------------+-------+---------+---------+
       Grand Total:                   31431   1165      5889   


LINKER GENERATED COPY TABLES

__TI_cinit_table @ 00007f58 records: 2, size/record: 8, table size: 16
	.data: load addr=00007f20, load size=0000001e bytes, run addr=200016bc, run size=00000045 bytes, compression=lzss
	.bss: load addr=00007f50, load size=00000008 bytes, run addr=20001000, run size=000006bc bytes, compression=zero_init


LINKER GENERATED HANDLER TABLE

__TI_handler_table @ 00007f40 records: 3, size/record: 4, table size: 12
	index: 0, handler: __TI_decompress_lzss
	index: 1, handler: __TI_decompress_none
	index: 2, handler: __TI_zero_init


GLOBAL SYMBOLS: SORTED ALPHABETICALLY BY Name 

address   name                          
-------   ----                          
00007d3d  C$$EXIT                       
00007d1b  ResetISR                      
00001f15  Timer4A_Handler               
20001000  __STACK_END                   
00001000  __STACK_SIZE                  
20000200  __STACK_TOP                   
00007f58  __TI_CINIT_Base               
00007f68  __TI_CINIT_Limit              
00007f40  __TI_Handler_Table_Base       
00007f4c  __TI_Handler_Table_Limit      
000079a1  __TI_auto_init_nobinit_nopinit
000076f9  __TI_decompress_lzss          
00007d01  __TI_decompress_none          
0000781b  __TI_ltoa                     
ffffffff  __TI_pprof_out_hndl           
00002b51  __TI_printfi                  
ffffffff  __TI_prof_data_size           
ffffffff  __TI_prof_data_start          
0000203d  __TI_scanfi                   
00000000  __TI_static_base__            
00007d0f  __TI_zero_init                
000073a9  __aeabi_cdcmpeq               
000073a9  __aeabi_cdcmple               
0000742f  __aeabi_cdrcmple              
00007621  __aeabi_d2f                   
00007959  __aeabi_d2iz                  
000062ef  __aeabi_dadd                  
000069f5  __aeabi_ddiv                  
000070c9  __aeabi_dmul                  
000062e5  __aeabi_dsub                  
00007d29  __aeabi_errno_addr            
00007b01  __aeabi_i2d                   
0000359f  __aeabi_idiv0                 
0000359f  __aeabi_ldiv0                 
00007c37  __aeabi_lmul                  
00007539  __aeabi_memclr                
00007539  __aeabi_memclr4               
00007539  __aeabi_memclr8               
00007277  __aeabi_memcpy                
00007277  __aeabi_memcpy4               
00007277  __aeabi_memcpy8               
0000753b  __aeabi_memset                
0000753b  __aeabi_memset4               
0000753b  __aeabi_memset8               
00007313  __aeabi_uldivmod              
ffffffff  __binit__                     
ffffffff  __c_args__                    
UNDEFED   __mpu_init                    
20000000  __stack                       
20000000  __start___llvm_prf_cnts       
20000000  __stop___llvm_prf_cnts        
00007a9d  _c_int00_noargs               
00007d40  _ctypes_                      
UNDEFED   _system_post_cinit            
00007d39  _system_pre_init              
00007d3d  abort                         
200016c3  arpRequestSent                
000015bb  asciiToUint8                  
000078c1  atoi                          
ffffffff  binit                         
00004923  calcIpChecksum                
00000287  callbackDhcpGetNewAddressTimer
000003f3  callbackDhcpIpConflictWindow  
0000035d  callbackDhcpLeaseEndTimer     
0000030f  callbackDhcpT1HitTimer        
0000030d  callbackDhcpT1PeriodicTimer   
00000337  callbackDhcpT2HitTimer        
00000335  callbackDhcpT2PeriodicTimer   
00003e67  clearEtherReg                 
00003bf5  clearPinInterrupt             
00007b7d  connectMqtt                   
00007c05  copysign                      
00007c05  copysignl                     
200016ff  count                         
000057b7  deleteSocket                  
200016d9  dhcpEnabled                   
200016ac  dhcpOfferedIpAdd              
2000169c  dhcpServerHwAddress           
200016b0  dhcpServerIpAdd               
200016d8  dhcpState                     
00000fa5  disableDhcp                   
00003dbf  disableEtherCs                
00003bd1  disablePinInterrupt           
00003909  disablePinPulldown            
000038c1  disablePinPullup              
0000365d  disablePort                   
00007b7f  disconnectMqtt                
200016c0  discoverNeeded                
000011a5  displayConnectionInfo         
00000f71  enableDhcp                    
00003da9  enableEtherCs                 
00003bad  enablePinInterrupt            
000038e5  enablePinPulldown             
00003893  enablePinPullup               
000035a1  enablePort                    
200016f4  errno                         
20001000  fn                            
00007761  frexp                         
00007761  frexpl                        
00000000  g_pfnVectors                  
0000046d  getDhcpLeaseSeconds           
000009dd  getDhcpOption                 
00000281  getDhcpState                  
000043c3  getEtherId                    
0000445d  getEtherMacAddress            
0000419d  getEtherPacket                
000045ed  getIpAddress                  
000048f1  getIpChecksum                 
00004749  getIpDnsAddress               
000046d5  getIpGatewayAddress           
00004835  getIpMqttBrokerAddress        
00004661  getIpSubnetMask               
000047bd  getIpTimeServerAddress        
00003c63  getPinValue                   
00003d19  getPortValue                  
0000581f  getSocketInfoFromArpResponse  
00005941  getSocketInfoFromTcpPacket    
00005897  getSocketInfoFromUdpPacket    
0000511d  getTcpState                   
00005a9d  getUdpData                    
00006d33  getcUart0                     
00000b41  handleDhcpAck                 
00004397  htonl                         
00004373  htons                         
200016da  hwAddress                     
000043cf  incEtherId                    
000074b5  initEeprom                    
00003fb3  initEther                     
00001165  initHw                        
00005715  initSockets                   
000065fd  initSpi0                      
00007ce1  initSystemClockTo40Mhz        
00004dc9  initTimer                     
00006c5d  initUart0                     
200016e0  ipAddress                     
200016c4  ipConflictDetected            
200016c5  ipConflictDetectionMode       
200016e4  ipDnsAddress                  
200016e8  ipGwAddress                   
200016ec  ipSubnetMask                  
200016f0  ipTimeServerAddress           
00005421  isArpRequest                  
000054c5  isArpResponse                 
00000adb  isDhcpAck                     
00000c05  isDhcpDiscoverNeeded          
00000fb3  isDhcpEnabled                 
00000467  isDhcpIpConflictDetectionMode 
00000a49  isDhcpOffer                   
00000c15  isDhcpReleaseNeeded           
00000c11  isDhcpRequestNeeded           
00000499  isDhcpResponse                
00004153  isEtherDataAvailable          
00004139  isEtherLinkUp                 
0000416d  isEtherOverflow               
000044bd  isIp                          
0000452d  isIpUnicast                   
0000458d  isIpValid                     
0000649b  isPingRequest                 
00005131  isTcp                         
000051a9  isTcpAck                      
00005377  isTcpPortOpen                 
0000515d  isTcpSyn                      
000059f5  isUdp                         
00006d47  kbhitUart0                    
00006ea9  ldexp                         
00006ea9  ldexpl                        
200016c8  leaseSeconds                  
200016cc  leaseT1                       
200016d4  leaseT2                       
00001d01  main                          
00007be9  memccpy                       
00007b59  memcmp                        
00007277  memcpy                        
00007541  memset                        
0000574d  newSocket                     
200016fc  nextPacketLsb                 
200016fd  nextPacketMsb                 
20001190  period                        
00000f39  processDhcpArpResponse        
00000de1  processDhcpResponse           
00001665  processShell                  
00005317  processTcpArpResponse         
000051ff  processTcpResponse            
00007b81  publishMqtt                   
0000428d  putEtherPacket                
00006ceb  putcUart0                     
00006d07  putsUart0                     
000050c3  random32                      
000014fb  readConfiguration             
000074fd  readEeprom                    
00003f9b  readEtherMem                  
00003eef  readEtherPhy                  
00003e01  readEtherReg                  
00006735  readSpi0Data                  
00000333  rebindDhcp                    
000003b5  releaseDhcp                   
200016c2  releaseNeeded                 
200015c8  reload                        
000002a1  renewDhcp                     
200016d0  renewRequestSent              
00000439  requestDhcpIpConflictTest     
0000029f  requestDhcpNewAddress         
200016c1  requestNeeded                 
00004fdb  restartTimer                  
00006ea9  scalbn                        
00006ea9  scalbnl                       
000037c7  selectPinAnalogInput          
00003779  selectPinDigitalInput         
00003ae3  selectPinInterruptBothEdges   
00003a93  selectPinInterruptFallingEdge 
00003b39  selectPinInterruptHighLevel   
00003b73  selectPinInterruptLowLevel    
00003a43  selectPinInterruptRisingEdge  
0000372b  selectPinOpenDrainOutput      
000036dd  selectPinPushPullOutput       
000055f7  sendArpRequest                
00005519  sendArpResponse               
00000655  sendDhcpMessage               
00000c55  sendDhcpPendingMessages       
000064df  sendPingRequest               
000064eb  sendPingResponse              
000053f9  sendTcpMessage                
000051f5  sendTcpPendingMessages        
000053e3  sendTcpResponse               
00005ac9  sendUdpMessage                
200016fe  sequenceId                    
0000026d  setDhcpState                  
00003e9b  setEtherBank                  
000043d9  setEtherMacAddress            
00003e33  setEtherReg                   
000045b3  setIpAddress                  
0000470f  setIpDnsAddress               
0000469b  setIpGatewayAddress           
000047f7  setIpMqttBrokerAddress        
00004627  setIpSubnetMask               
00004783  setIpTimeServerAddress        
00003931  setPinAuxFunction             
00003817  setPinCommitControl           
00003c19  setPinValue                   
00003ca1  setPortValue                  
00006699  setSpi0BaudRate               
000066cf  setSpi0Mode                   
00005321  setTcpPortList                
00005101  setTcpState                   
00006ca7  setUart0BaudRate              
0000790d  snprintf                      
200014b0  sockets                       
00007a65  sscanf                        
00003f89  startEtherMemRead             
00003f5b  startEtherMemWrite            
00004e69  startOneshotTimer             
00004eef  startPeriodicTimer            
00003fab  stopEtherMemRead              
00003f81  stopEtherMemWrite             
00004f75  stopTimer                     
2000162c  strInput                      
00007c7f  strchr                        
00007c4f  strcmp                        
00007c95  strcpy                        
00007ba1  strcspn                       
00007ca9  strlen                        
00007c67  strrchr                       
00007b2f  strspn                        
00004969  strtod                        
000079e5  strtok                        
00006b2d  strtol                        
00004969  strtold                       
00005f39  strtoll                       
00006fb9  strtoul                       
0000675d  strtoull                      
00007b8d  subscribeMqtt                 
0000487d  sumIpWords                    
20001700  tcpPortCount                  
200016a4  tcpPorts                      
200016b4  tcpState                      
00005049  tickIsr                       
20001320  ticks                         
00003c3f  togglePinValue                
200016b8  token                         
00007cf1  tolower                       
00007b97  unsubscribeMqtt               
00007bc5  waitMicrosecond               
00007ccf  wcslen                        
000074cb  writeEeprom                   
00003f6d  writeEtherMem                 
00003eb7  writeEtherPhy                 
00003dcd  writeEtherReg                 
0000671d  writeSpi0Data                 
200016bc  xid                           


GLOBAL SYMBOLS: SORTED BY Symbol Address 

address   name                          
-------   ----                          
00000000  __TI_static_base__            
00000000  g_pfnVectors                  
0000026d  setDhcpState                  
00000281  getDhcpState                  
00000287  callbackDhcpGetNewAddressTimer
0000029f  requestDhcpNewAddress         
000002a1  renewDhcp                     
0000030d  callbackDhcpT1PeriodicTimer   
0000030f  callbackDhcpT1HitTimer        
00000333  rebindDhcp                    
00000335  callbackDhcpT2PeriodicTimer   
00000337  callbackDhcpT2HitTimer        
0000035d  callbackDhcpLeaseEndTimer     
000003b5  releaseDhcp                   
000003f3  callbackDhcpIpConflictWindow  
00000439  requestDhcpIpConflictTest     
00000467  isDhcpIpConflictDetectionMode 
0000046d  getDhcpLeaseSeconds           
00000499  isDhcpResponse                
00000655  sendDhcpMessage               
000009dd  getDhcpOption                 
00000a49  isDhcpOffer                   
00000adb  isDhcpAck                     
00000b41  handleDhcpAck                 
00000c05  isDhcpDiscoverNeeded          
00000c11  isDhcpRequestNeeded           
00000c15  isDhcpReleaseNeeded           
00000c55  sendDhcpPendingMessages       
00000de1  processDhcpResponse           
00000f39  processDhcpArpResponse        
00000f71  enableDhcp                    
00000fa5  disableDhcp                   
00000fb3  isDhcpEnabled                 
00001000  __STACK_SIZE                  
00001165  initHw                        
000011a5  displayConnectionInfo         
000014fb  readConfiguration             
000015bb  asciiToUint8                  
00001665  processShell                  
00001d01  main                          
00001f15  Timer4A_Handler               
0000203d  __TI_scanfi                   
00002b51  __TI_printfi                  
0000359f  __aeabi_idiv0                 
0000359f  __aeabi_ldiv0                 
000035a1  enablePort                    
0000365d  disablePort                   
000036dd  selectPinPushPullOutput       
0000372b  selectPinOpenDrainOutput      
00003779  selectPinDigitalInput         
000037c7  selectPinAnalogInput          
00003817  setPinCommitControl           
00003893  enablePinPullup               
000038c1  disablePinPullup              
000038e5  enablePinPulldown             
00003909  disablePinPulldown            
00003931  setPinAuxFunction             
00003a43  selectPinInterruptRisingEdge  
00003a93  selectPinInterruptFallingEdge 
00003ae3  selectPinInterruptBothEdges   
00003b39  selectPinInterruptHighLevel   
00003b73  selectPinInterruptLowLevel    
00003bad  enablePinInterrupt            
00003bd1  disablePinInterrupt           
00003bf5  clearPinInterrupt             
00003c19  setPinValue                   
00003c3f  togglePinValue                
00003c63  getPinValue                   
00003ca1  setPortValue                  
00003d19  getPortValue                  
00003da9  enableEtherCs                 
00003dbf  disableEtherCs                
00003dcd  writeEtherReg                 
00003e01  readEtherReg                  
00003e33  setEtherReg                   
00003e67  clearEtherReg                 
00003e9b  setEtherBank                  
00003eb7  writeEtherPhy                 
00003eef  readEtherPhy                  
00003f5b  startEtherMemWrite            
00003f6d  writeEtherMem                 
00003f81  stopEtherMemWrite             
00003f89  startEtherMemRead             
00003f9b  readEtherMem                  
00003fab  stopEtherMemRead              
00003fb3  initEther                     
00004139  isEtherLinkUp                 
00004153  isEtherDataAvailable          
0000416d  isEtherOverflow               
0000419d  getEtherPacket                
0000428d  putEtherPacket                
00004373  htons                         
00004397  htonl                         
000043c3  getEtherId                    
000043cf  incEtherId                    
000043d9  setEtherMacAddress            
0000445d  getEtherMacAddress            
000044bd  isIp                          
0000452d  isIpUnicast                   
0000458d  isIpValid                     
000045b3  setIpAddress                  
000045ed  getIpAddress                  
00004627  setIpSubnetMask               
00004661  getIpSubnetMask               
0000469b  setIpGatewayAddress           
000046d5  getIpGatewayAddress           
0000470f  setIpDnsAddress               
00004749  getIpDnsAddress               
00004783  setIpTimeServerAddress        
000047bd  getIpTimeServerAddress        
000047f7  setIpMqttBrokerAddress        
00004835  getIpMqttBrokerAddress        
0000487d  sumIpWords                    
000048f1  getIpChecksum                 
00004923  calcIpChecksum                
00004969  strtod                        
00004969  strtold                       
00004dc9  initTimer                     
00004e69  startOneshotTimer             
00004eef  startPeriodicTimer            
00004f75  stopTimer                     
00004fdb  restartTimer                  
00005049  tickIsr                       
000050c3  random32                      
00005101  setTcpState                   
0000511d  getTcpState                   
00005131  isTcp                         
0000515d  isTcpSyn                      
000051a9  isTcpAck                      
000051f5  sendTcpPendingMessages        
000051ff  processTcpResponse            
00005317  processTcpArpResponse         
00005321  setTcpPortList                
00005377  isTcpPortOpen                 
000053e3  sendTcpResponse               
000053f9  sendTcpMessage                
00005421  isArpRequest                  
000054c5  isArpResponse                 
00005519  sendArpResponse               
000055f7  sendArpRequest                
00005715  initSockets                   
0000574d  newSocket                     
000057b7  deleteSocket                  
0000581f  getSocketInfoFromArpResponse  
00005897  getSocketInfoFromUdpPacket    
00005941  getSocketInfoFromTcpPacket    
000059f5  isUdp                         
00005a9d  getUdpData                    
00005ac9  sendUdpMessage                
00005f39  strtoll                       
000062e5  __aeabi_dsub                  
000062ef  __aeabi_dadd                  
0000649b  isPingRequest                 
000064df  sendPingRequest               
000064eb  sendPingResponse              
000065fd  initSpi0                      
00006699  setSpi0BaudRate               
000066cf  setSpi0Mode                   
0000671d  writeSpi0Data                 
00006735  readSpi0Data                  
0000675d  strtoull                      
000069f5  __aeabi_ddiv                  
00006b2d  strtol                        
00006c5d  initUart0                     
00006ca7  setUart0BaudRate              
00006ceb  putcUart0                     
00006d07  putsUart0                     
00006d33  getcUart0                     
00006d47  kbhitUart0                    
00006ea9  ldexp                         
00006ea9  ldexpl                        
00006ea9  scalbn                        
00006ea9  scalbnl                       
00006fb9  strtoul                       
000070c9  __aeabi_dmul                  
00007277  __aeabi_memcpy                
00007277  __aeabi_memcpy4               
00007277  __aeabi_memcpy8               
00007277  memcpy                        
00007313  __aeabi_uldivmod              
000073a9  __aeabi_cdcmpeq               
000073a9  __aeabi_cdcmple               
0000742f  __aeabi_cdrcmple              
000074b5  initEeprom                    
000074cb  writeEeprom                   
000074fd  readEeprom                    
00007539  __aeabi_memclr                
00007539  __aeabi_memclr4               
00007539  __aeabi_memclr8               
0000753b  __aeabi_memset                
0000753b  __aeabi_memset4               
0000753b  __aeabi_memset8               
00007541  memset                        
00007621  __aeabi_d2f                   
000076f9  __TI_decompress_lzss          
00007761  frexp                         
00007761  frexpl                        
0000781b  __TI_ltoa                     
000078c1  atoi                          
0000790d  snprintf                      
00007959  __aeabi_d2iz                  
000079a1  __TI_auto_init_nobinit_nopinit
000079e5  strtok                        
00007a65  sscanf                        
00007a9d  _c_int00_noargs               
00007b01  __aeabi_i2d                   
00007b2f  strspn                        
00007b59  memcmp                        
00007b7d  connectMqtt                   
00007b7f  disconnectMqtt                
00007b81  publishMqtt                   
00007b8d  subscribeMqtt                 
00007b97  unsubscribeMqtt               
00007ba1  strcspn                       
00007bc5  waitMicrosecond               
00007be9  memccpy                       
00007c05  copysign                      
00007c05  copysignl                     
00007c37  __aeabi_lmul                  
00007c4f  strcmp                        
00007c67  strrchr                       
00007c7f  strchr                        
00007c95  strcpy                        
00007ca9  strlen                        
00007ccf  wcslen                        
00007ce1  initSystemClockTo40Mhz        
00007cf1  tolower                       
00007d01  __TI_decompress_none          
00007d0f  __TI_zero_init                
00007d1b  ResetISR                      
00007d29  __aeabi_errno_addr            
00007d39  _system_pre_init              
00007d3d  C$$EXIT                       
00007d3d  abort                         
00007d40  _ctypes_                      
00007f40  __TI_Handler_Table_Base       
00007f4c  __TI_Handler_Table_Limit      
00007f58  __TI_CINIT_Base               
00007f68  __TI_CINIT_Limit              
20000000  __stack                       
20000000  __start___llvm_prf_cnts       
20000000  __stop___llvm_prf_cnts        
20000200  __STACK_TOP                   
20001000  __STACK_END                   
20001000  fn                            
20001190  period                        
20001320  ticks                         
200014b0  sockets                       
200015c8  reload                        
2000162c  strInput                      
2000169c  dhcpServerHwAddress           
200016a4  tcpPorts                      
200016ac  dhcpOfferedIpAdd              
200016b0  dhcpServerIpAdd               
200016b4  tcpState                      
200016b8  token                         
200016bc  xid                           
200016c0  discoverNeeded                
200016c1  requestNeeded                 
200016c2  releaseNeeded                 
200016c3  arpRequestSent                
200016c4  ipConflictDetected            
200016c5  ipConflictDetectionMode       
200016c8  leaseSeconds                  
200016cc  leaseT1                       
200016d0  renewRequestSent              
200016d4  leaseT2                       
200016d8  dhcpState                     
200016d9  dhcpEnabled                   
200016da  hwAddress                     
200016e0  ipAddress                     
200016e4  ipDnsAddress                  
200016e8  ipGwAddress                   
200016ec  ipSubnetMask                  
200016f0  ipTimeServerAddress           
200016f4  errno                         
200016fc  nextPacketLsb                 
200016fd  nextPacketMsb                 
200016fe  sequenceId                    
200016ff  count                         
20001700  tcpPortCount                  
ffffffff  __TI_pprof_out_hndl           
ffffffff  __TI_prof_data_size           
ffffffff  __TI_prof_data_start          
ffffffff  __binit__                     
ffffffff  __c_args__                    
ffffffff  binit                         
UNDEFED   __mpu_init                    
UNDEFED   _system_post_cinit            

[289 symbols]
